
===========================================================================
report_checks -unconstrained
============================================================================
Startpoint: b[0] (input port clocked by clk)
Endpoint: sum[15] (output port clocked by clk)
Path Group: clk
Path Type: max

Fanout     Cap    Slew   Delay    Time   Description
-----------------------------------------------------------------------------
                  0.00    0.00    0.00   clock clk (rise edge)
                          0.00    0.00   clock network delay (ideal)
                          0.00    0.00 v input external delay
                  0.01    0.01    0.01 v b[0] (in)
     1    0.01                           b[0] (net)
                  0.01    0.00    0.01 v input17/A (sky130_fd_sc_hd__clkbuf_1)
                  0.05    0.10    0.11 v input17/X (sky130_fd_sc_hd__clkbuf_1)
     2    0.01                           net17 (net)
                  0.05    0.00    0.11 v _075_/A (sky130_fd_sc_hd__or2_1)
                  0.07    0.25    0.36 v _075_/X (sky130_fd_sc_hd__or2_1)
     2    0.01                           _034_ (net)
                  0.07    0.00    0.36 v _079_/A2 (sky130_fd_sc_hd__a21bo_1)
                  0.09    0.26    0.62 v _079_/X (sky130_fd_sc_hd__a21bo_1)
     3    0.02                           _037_ (net)
                  0.09    0.00    0.62 v _094_/A1 (sky130_fd_sc_hd__a31o_1)
                  0.09    0.26    0.88 v _094_/X (sky130_fd_sc_hd__a31o_1)
     3    0.02                           _050_ (net)
                  0.09    0.00    0.88 v _116_/A1 (sky130_fd_sc_hd__a21o_2)
                  0.09    0.28    1.16 v _116_/X (sky130_fd_sc_hd__a21o_2)
     3    0.03                           _068_ (net)
                  0.09    0.00    1.16 v _139_/A1 (sky130_fd_sc_hd__a21oi_4)
                  0.22    0.24    1.40 ^ _139_/Y (sky130_fd_sc_hd__a21oi_4)
     3    0.03                           _012_ (net)
                  0.22    0.00    1.40 ^ _152_/A1 (sky130_fd_sc_hd__o31ai_4)
                  0.10    0.12    1.52 v _152_/Y (sky130_fd_sc_hd__o31ai_4)
     3    0.01                           _023_ (net)
                  0.10    0.00    1.52 v _164_/A2 (sky130_fd_sc_hd__a31o_1)
                  0.08    0.28    1.81 v _164_/X (sky130_fd_sc_hd__a31o_1)
     2    0.01                           _033_ (net)
                  0.08    0.00    1.81 v _165_/B (sky130_fd_sc_hd__xnor2_2)
                  0.20    0.21    2.02 ^ _165_/Y (sky130_fd_sc_hd__xnor2_2)
     1    0.01                           net41 (net)
                  0.20    0.00    2.02 ^ output41/A (sky130_fd_sc_hd__buf_2)
                  0.18    0.26    2.28 ^ output41/X (sky130_fd_sc_hd__buf_2)
     1    0.03                           sum[15] (net)
                  0.18    0.00    2.28 ^ sum[15] (out)
                                  2.28   data arrival time

                  0.00    4.50    4.50   clock clk (rise edge)
                          0.00    4.50   clock network delay (ideal)
                         -0.25    4.25   clock uncertainty
                          0.00    4.25   clock reconvergence pessimism
                          0.00    4.25   output external delay
                                  4.25   data required time
-----------------------------------------------------------------------------
                                  4.25   data required time
                                 -2.28   data arrival time
-----------------------------------------------------------------------------
                                  1.97   slack (MET)



===========================================================================
report_checks --slack_max -0.01
============================================================================
No paths found.
