
===========================================================================
report_checks -path_delay min (Hold)
============================================================================
Startpoint: cin (input port clocked by clk)
Endpoint: sum[0] (output port clocked by clk)
Path Group: clk
Path Type: min

Fanout     Cap    Slew   Delay    Time   Description
-----------------------------------------------------------------------------
                  0.00    0.00    0.00   clock clk (rise edge)
                          0.00    0.00   clock network delay (ideal)
                          0.00    0.00 ^ input external delay
                  0.02    0.01    0.01 ^ cin (in)
     1    0.00                           cin (net)
                  0.02    0.00    0.01 ^ input17/A (sky130_fd_sc_hd__clkbuf_1)
                  0.14    0.13    0.15 ^ input17/X (sky130_fd_sc_hd__clkbuf_1)
     2    0.01                           net17 (net)
                  0.14    0.00    0.15 ^ _76_/A (sky130_fd_sc_hd__xnor2_1)
                  0.04    0.09    0.24 v _76_/Y (sky130_fd_sc_hd__xnor2_1)
     1    0.00                           net19 (net)
                  0.04    0.00    0.24 v output19/A (sky130_fd_sc_hd__buf_2)
                  0.09    0.17    0.41 v output19/X (sky130_fd_sc_hd__buf_2)
     1    0.03                           sum[0] (net)
                  0.09    0.00    0.41 v sum[0] (out)
                                  0.41   data arrival time

                  0.00    0.00    0.00   clock clk (rise edge)
                          0.00    0.00   clock network delay (ideal)
                          0.25    0.25   clock uncertainty
                          0.00    0.25   clock reconvergence pessimism
                          0.00    0.25   output external delay
                                  0.25   data required time
-----------------------------------------------------------------------------
                                  0.25   data required time
                                 -0.41   data arrival time
-----------------------------------------------------------------------------
                                  0.16   slack (MET)


Startpoint: a[7] (input port clocked by clk)
Endpoint: sum[7] (output port clocked by clk)
Path Group: clk
Path Type: min

Fanout     Cap    Slew   Delay    Time   Description
-----------------------------------------------------------------------------
                  0.00    0.00    0.00   clock clk (rise edge)
                          0.00    0.00   clock network delay (ideal)
                          0.00    0.00 ^ input external delay
                  0.02    0.01    0.01 ^ a[7] (in)
     1    0.00                           a[7] (net)
                  0.02    0.00    0.01 ^ input8/A (sky130_fd_sc_hd__clkbuf_1)
                  0.08    0.09    0.11 ^ input8/X (sky130_fd_sc_hd__clkbuf_1)
     2    0.01                           net8 (net)
                  0.08    0.00    0.11 ^ _68_/B (sky130_fd_sc_hd__nand2_1)
                  0.05    0.07    0.17 v _68_/Y (sky130_fd_sc_hd__nand2_1)
     2    0.01                           _29_ (net)
                  0.05    0.00    0.17 v _70_/A (sky130_fd_sc_hd__nand2_1)
                  0.06    0.07    0.24 ^ _70_/Y (sky130_fd_sc_hd__nand2_1)
     1    0.01                           _31_ (net)
                  0.06    0.00    0.24 ^ _73_/A (sky130_fd_sc_hd__xnor2_1)
                  0.04    0.07    0.31 v _73_/Y (sky130_fd_sc_hd__xnor2_1)
     1    0.00                           net26 (net)
                  0.04    0.00    0.31 v output26/A (sky130_fd_sc_hd__buf_2)
                  0.09    0.17    0.48 v output26/X (sky130_fd_sc_hd__buf_2)
     1    0.03                           sum[7] (net)
                  0.09    0.00    0.48 v sum[7] (out)
                                  0.48   data arrival time

                  0.00    0.00    0.00   clock clk (rise edge)
                          0.00    0.00   clock network delay (ideal)
                          0.25    0.25   clock uncertainty
                          0.00    0.25   clock reconvergence pessimism
                          0.00    0.25   output external delay
                                  0.25   data required time
-----------------------------------------------------------------------------
                                  0.25   data required time
                                 -0.48   data arrival time
-----------------------------------------------------------------------------
                                  0.23   slack (MET)


Startpoint: a[4] (input port clocked by clk)
Endpoint: sum[4] (output port clocked by clk)
Path Group: clk
Path Type: min

Fanout     Cap    Slew   Delay    Time   Description
-----------------------------------------------------------------------------
                  0.00    0.00    0.00   clock clk (rise edge)
                          0.00    0.00   clock network delay (ideal)
                          0.00    0.00 ^ input external delay
                  0.02    0.01    0.01 ^ a[4] (in)
     1    0.00                           a[4] (net)
                  0.02    0.00    0.01 ^ input5/A (sky130_fd_sc_hd__clkbuf_2)
                  0.10    0.13    0.14 ^ input5/X (sky130_fd_sc_hd__clkbuf_2)
     3    0.02                           net5 (net)
                  0.10    0.00    0.14 ^ _36_/B (sky130_fd_sc_hd__xor2_2)
                  0.05    0.09    0.24 v _36_/X (sky130_fd_sc_hd__xor2_2)
     3    0.01                           _00_ (net)
                  0.05    0.00    0.24 v _53_/A (sky130_fd_sc_hd__xnor2_1)
                  0.05    0.13    0.37 v _53_/Y (sky130_fd_sc_hd__xnor2_1)
     1    0.01                           net23 (net)
                  0.05    0.00    0.37 v output23/A (sky130_fd_sc_hd__buf_2)
                  0.09    0.18    0.54 v output23/X (sky130_fd_sc_hd__buf_2)
     1    0.03                           sum[4] (net)
                  0.09    0.00    0.54 v sum[4] (out)
                                  0.54   data arrival time

                  0.00    0.00    0.00   clock clk (rise edge)
                          0.00    0.00   clock network delay (ideal)
                          0.25    0.25   clock uncertainty
                          0.00    0.25   clock reconvergence pessimism
                          0.00    0.25   output external delay
                                  0.25   data required time
-----------------------------------------------------------------------------
                                  0.25   data required time
                                 -0.54   data arrival time
-----------------------------------------------------------------------------
                                  0.29   slack (MET)


Startpoint: a[7] (input port clocked by clk)
Endpoint: cout (output port clocked by clk)
Path Group: clk
Path Type: min

Fanout     Cap    Slew   Delay    Time   Description
-----------------------------------------------------------------------------
                  0.00    0.00    0.00   clock clk (rise edge)
                          0.00    0.00   clock network delay (ideal)
                          0.00    0.00 v input external delay
                  0.01    0.01    0.01 v a[7] (in)
     1    0.00                           a[7] (net)
                  0.01    0.00    0.01 v input8/A (sky130_fd_sc_hd__clkbuf_1)
                  0.04    0.08    0.09 v input8/X (sky130_fd_sc_hd__clkbuf_1)
     2    0.01                           net8 (net)
                  0.04    0.00    0.09 v _68_/B (sky130_fd_sc_hd__nand2_1)
                  0.06    0.07    0.16 ^ _68_/Y (sky130_fd_sc_hd__nand2_1)
     2    0.01                           _29_ (net)
                  0.06    0.00    0.16 ^ _74_/B1_N (sky130_fd_sc_hd__a21bo_1)
                  0.06    0.21    0.37 v _74_/X (sky130_fd_sc_hd__a21bo_1)
     1    0.01                           net18 (net)
                  0.06    0.00    0.37 v output18/A (sky130_fd_sc_hd__buf_2)
                  0.09    0.18    0.55 v output18/X (sky130_fd_sc_hd__buf_2)
     1    0.03                           cout (net)
                  0.09    0.00    0.55 v cout (out)
                                  0.55   data arrival time

                  0.00    0.00    0.00   clock clk (rise edge)
                          0.00    0.00   clock network delay (ideal)
                          0.25    0.25   clock uncertainty
                          0.00    0.25   clock reconvergence pessimism
                          0.00    0.25   output external delay
                                  0.25   data required time
-----------------------------------------------------------------------------
                                  0.25   data required time
                                 -0.55   data arrival time
-----------------------------------------------------------------------------
                                  0.30   slack (MET)


Startpoint: a[6] (input port clocked by clk)
Endpoint: sum[6] (output port clocked by clk)
Path Group: clk
Path Type: min

Fanout     Cap    Slew   Delay    Time   Description
-----------------------------------------------------------------------------
                  0.00    0.00    0.00   clock clk (rise edge)
                          0.00    0.00   clock network delay (ideal)
                          0.00    0.00 v input external delay
                  0.01    0.00    0.00 v a[6] (in)
     1    0.00                           a[6] (net)
                  0.01    0.00    0.00 v input7/A (sky130_fd_sc_hd__clkbuf_1)
                  0.05    0.09    0.09 v input7/X (sky130_fd_sc_hd__clkbuf_1)
     3    0.01                           net7 (net)
                  0.05    0.00    0.09 v _61_/B (sky130_fd_sc_hd__nor2_1)
                  0.10    0.09    0.19 ^ _61_/Y (sky130_fd_sc_hd__nor2_1)
     1    0.00                           _23_ (net)
                  0.10    0.00    0.19 ^ _63_/A (sky130_fd_sc_hd__nor2_1)
                  0.05    0.07    0.26 v _63_/Y (sky130_fd_sc_hd__nor2_1)
     2    0.01                           _25_ (net)
                  0.05    0.00    0.26 v _67_/A (sky130_fd_sc_hd__xnor2_1)
                  0.04    0.12    0.38 v _67_/Y (sky130_fd_sc_hd__xnor2_1)
     1    0.00                           net25 (net)
                  0.04    0.00    0.38 v output25/A (sky130_fd_sc_hd__buf_2)
                  0.09    0.17    0.55 v output25/X (sky130_fd_sc_hd__buf_2)
     1    0.03                           sum[6] (net)
                  0.09    0.00    0.56 v sum[6] (out)
                                  0.56   data arrival time

                  0.00    0.00    0.00   clock clk (rise edge)
                          0.00    0.00   clock network delay (ideal)
                          0.25    0.25   clock uncertainty
                          0.00    0.25   clock reconvergence pessimism
                          0.00    0.25   output external delay
                                  0.25   data required time
-----------------------------------------------------------------------------
                                  0.25   data required time
                                 -0.56   data arrival time
-----------------------------------------------------------------------------
                                  0.31   slack (MET)


