
===========================================================================
report_checks -path_delay max (Setup)
============================================================================
Startpoint: b[1] (input port clocked by clk)
Endpoint: sum[15] (output port clocked by clk)
Path Group: clk
Path Type: max

Fanout     Cap    Slew   Delay    Time   Description
-----------------------------------------------------------------------------
                  0.00    0.00    0.00   clock clk (rise edge)
                          0.00    0.00   clock network delay (ideal)
                          0.00    0.00 ^ input external delay
                  0.02    0.01    0.01 ^ b[1] (in)
     1    0.00                           b[1] (net)
                  0.02    0.00    0.01 ^ input24/A (sky130_fd_sc_hd__dlymetal6s2s_1)
                  0.18    0.18    0.20 ^ input24/X (sky130_fd_sc_hd__dlymetal6s2s_1)
     2    0.02                           net24 (net)
                  0.18    0.00    0.20 ^ ppa_pre_2_0.U1.xor2/B (sky130_fd_sc_hd__xor2_1)
                  0.25    0.27    0.47 ^ ppa_pre_2_0.U1.xor2/X (sky130_fd_sc_hd__xor2_1)
     3    0.01                           ppa_black_3_1.U1.B (net)
                  0.25    0.00    0.47 ^ ppa_black_3_1.U1.and2/B (sky130_fd_sc_hd__and2_1)
                  0.06    0.18    0.65 ^ ppa_black_3_1.U1.and2/X (sky130_fd_sc_hd__and2_1)
     1    0.00                           ppa_black_3_1.U1.Y (net)
                  0.06    0.00    0.65 ^ ppa_grey_3_2.U1.ao21/A2 (sky130_fd_sc_hd__a21o_1)
                  0.18    0.22    0.87 ^ ppa_grey_3_2.U1.ao21/X (sky130_fd_sc_hd__a21o_1)
     5    0.02                           ppa_grey_3_2.U1.Y (net)
                  0.18    0.00    0.87 ^ ppa_grey_7_3.U1.ao21/A1 (sky130_fd_sc_hd__a21o_2)
                  0.19    0.28    1.16 ^ ppa_grey_7_3.U1.ao21/X (sky130_fd_sc_hd__a21o_2)
     9    0.04                           ppa_grey_10_4.U1.A0 (net)
                  0.19    0.00    1.16 ^ ppa_grey_15_4.U1.ao21/A1 (sky130_fd_sc_hd__a21o_1)
                  0.09    0.18    1.34 ^ ppa_grey_15_4.U1.ao21/X (sky130_fd_sc_hd__a21o_1)
     2    0.01                           ppa_grey_15_4.U1.Y (net)
                  0.09    0.00    1.34 ^ ppa_post_15_5.U1.xor2/B (sky130_fd_sc_hd__xor2_1)
                  0.11    0.15    1.49 ^ ppa_post_15_5.U1.xor2/X (sky130_fd_sc_hd__xor2_1)
     1    0.00                           ppa_post_15_5.U1.Y (net)
                  0.11    0.00    1.49 ^ _15_/A (sky130_fd_sc_hd__clkbuf_2)
                  0.07    0.16    1.65 ^ _15_/X (sky130_fd_sc_hd__clkbuf_2)
     1    0.01                           net41 (net)
                  0.07    0.00    1.65 ^ output41/A (sky130_fd_sc_hd__buf_2)
                  0.18    0.22    1.87 ^ output41/X (sky130_fd_sc_hd__buf_2)
     1    0.03                           sum[15] (net)
                  0.18    0.00    1.87 ^ sum[15] (out)
                                  1.87   data arrival time

                  0.00    1.25    1.25   clock clk (rise edge)
                          0.00    1.25   clock network delay (ideal)
                         -0.25    1.00   clock uncertainty
                          0.00    1.00   clock reconvergence pessimism
                          0.00    1.00   output external delay
                                  1.00   data required time
-----------------------------------------------------------------------------
                                  1.00   data required time
                                 -1.87   data arrival time
-----------------------------------------------------------------------------
                                 -0.87   slack (VIOLATED)


Startpoint: b[1] (input port clocked by clk)
Endpoint: sum[13] (output port clocked by clk)
Path Group: clk
Path Type: max

Fanout     Cap    Slew   Delay    Time   Description
-----------------------------------------------------------------------------
                  0.00    0.00    0.00   clock clk (rise edge)
                          0.00    0.00   clock network delay (ideal)
                          0.00    0.00 ^ input external delay
                  0.02    0.01    0.01 ^ b[1] (in)
     1    0.00                           b[1] (net)
                  0.02    0.00    0.01 ^ input24/A (sky130_fd_sc_hd__dlymetal6s2s_1)
                  0.18    0.18    0.20 ^ input24/X (sky130_fd_sc_hd__dlymetal6s2s_1)
     2    0.02                           net24 (net)
                  0.18    0.00    0.20 ^ ppa_pre_2_0.U1.xor2/B (sky130_fd_sc_hd__xor2_1)
                  0.25    0.27    0.47 ^ ppa_pre_2_0.U1.xor2/X (sky130_fd_sc_hd__xor2_1)
     3    0.01                           ppa_black_3_1.U1.B (net)
                  0.25    0.00    0.47 ^ ppa_black_3_1.U1.and2/B (sky130_fd_sc_hd__and2_1)
                  0.06    0.18    0.65 ^ ppa_black_3_1.U1.and2/X (sky130_fd_sc_hd__and2_1)
     1    0.00                           ppa_black_3_1.U1.Y (net)
                  0.06    0.00    0.65 ^ ppa_grey_3_2.U1.ao21/A2 (sky130_fd_sc_hd__a21o_1)
                  0.18    0.22    0.87 ^ ppa_grey_3_2.U1.ao21/X (sky130_fd_sc_hd__a21o_1)
     5    0.02                           ppa_grey_3_2.U1.Y (net)
                  0.18    0.00    0.87 ^ ppa_grey_7_3.U1.ao21/A1 (sky130_fd_sc_hd__a21o_2)
                  0.19    0.28    1.16 ^ ppa_grey_7_3.U1.ao21/X (sky130_fd_sc_hd__a21o_2)
     9    0.04                           ppa_grey_10_4.U1.A0 (net)
                  0.19    0.00    1.16 ^ ppa_grey_13_4.U1.ao21/A1 (sky130_fd_sc_hd__a21o_1)
                  0.06    0.16    1.32 ^ ppa_grey_13_4.U1.ao21/X (sky130_fd_sc_hd__a21o_1)
     1    0.01                           ppa_grey_13_4.U1.Y (net)
                  0.06    0.00    1.32 ^ ppa_post_13_5.U1.xor2/B (sky130_fd_sc_hd__xor2_1)
                  0.15    0.18    1.51 ^ ppa_post_13_5.U1.xor2/X (sky130_fd_sc_hd__xor2_1)
     1    0.01                           ppa_post_13_5.U1.Y (net)
                  0.15    0.00    1.51 ^ _13_/A (sky130_fd_sc_hd__clkbuf_1)
                  0.07    0.13    1.64 ^ _13_/X (sky130_fd_sc_hd__clkbuf_1)
     1    0.01                           net39 (net)
                  0.07    0.00    1.64 ^ output39/A (sky130_fd_sc_hd__buf_2)
                  0.18    0.22    1.86 ^ output39/X (sky130_fd_sc_hd__buf_2)
     1    0.03                           sum[13] (net)
                  0.18    0.00    1.86 ^ sum[13] (out)
                                  1.86   data arrival time

                  0.00    1.25    1.25   clock clk (rise edge)
                          0.00    1.25   clock network delay (ideal)
                         -0.25    1.00   clock uncertainty
                          0.00    1.00   clock reconvergence pessimism
                          0.00    1.00   output external delay
                                  1.00   data required time
-----------------------------------------------------------------------------
                                  1.00   data required time
                                 -1.86   data arrival time
-----------------------------------------------------------------------------
                                 -0.86   slack (VIOLATED)


Startpoint: b[1] (input port clocked by clk)
Endpoint: sum[11] (output port clocked by clk)
Path Group: clk
Path Type: max

Fanout     Cap    Slew   Delay    Time   Description
-----------------------------------------------------------------------------
                  0.00    0.00    0.00   clock clk (rise edge)
                          0.00    0.00   clock network delay (ideal)
                          0.00    0.00 ^ input external delay
                  0.02    0.01    0.01 ^ b[1] (in)
     1    0.00                           b[1] (net)
                  0.02    0.00    0.01 ^ input24/A (sky130_fd_sc_hd__dlymetal6s2s_1)
                  0.18    0.18    0.20 ^ input24/X (sky130_fd_sc_hd__dlymetal6s2s_1)
     2    0.02                           net24 (net)
                  0.18    0.00    0.20 ^ ppa_pre_2_0.U1.xor2/B (sky130_fd_sc_hd__xor2_1)
                  0.25    0.27    0.47 ^ ppa_pre_2_0.U1.xor2/X (sky130_fd_sc_hd__xor2_1)
     3    0.01                           ppa_black_3_1.U1.B (net)
                  0.25    0.00    0.47 ^ ppa_black_3_1.U1.and2/B (sky130_fd_sc_hd__and2_1)
                  0.06    0.18    0.65 ^ ppa_black_3_1.U1.and2/X (sky130_fd_sc_hd__and2_1)
     1    0.00                           ppa_black_3_1.U1.Y (net)
                  0.06    0.00    0.65 ^ ppa_grey_3_2.U1.ao21/A2 (sky130_fd_sc_hd__a21o_1)
                  0.18    0.22    0.87 ^ ppa_grey_3_2.U1.ao21/X (sky130_fd_sc_hd__a21o_1)
     5    0.02                           ppa_grey_3_2.U1.Y (net)
                  0.18    0.00    0.87 ^ ppa_grey_7_3.U1.ao21/A1 (sky130_fd_sc_hd__a21o_2)
                  0.19    0.28    1.16 ^ ppa_grey_7_3.U1.ao21/X (sky130_fd_sc_hd__a21o_2)
     9    0.04                           ppa_grey_10_4.U1.A0 (net)
                  0.19    0.00    1.16 ^ ppa_grey_11_4.U1.ao21/A1 (sky130_fd_sc_hd__a21o_1)
                  0.06    0.16    1.32 ^ ppa_grey_11_4.U1.ao21/X (sky130_fd_sc_hd__a21o_1)
     1    0.01                           ppa_grey_11_4.U1.Y (net)
                  0.06    0.00    1.32 ^ ppa_post_11_5.U1.xor2/B (sky130_fd_sc_hd__xor2_1)
                  0.13    0.16    1.48 ^ ppa_post_11_5.U1.xor2/X (sky130_fd_sc_hd__xor2_1)
     1    0.00                           ppa_post_11_5.U1.Y (net)
                  0.13    0.00    1.48 ^ _11_/A (sky130_fd_sc_hd__clkbuf_1)
                  0.09    0.14    1.63 ^ _11_/X (sky130_fd_sc_hd__clkbuf_1)
     1    0.01                           net37 (net)
                  0.09    0.00    1.63 ^ output37/A (sky130_fd_sc_hd__buf_2)
                  0.17    0.23    1.86 ^ output37/X (sky130_fd_sc_hd__buf_2)
     1    0.03                           sum[11] (net)
                  0.17    0.00    1.86 ^ sum[11] (out)
                                  1.86   data arrival time

                  0.00    1.25    1.25   clock clk (rise edge)
                          0.00    1.25   clock network delay (ideal)
                         -0.25    1.00   clock uncertainty
                          0.00    1.00   clock reconvergence pessimism
                          0.00    1.00   output external delay
                                  1.00   data required time
-----------------------------------------------------------------------------
                                  1.00   data required time
                                 -1.86   data arrival time
-----------------------------------------------------------------------------
                                 -0.86   slack (VIOLATED)


Startpoint: b[1] (input port clocked by clk)
Endpoint: sum[8] (output port clocked by clk)
Path Group: clk
Path Type: max

Fanout     Cap    Slew   Delay    Time   Description
-----------------------------------------------------------------------------
                  0.00    0.00    0.00   clock clk (rise edge)
                          0.00    0.00   clock network delay (ideal)
                          0.00    0.00 ^ input external delay
                  0.02    0.01    0.01 ^ b[1] (in)
     1    0.00                           b[1] (net)
                  0.02    0.00    0.01 ^ input24/A (sky130_fd_sc_hd__dlymetal6s2s_1)
                  0.18    0.18    0.20 ^ input24/X (sky130_fd_sc_hd__dlymetal6s2s_1)
     2    0.02                           net24 (net)
                  0.18    0.00    0.20 ^ ppa_pre_2_0.U1.xor2/B (sky130_fd_sc_hd__xor2_1)
                  0.25    0.27    0.47 ^ ppa_pre_2_0.U1.xor2/X (sky130_fd_sc_hd__xor2_1)
     3    0.01                           ppa_black_3_1.U1.B (net)
                  0.25    0.00    0.47 ^ ppa_black_3_1.U1.and2/B (sky130_fd_sc_hd__and2_1)
                  0.06    0.18    0.65 ^ ppa_black_3_1.U1.and2/X (sky130_fd_sc_hd__and2_1)
     1    0.00                           ppa_black_3_1.U1.Y (net)
                  0.06    0.00    0.65 ^ ppa_grey_3_2.U1.ao21/A2 (sky130_fd_sc_hd__a21o_1)
                  0.18    0.22    0.87 ^ ppa_grey_3_2.U1.ao21/X (sky130_fd_sc_hd__a21o_1)
     5    0.02                           ppa_grey_3_2.U1.Y (net)
                  0.18    0.00    0.87 ^ ppa_grey_7_3.U1.ao21/A1 (sky130_fd_sc_hd__a21o_2)
                  0.19    0.28    1.16 ^ ppa_grey_7_3.U1.ao21/X (sky130_fd_sc_hd__a21o_2)
     9    0.04                           ppa_grey_10_4.U1.A0 (net)
                  0.19    0.00    1.16 ^ ppa_grey_8_4.U1.ao21/A1 (sky130_fd_sc_hd__a21o_1)
                  0.06    0.17    1.32 ^ ppa_grey_8_4.U1.ao21/X (sky130_fd_sc_hd__a21o_1)
     1    0.01                           ppa_grey_8_4.U1.Y (net)
                  0.06    0.00    1.32 ^ ppa_post_8_5.U1.xor2/B (sky130_fd_sc_hd__xor2_1)
                  0.18    0.20    1.53 ^ ppa_post_8_5.U1.xor2/X (sky130_fd_sc_hd__xor2_1)
     1    0.01                           ppa_post_8_5.U1.Y (net)
                  0.18    0.00    1.53 ^ _08_/A (sky130_fd_sc_hd__clkbuf_1)
                  0.04    0.11    1.64 ^ _08_/X (sky130_fd_sc_hd__clkbuf_1)
     1    0.00                           net49 (net)
                  0.04    0.00    1.64 ^ output49/A (sky130_fd_sc_hd__buf_2)
                  0.17    0.21    1.84 ^ output49/X (sky130_fd_sc_hd__buf_2)
     1    0.03                           sum[8] (net)
                  0.17    0.00    1.84 ^ sum[8] (out)
                                  1.84   data arrival time

                  0.00    1.25    1.25   clock clk (rise edge)
                          0.00    1.25   clock network delay (ideal)
                         -0.25    1.00   clock uncertainty
                          0.00    1.00   clock reconvergence pessimism
                          0.00    1.00   output external delay
                                  1.00   data required time
-----------------------------------------------------------------------------
                                  1.00   data required time
                                 -1.84   data arrival time
-----------------------------------------------------------------------------
                                 -0.84   slack (VIOLATED)


Startpoint: b[1] (input port clocked by clk)
Endpoint: sum[12] (output port clocked by clk)
Path Group: clk
Path Type: max

Fanout     Cap    Slew   Delay    Time   Description
-----------------------------------------------------------------------------
                  0.00    0.00    0.00   clock clk (rise edge)
                          0.00    0.00   clock network delay (ideal)
                          0.00    0.00 ^ input external delay
                  0.02    0.01    0.01 ^ b[1] (in)
     1    0.00                           b[1] (net)
                  0.02    0.00    0.01 ^ input24/A (sky130_fd_sc_hd__dlymetal6s2s_1)
                  0.18    0.18    0.20 ^ input24/X (sky130_fd_sc_hd__dlymetal6s2s_1)
     2    0.02                           net24 (net)
                  0.18    0.00    0.20 ^ ppa_pre_2_0.U1.xor2/B (sky130_fd_sc_hd__xor2_1)
                  0.25    0.27    0.47 ^ ppa_pre_2_0.U1.xor2/X (sky130_fd_sc_hd__xor2_1)
     3    0.01                           ppa_black_3_1.U1.B (net)
                  0.25    0.00    0.47 ^ ppa_black_3_1.U1.and2/B (sky130_fd_sc_hd__and2_1)
                  0.06    0.18    0.65 ^ ppa_black_3_1.U1.and2/X (sky130_fd_sc_hd__and2_1)
     1    0.00                           ppa_black_3_1.U1.Y (net)
                  0.06    0.00    0.65 ^ ppa_grey_3_2.U1.ao21/A2 (sky130_fd_sc_hd__a21o_1)
                  0.18    0.22    0.87 ^ ppa_grey_3_2.U1.ao21/X (sky130_fd_sc_hd__a21o_1)
     5    0.02                           ppa_grey_3_2.U1.Y (net)
                  0.18    0.00    0.87 ^ ppa_grey_7_3.U1.ao21/A1 (sky130_fd_sc_hd__a21o_2)
                  0.19    0.28    1.16 ^ ppa_grey_7_3.U1.ao21/X (sky130_fd_sc_hd__a21o_2)
     9    0.04                           ppa_grey_10_4.U1.A0 (net)
                  0.19    0.00    1.16 ^ ppa_grey_12_4.U1.ao21/A1 (sky130_fd_sc_hd__a21o_1)
                  0.06    0.16    1.32 ^ ppa_grey_12_4.U1.ao21/X (sky130_fd_sc_hd__a21o_1)
     1    0.01                           ppa_grey_12_4.U1.Y (net)
                  0.06    0.00    1.32 ^ ppa_post_12_5.U1.xor2/B (sky130_fd_sc_hd__xor2_1)
                  0.13    0.16    1.48 ^ ppa_post_12_5.U1.xor2/X (sky130_fd_sc_hd__xor2_1)
     1    0.00                           ppa_post_12_5.U1.Y (net)
                  0.13    0.00    1.48 ^ _12_/A (sky130_fd_sc_hd__clkbuf_1)
                  0.07    0.13    1.61 ^ _12_/X (sky130_fd_sc_hd__clkbuf_1)
     1    0.00                           net38 (net)
                  0.07    0.00    1.61 ^ output38/A (sky130_fd_sc_hd__buf_2)
                  0.18    0.22    1.83 ^ output38/X (sky130_fd_sc_hd__buf_2)
     1    0.03                           sum[12] (net)
                  0.18    0.00    1.83 ^ sum[12] (out)
                                  1.83   data arrival time

                  0.00    1.25    1.25   clock clk (rise edge)
                          0.00    1.25   clock network delay (ideal)
                         -0.25    1.00   clock uncertainty
                          0.00    1.00   clock reconvergence pessimism
                          0.00    1.00   output external delay
                                  1.00   data required time
-----------------------------------------------------------------------------
                                  1.00   data required time
                                 -1.83   data arrival time
-----------------------------------------------------------------------------
                                 -0.83   slack (VIOLATED)


