
===========================================================================
report_checks -path_delay max (Setup)
============================================================================
Startpoint: a[2] (input port clocked by clk)
Endpoint: sum[7] (output port clocked by clk)
Path Group: clk
Path Type: max

Fanout     Cap    Slew   Delay    Time   Description
-----------------------------------------------------------------------------
                  0.00    0.00    0.00   clock clk (rise edge)
                          0.00    0.00   clock network delay (ideal)
                          0.00    0.00 v input external delay
                  0.01    0.01    0.01 v a[2] (in)
     1    0.01                           a[2] (net)
                  0.01    0.00    0.01 v input3/A (sky130_fd_sc_hs__clkbuf_2)
                  0.08    0.13    0.13 v input3/X (sky130_fd_sc_hs__clkbuf_2)
     2    0.02                           net3 (net)
                  0.08    0.00    0.13 v ppa_pre_3_0.U1.xor2/A (sky130_fd_sc_hs__xor2_4)
                  0.06    0.20    0.33 v ppa_pre_3_0.U1.xor2/X (sky130_fd_sc_hs__xor2_4)
     4    0.02                           ppa_black_3_1.U1.A (net)
                  0.06    0.00    0.33 v ppa_black_3_1.U2.ao21/A2 (sky130_fd_sc_hs__a21o_1)
                  0.04    0.16    0.49 v ppa_black_3_1.U2.ao21/X (sky130_fd_sc_hs__a21o_1)
     2    0.01                           ppa_black_3_1.U2.Y (net)
                  0.04    0.00    0.49 v ppa_grey_3_2.U1.ao21/B1 (sky130_fd_sc_hs__a21o_1)
                  0.05    0.14    0.64 v ppa_grey_3_2.U1.ao21/X (sky130_fd_sc_hs__a21o_1)
     2    0.01                           ppa_grey_3_2.U1.Y (net)
                  0.05    0.00    0.64 v ppa_grey_7_3.U1.ao21/A1 (sky130_fd_sc_hs__a21o_1)
                  0.05    0.15    0.79 v ppa_grey_7_3.U1.ao21/X (sky130_fd_sc_hs__a21o_1)
     2    0.01                           ppa_grey_7_3.U1.Y (net)
                  0.05    0.00    0.79 v ppa_post_7_4.U1.xor2/B (sky130_fd_sc_hs__xor2_1)
                  0.10    0.11    0.90 ^ ppa_post_7_4.U1.xor2/X (sky130_fd_sc_hs__xor2_1)
     1    0.00                           ppa_post_7_4.U1.Y (net)
                  0.10    0.00    0.90 ^ _7_/A (sky130_fd_sc_hs__clkbuf_1)
                  0.04    0.09    0.99 ^ _7_/X (sky130_fd_sc_hs__clkbuf_1)
     1    0.00                           net26 (net)
                  0.04    0.00    0.99 ^ output26/A (sky130_fd_sc_hs__clkbuf_4)
                  0.10    0.16    1.15 ^ output26/X (sky130_fd_sc_hs__clkbuf_4)
     1    0.04                           sum[7] (net)
                  0.10    0.00    1.15 ^ sum[7] (out)
                                  1.15   data arrival time

                  0.00    1.00    1.00   clock clk (rise edge)
                          0.00    1.00   clock network delay (ideal)
                         -0.25    0.75   clock uncertainty
                          0.00    0.75   clock reconvergence pessimism
                          0.00    0.75   output external delay
                                  0.75   data required time
-----------------------------------------------------------------------------
                                  0.75   data required time
                                 -1.15   data arrival time
-----------------------------------------------------------------------------
                                 -0.40   slack (VIOLATED)


Startpoint: a[1] (input port clocked by clk)
Endpoint: sum[6] (output port clocked by clk)
Path Group: clk
Path Type: max

Fanout     Cap    Slew   Delay    Time   Description
-----------------------------------------------------------------------------
                  0.00    0.00    0.00   clock clk (rise edge)
                          0.00    0.00   clock network delay (ideal)
                          0.00    0.00 v input external delay
                  0.01    0.00    0.00 v a[1] (in)
     1    0.00                           a[1] (net)
                  0.01    0.00    0.00 v input2/A (sky130_fd_sc_hs__clkbuf_2)
                  0.07    0.12    0.13 v input2/X (sky130_fd_sc_hs__clkbuf_2)
     2    0.02                           net2 (net)
                  0.07    0.00    0.13 v ppa_pre_2_0.U1.xor2/A (sky130_fd_sc_hs__xor2_4)
                  0.06    0.19    0.32 v ppa_pre_2_0.U1.xor2/X (sky130_fd_sc_hs__xor2_4)
     4    0.01                           ppa_black_2_1.U1.A (net)
                  0.06    0.00    0.32 v ppa_black_2_1.U2.ao21/A2 (sky130_fd_sc_hs__a21o_1)
                  0.05    0.16    0.48 v ppa_black_2_1.U2.ao21/X (sky130_fd_sc_hs__a21o_1)
     2    0.01                           ppa_black_2_1.U2.Y (net)
                  0.05    0.00    0.48 v ppa_grey_2_2.U1.ao21/B1 (sky130_fd_sc_hs__a21o_1)
                  0.05    0.15    0.63 v ppa_grey_2_2.U1.ao21/X (sky130_fd_sc_hs__a21o_1)
     2    0.01                           ppa_grey_2_2.U1.Y (net)
                  0.05    0.00    0.63 v ppa_grey_6_3.U1.ao21/A1 (sky130_fd_sc_hs__a21o_1)
                  0.04    0.14    0.77 v ppa_grey_6_3.U1.ao21/X (sky130_fd_sc_hs__a21o_1)
     1    0.01                           ppa_grey_6_3.U1.Y (net)
                  0.04    0.00    0.77 v ppa_post_6_4.U1.xor2/B (sky130_fd_sc_hs__xor2_1)
                  0.11    0.12    0.89 ^ ppa_post_6_4.U1.xor2/X (sky130_fd_sc_hs__xor2_1)
     1    0.00                           ppa_post_6_4.U1.Y (net)
                  0.11    0.00    0.89 ^ _6_/A (sky130_fd_sc_hs__clkbuf_1)
                  0.03    0.09    0.98 ^ _6_/X (sky130_fd_sc_hs__clkbuf_1)
     1    0.00                           net25 (net)
                  0.03    0.00    0.98 ^ output25/A (sky130_fd_sc_hs__clkbuf_4)
                  0.10    0.16    1.14 ^ output25/X (sky130_fd_sc_hs__clkbuf_4)
     1    0.04                           sum[6] (net)
                  0.10    0.00    1.14 ^ sum[6] (out)
                                  1.14   data arrival time

                  0.00    1.00    1.00   clock clk (rise edge)
                          0.00    1.00   clock network delay (ideal)
                         -0.25    0.75   clock uncertainty
                          0.00    0.75   clock reconvergence pessimism
                          0.00    0.75   output external delay
                                  0.75   data required time
-----------------------------------------------------------------------------
                                  0.75   data required time
                                 -1.14   data arrival time
-----------------------------------------------------------------------------
                                 -0.39   slack (VIOLATED)


Startpoint: a[2] (input port clocked by clk)
Endpoint: sum[5] (output port clocked by clk)
Path Group: clk
Path Type: max

Fanout     Cap    Slew   Delay    Time   Description
-----------------------------------------------------------------------------
                  0.00    0.00    0.00   clock clk (rise edge)
                          0.00    0.00   clock network delay (ideal)
                          0.00    0.00 v input external delay
                  0.01    0.01    0.01 v a[2] (in)
     1    0.01                           a[2] (net)
                  0.01    0.00    0.01 v input3/A (sky130_fd_sc_hs__clkbuf_2)
                  0.08    0.13    0.13 v input3/X (sky130_fd_sc_hs__clkbuf_2)
     2    0.02                           net3 (net)
                  0.08    0.00    0.13 v ppa_pre_3_0.U1.xor2/A (sky130_fd_sc_hs__xor2_4)
                  0.06    0.20    0.33 v ppa_pre_3_0.U1.xor2/X (sky130_fd_sc_hs__xor2_4)
     4    0.02                           ppa_black_3_1.U1.A (net)
                  0.06    0.00    0.33 v ppa_black_3_1.U2.ao21/A2 (sky130_fd_sc_hs__a21o_1)
                  0.04    0.16    0.49 v ppa_black_3_1.U2.ao21/X (sky130_fd_sc_hs__a21o_1)
     2    0.01                           ppa_black_3_1.U2.Y (net)
                  0.04    0.00    0.49 v ppa_black_5_2.U2.ao21/A1 (sky130_fd_sc_hs__a21o_1)
                  0.03    0.12    0.61 v ppa_black_5_2.U2.ao21/X (sky130_fd_sc_hs__a21o_1)
     1    0.00                           ppa_black_5_2.U2.Y (net)
                  0.03    0.00    0.61 v ppa_grey_5_3.U1.ao21/B1 (sky130_fd_sc_hs__a21o_1)
                  0.05    0.13    0.74 v ppa_grey_5_3.U1.ao21/X (sky130_fd_sc_hs__a21o_1)
     1    0.01                           ppa_grey_5_3.U1.Y (net)
                  0.05    0.00    0.74 v ppa_post_5_4.U1.xor2/B (sky130_fd_sc_hs__xor2_1)
                  0.13    0.13    0.87 ^ ppa_post_5_4.U1.xor2/X (sky130_fd_sc_hs__xor2_1)
     1    0.01                           ppa_post_5_4.U1.Y (net)
                  0.13    0.00    0.87 ^ _5_/A (sky130_fd_sc_hs__clkbuf_1)
                  0.03    0.09    0.96 ^ _5_/X (sky130_fd_sc_hs__clkbuf_1)
     1    0.00                           net24 (net)
                  0.03    0.00    0.96 ^ output24/A (sky130_fd_sc_hs__clkbuf_4)
                  0.10    0.16    1.12 ^ output24/X (sky130_fd_sc_hs__clkbuf_4)
     1    0.04                           sum[5] (net)
                  0.10    0.00    1.12 ^ sum[5] (out)
                                  1.12   data arrival time

                  0.00    1.00    1.00   clock clk (rise edge)
                          0.00    1.00   clock network delay (ideal)
                         -0.25    0.75   clock uncertainty
                          0.00    0.75   clock reconvergence pessimism
                          0.00    0.75   output external delay
                                  0.75   data required time
-----------------------------------------------------------------------------
                                  0.75   data required time
                                 -1.12   data arrival time
-----------------------------------------------------------------------------
                                 -0.37   slack (VIOLATED)


Startpoint: a[2] (input port clocked by clk)
Endpoint: cout (output port clocked by clk)
Path Group: clk
Path Type: max

Fanout     Cap    Slew   Delay    Time   Description
-----------------------------------------------------------------------------
                  0.00    0.00    0.00   clock clk (rise edge)
                          0.00    0.00   clock network delay (ideal)
                          0.00    0.00 v input external delay
                  0.01    0.01    0.01 v a[2] (in)
     1    0.01                           a[2] (net)
                  0.01    0.00    0.01 v input3/A (sky130_fd_sc_hs__clkbuf_2)
                  0.08    0.13    0.13 v input3/X (sky130_fd_sc_hs__clkbuf_2)
     2    0.02                           net3 (net)
                  0.08    0.00    0.13 v ppa_pre_3_0.U1.xor2/A (sky130_fd_sc_hs__xor2_4)
                  0.06    0.20    0.33 v ppa_pre_3_0.U1.xor2/X (sky130_fd_sc_hs__xor2_4)
     4    0.02                           ppa_black_3_1.U1.A (net)
                  0.06    0.00    0.33 v ppa_black_3_1.U2.ao21/A2 (sky130_fd_sc_hs__a21o_1)
                  0.04    0.16    0.49 v ppa_black_3_1.U2.ao21/X (sky130_fd_sc_hs__a21o_1)
     2    0.01                           ppa_black_3_1.U2.Y (net)
                  0.04    0.00    0.49 v ppa_grey_3_2.U1.ao21/B1 (sky130_fd_sc_hs__a21o_1)
                  0.05    0.14    0.64 v ppa_grey_3_2.U1.ao21/X (sky130_fd_sc_hs__a21o_1)
     2    0.01                           ppa_grey_3_2.U1.Y (net)
                  0.05    0.00    0.64 v ppa_grey_7_3.U1.ao21/A1 (sky130_fd_sc_hs__a21o_1)
                  0.05    0.15    0.79 v ppa_grey_7_3.U1.ao21/X (sky130_fd_sc_hs__a21o_1)
     2    0.01                           ppa_grey_7_3.U1.Y (net)
                  0.05    0.00    0.79 v ppa_grey_cout.U1.ao21/A1 (sky130_fd_sc_hs__a21o_1)
                  0.04    0.14    0.93 v ppa_grey_cout.U1.ao21/X (sky130_fd_sc_hs__a21o_1)
     1    0.01                           net18 (net)
                  0.04    0.00    0.93 v output18/A (sky130_fd_sc_hs__clkbuf_4)
                  0.08    0.16    1.09 v output18/X (sky130_fd_sc_hs__clkbuf_4)
     1    0.04                           cout (net)
                  0.08    0.00    1.09 v cout (out)
                                  1.09   data arrival time

                  0.00    1.00    1.00   clock clk (rise edge)
                          0.00    1.00   clock network delay (ideal)
                         -0.25    0.75   clock uncertainty
                          0.00    0.75   clock reconvergence pessimism
                          0.00    0.75   output external delay
                                  0.75   data required time
-----------------------------------------------------------------------------
                                  0.75   data required time
                                 -1.09   data arrival time
-----------------------------------------------------------------------------
                                 -0.34   slack (VIOLATED)


Startpoint: a[1] (input port clocked by clk)
Endpoint: sum[4] (output port clocked by clk)
Path Group: clk
Path Type: max

Fanout     Cap    Slew   Delay    Time   Description
-----------------------------------------------------------------------------
                  0.00    0.00    0.00   clock clk (rise edge)
                          0.00    0.00   clock network delay (ideal)
                          0.00    0.00 v input external delay
                  0.01    0.00    0.00 v a[1] (in)
     1    0.00                           a[1] (net)
                  0.01    0.00    0.00 v input2/A (sky130_fd_sc_hs__clkbuf_2)
                  0.07    0.12    0.13 v input2/X (sky130_fd_sc_hs__clkbuf_2)
     2    0.02                           net2 (net)
                  0.07    0.00    0.13 v ppa_pre_2_0.U1.xor2/A (sky130_fd_sc_hs__xor2_4)
                  0.06    0.19    0.32 v ppa_pre_2_0.U1.xor2/X (sky130_fd_sc_hs__xor2_4)
     4    0.01                           ppa_black_2_1.U1.A (net)
                  0.06    0.00    0.32 v ppa_black_2_1.U2.ao21/A2 (sky130_fd_sc_hs__a21o_1)
                  0.05    0.16    0.48 v ppa_black_2_1.U2.ao21/X (sky130_fd_sc_hs__a21o_1)
     2    0.01                           ppa_black_2_1.U2.Y (net)
                  0.05    0.00    0.48 v ppa_black_4_2.U2.ao21/A1 (sky130_fd_sc_hs__a21o_1)
                  0.03    0.12    0.61 v ppa_black_4_2.U2.ao21/X (sky130_fd_sc_hs__a21o_1)
     1    0.00                           ppa_black_4_2.U2.Y (net)
                  0.03    0.00    0.61 v ppa_grey_4_3.U1.ao21/B1 (sky130_fd_sc_hs__a21o_1)
                  0.04    0.13    0.73 v ppa_grey_4_3.U1.ao21/X (sky130_fd_sc_hs__a21o_1)
     1    0.01                           ppa_grey_4_3.U1.Y (net)
                  0.04    0.00    0.73 v ppa_post_4_4.U1.xor2/B (sky130_fd_sc_hs__xor2_1)
                  0.10    0.10    0.84 ^ ppa_post_4_4.U1.xor2/X (sky130_fd_sc_hs__xor2_1)
     1    0.00                           ppa_post_4_4.U1.Y (net)
                  0.10    0.00    0.84 ^ _4_/A (sky130_fd_sc_hs__clkbuf_1)
                  0.03    0.09    0.92 ^ _4_/X (sky130_fd_sc_hs__clkbuf_1)
     1    0.00                           net23 (net)
                  0.03    0.00    0.92 ^ output23/A (sky130_fd_sc_hs__clkbuf_4)
                  0.10    0.16    1.09 ^ output23/X (sky130_fd_sc_hs__clkbuf_4)
     1    0.04                           sum[4] (net)
                  0.10    0.00    1.09 ^ sum[4] (out)
                                  1.09   data arrival time

                  0.00    1.00    1.00   clock clk (rise edge)
                          0.00    1.00   clock network delay (ideal)
                         -0.25    0.75   clock uncertainty
                          0.00    0.75   clock reconvergence pessimism
                          0.00    0.75   output external delay
                                  0.75   data required time
-----------------------------------------------------------------------------
                                  0.75   data required time
                                 -1.09   data arrival time
-----------------------------------------------------------------------------
                                 -0.34   slack (VIOLATED)


