
===========================================================================
report_checks -path_delay max (Setup)
============================================================================
Startpoint: b[6] (input port clocked by clk)
Endpoint: sum[12] (output port clocked by clk)
Path Group: clk
Path Type: max

Fanout     Cap    Slew   Delay    Time   Description
-----------------------------------------------------------------------------
                  0.00    0.00    0.00   clock clk (rise edge)
                          0.00    0.00   clock network delay (ideal)
                          0.00    0.00 ^ input external delay
                  0.07    0.05    0.05 ^ b[6] (in)
     1    0.01                           b[6] (net)
                  0.07    0.00    0.05 ^ input61/A (sky130_fd_sc_hd__clkbuf_1)
                  0.16    0.18    0.23 ^ input61/X (sky130_fd_sc_hd__clkbuf_1)
     2    0.01                           net61 (net)
                  0.16    0.00    0.23 ^ ppa_pre_7_0.U1.xor2/B (sky130_fd_sc_hd__xor2_1)
                  0.30    0.31    0.54 ^ ppa_pre_7_0.U1.xor2/X (sky130_fd_sc_hd__xor2_1)
     3    0.01                           ppa_black_7_1.U1.A (net)
                  0.30    0.00    0.54 ^ ppa_black_7_1.U1.and2/A (sky130_fd_sc_hd__and2_1)
                  0.14    0.26    0.80 ^ ppa_black_7_1.U1.and2/X (sky130_fd_sc_hd__and2_1)
     2    0.01                           ppa_black_7_1.U1.Y (net)
                  0.14    0.00    0.80 ^ ppa_black_7_2.U1.and2/A (sky130_fd_sc_hd__and2_1)
                  0.09    0.19    0.99 ^ ppa_black_7_2.U1.and2/X (sky130_fd_sc_hd__and2_1)
     1    0.01                           ppa_black_7_2.U1.Y (net)
                  0.09    0.00    0.99 ^ ppa_grey_7_3.U1.ao21/A2 (sky130_fd_sc_hd__a21o_4)
                  0.08    0.17    1.15 ^ ppa_grey_7_3.U1.ao21/X (sky130_fd_sc_hd__a21o_4)
     5    0.02                           ppa_grey_10_4.U1.A0 (net)
                  0.08    0.00    1.16 ^ rebuffer10/A (sky130_fd_sc_hd__dlygate4sd1_1)
                  0.23    0.35    1.51 ^ rebuffer10/X (sky130_fd_sc_hd__dlygate4sd1_1)
     5    0.02                           net108 (net)
                  0.23    0.00    1.51 ^ ppa_grey_12_4.U1.ao21/A1 (sky130_fd_sc_hd__a21o_1)
                  0.08    0.19    1.70 ^ ppa_grey_12_4.U1.ao21/X (sky130_fd_sc_hd__a21o_1)
     1    0.01                           ppa_grey_12_4.U1.Y (net)
                  0.08    0.00    1.70 ^ ppa_post_12_6.U1.xor2/B (sky130_fd_sc_hd__xor2_1)
                  0.21    0.23    1.93 ^ ppa_post_12_6.U1.xor2/X (sky130_fd_sc_hd__xor2_1)
     1    0.01                           ppa_post_12_6.U1.Y (net)
                  0.21    0.00    1.93 ^ _21_/A (sky130_fd_sc_hd__clkbuf_1)
                  0.13    0.19    2.11 ^ _21_/X (sky130_fd_sc_hd__clkbuf_1)
     1    0.01                           net70 (net)
                  0.13    0.00    2.11 ^ output70/A (sky130_fd_sc_hd__buf_2)
                  0.18    0.25    2.36 ^ output70/X (sky130_fd_sc_hd__buf_2)
     1    0.03                           sum[12] (net)
                  0.18    0.00    2.36 ^ sum[12] (out)
                                  2.36   data arrival time

                  0.00    1.00    1.00   clock clk (rise edge)
                          0.00    1.00   clock network delay (ideal)
                         -0.25    0.75   clock uncertainty
                          0.00    0.75   clock reconvergence pessimism
                          0.00    0.75   output external delay
                                  0.75   data required time
-----------------------------------------------------------------------------
                                  0.75   data required time
                                 -2.36   data arrival time
-----------------------------------------------------------------------------
                                 -1.61   slack (VIOLATED)


Startpoint: b[6] (input port clocked by clk)
Endpoint: sum[9] (output port clocked by clk)
Path Group: clk
Path Type: max

Fanout     Cap    Slew   Delay    Time   Description
-----------------------------------------------------------------------------
                  0.00    0.00    0.00   clock clk (rise edge)
                          0.00    0.00   clock network delay (ideal)
                          0.00    0.00 ^ input external delay
                  0.07    0.05    0.05 ^ b[6] (in)
     1    0.01                           b[6] (net)
                  0.07    0.00    0.05 ^ input61/A (sky130_fd_sc_hd__clkbuf_1)
                  0.16    0.18    0.23 ^ input61/X (sky130_fd_sc_hd__clkbuf_1)
     2    0.01                           net61 (net)
                  0.16    0.00    0.23 ^ ppa_pre_7_0.U1.xor2/B (sky130_fd_sc_hd__xor2_1)
                  0.30    0.31    0.54 ^ ppa_pre_7_0.U1.xor2/X (sky130_fd_sc_hd__xor2_1)
     3    0.01                           ppa_black_7_1.U1.A (net)
                  0.30    0.00    0.54 ^ ppa_black_7_1.U1.and2/A (sky130_fd_sc_hd__and2_1)
                  0.14    0.26    0.80 ^ ppa_black_7_1.U1.and2/X (sky130_fd_sc_hd__and2_1)
     2    0.01                           ppa_black_7_1.U1.Y (net)
                  0.14    0.00    0.80 ^ ppa_black_7_2.U1.and2/A (sky130_fd_sc_hd__and2_1)
                  0.09    0.19    0.99 ^ ppa_black_7_2.U1.and2/X (sky130_fd_sc_hd__and2_1)
     1    0.01                           ppa_black_7_2.U1.Y (net)
                  0.09    0.00    0.99 ^ ppa_grey_7_3.U1.ao21/A2 (sky130_fd_sc_hd__a21o_4)
                  0.08    0.17    1.15 ^ ppa_grey_7_3.U1.ao21/X (sky130_fd_sc_hd__a21o_4)
     5    0.02                           ppa_grey_10_4.U1.A0 (net)
                  0.08    0.00    1.16 ^ rebuffer10/A (sky130_fd_sc_hd__dlygate4sd1_1)
                  0.23    0.35    1.51 ^ rebuffer10/X (sky130_fd_sc_hd__dlygate4sd1_1)
     5    0.02                           net108 (net)
                  0.23    0.00    1.51 ^ ppa_grey_9_4.U1.ao21/A1 (sky130_fd_sc_hd__a21o_1)
                  0.07    0.17    1.68 ^ ppa_grey_9_4.U1.ao21/X (sky130_fd_sc_hd__a21o_1)
     1    0.01                           ppa_grey_9_4.U1.Y (net)
                  0.07    0.00    1.68 ^ ppa_post_9_6.U1.xor2/B (sky130_fd_sc_hd__xor2_1)
                  0.19    0.21    1.89 ^ ppa_post_9_6.U1.xor2/X (sky130_fd_sc_hd__xor2_1)
     1    0.01                           ppa_post_9_6.U1.Y (net)
                  0.19    0.00    1.89 ^ _18_/A (sky130_fd_sc_hd__clkbuf_1)
                  0.04    0.11    2.00 ^ _18_/X (sky130_fd_sc_hd__clkbuf_1)
     1    0.00                           net98 (net)
                  0.04    0.00    2.00 ^ output98/A (sky130_fd_sc_hd__buf_2)
                  0.18    0.21    2.22 ^ output98/X (sky130_fd_sc_hd__buf_2)
     1    0.03                           sum[9] (net)
                  0.18    0.00    2.22 ^ sum[9] (out)
                                  2.22   data arrival time

                  0.00    1.00    1.00   clock clk (rise edge)
                          0.00    1.00   clock network delay (ideal)
                         -0.25    0.75   clock uncertainty
                          0.00    0.75   clock reconvergence pessimism
                          0.00    0.75   output external delay
                                  0.75   data required time
-----------------------------------------------------------------------------
                                  0.75   data required time
                                 -2.22   data arrival time
-----------------------------------------------------------------------------
                                 -1.47   slack (VIOLATED)


Startpoint: b[2] (input port clocked by clk)
Endpoint: sum[30] (output port clocked by clk)
Path Group: clk
Path Type: max

Fanout     Cap    Slew   Delay    Time   Description
-----------------------------------------------------------------------------
                  0.00    0.00    0.00   clock clk (rise edge)
                          0.00    0.00   clock network delay (ideal)
                          0.00    0.00 ^ input external delay
                  0.05    0.03    0.03 ^ b[2] (in)
     1    0.01                           b[2] (net)
                  0.05    0.00    0.03 ^ input55/A (sky130_fd_sc_hd__clkbuf_1)
                  0.22    0.22    0.25 ^ input55/X (sky130_fd_sc_hd__clkbuf_1)
     2    0.02                           net55 (net)
                  0.22    0.00    0.25 ^ ppa_pre_3_0.U1.xor2/B (sky130_fd_sc_hd__xor2_1)
                  0.12    0.17    0.42 v ppa_pre_3_0.U1.xor2/X (sky130_fd_sc_hd__xor2_1)
     3    0.01                           ppa_black_3_1.U1.A (net)
                  0.12    0.00    0.42 v ppa_black_3_1.U1.and2/A (sky130_fd_sc_hd__and2_1)
                  0.04    0.19    0.60 v ppa_black_3_1.U1.and2/X (sky130_fd_sc_hd__and2_1)
     1    0.01                           ppa_black_3_1.U1.Y (net)
                  0.04    0.00    0.60 v ppa_grey_3_2.U1.ao21/A2 (sky130_fd_sc_hd__a21o_1)
                  0.06    0.21    0.82 v ppa_grey_3_2.U1.ao21/X (sky130_fd_sc_hd__a21o_1)
     3    0.01                           ppa_grey_3_2.U1.Y (net)
                  0.06    0.00    0.82 v ppa_grey_7_3.U1.ao21/A1 (sky130_fd_sc_hd__a21o_4)
                  0.06    0.24    1.06 v ppa_grey_7_3.U1.ao21/X (sky130_fd_sc_hd__a21o_4)
     5    0.02                           ppa_grey_10_4.U1.A0 (net)
                  0.06    0.00    1.06 v ppa_grey_15_4.U1.ao21/A1 (sky130_fd_sc_hd__a21o_4)
                  0.06    0.25    1.31 v ppa_grey_15_4.U1.ao21/X (sky130_fd_sc_hd__a21o_4)
     7    0.03                           ppa_grey_15_4.U1.Y (net)
                  0.06    0.00    1.31 v rebuffer5/A (sky130_fd_sc_hd__dlymetal6s2s_1)
                  0.05    0.16    1.47 v rebuffer5/X (sky130_fd_sc_hd__dlymetal6s2s_1)
     1    0.01                           net103 (net)
                  0.05    0.00    1.47 v ppa_grey_30_5.U1.ao21/A1 (sky130_fd_sc_hd__a21o_1)
                  0.05    0.18    1.66 v ppa_grey_30_5.U1.ao21/X (sky130_fd_sc_hd__a21o_1)
     1    0.01                           ppa_grey_30_5.U1.Y (net)
                  0.05    0.00    1.66 v ppa_post_30_6.U1.xor2/B (sky130_fd_sc_hd__xor2_1)
                  0.12    0.14    1.80 ^ ppa_post_30_6.U1.xor2/X (sky130_fd_sc_hd__xor2_1)
     1    0.00                           ppa_post_30_6.U1.Y (net)
                  0.12    0.00    1.80 ^ _07_/A (sky130_fd_sc_hd__clkbuf_1)
                  0.11    0.16    1.95 ^ _07_/X (sky130_fd_sc_hd__clkbuf_1)
     1    0.01                           net90 (net)
                  0.11    0.00    1.95 ^ output90/A (sky130_fd_sc_hd__buf_2)
                  0.21    0.26    2.22 ^ output90/X (sky130_fd_sc_hd__buf_2)
     1    0.03                           sum[30] (net)
                  0.21    0.00    2.22 ^ sum[30] (out)
                                  2.22   data arrival time

                  0.00    1.00    1.00   clock clk (rise edge)
                          0.00    1.00   clock network delay (ideal)
                         -0.25    0.75   clock uncertainty
                          0.00    0.75   clock reconvergence pessimism
                          0.00    0.75   output external delay
                                  0.75   data required time
-----------------------------------------------------------------------------
                                  0.75   data required time
                                 -2.22   data arrival time
-----------------------------------------------------------------------------
                                 -1.47   slack (VIOLATED)


Startpoint: b[6] (input port clocked by clk)
Endpoint: sum[15] (output port clocked by clk)
Path Group: clk
Path Type: max

Fanout     Cap    Slew   Delay    Time   Description
-----------------------------------------------------------------------------
                  0.00    0.00    0.00   clock clk (rise edge)
                          0.00    0.00   clock network delay (ideal)
                          0.00    0.00 ^ input external delay
                  0.07    0.05    0.05 ^ b[6] (in)
     1    0.01                           b[6] (net)
                  0.07    0.00    0.05 ^ input61/A (sky130_fd_sc_hd__clkbuf_1)
                  0.16    0.18    0.23 ^ input61/X (sky130_fd_sc_hd__clkbuf_1)
     2    0.01                           net61 (net)
                  0.16    0.00    0.23 ^ ppa_pre_7_0.U1.xor2/B (sky130_fd_sc_hd__xor2_1)
                  0.30    0.31    0.54 ^ ppa_pre_7_0.U1.xor2/X (sky130_fd_sc_hd__xor2_1)
     3    0.01                           ppa_black_7_1.U1.A (net)
                  0.30    0.00    0.54 ^ ppa_black_7_1.U1.and2/A (sky130_fd_sc_hd__and2_1)
                  0.14    0.26    0.80 ^ ppa_black_7_1.U1.and2/X (sky130_fd_sc_hd__and2_1)
     2    0.01                           ppa_black_7_1.U1.Y (net)
                  0.14    0.00    0.80 ^ ppa_black_7_2.U1.and2/A (sky130_fd_sc_hd__and2_1)
                  0.09    0.19    0.99 ^ ppa_black_7_2.U1.and2/X (sky130_fd_sc_hd__and2_1)
     1    0.01                           ppa_black_7_2.U1.Y (net)
                  0.09    0.00    0.99 ^ ppa_grey_7_3.U1.ao21/A2 (sky130_fd_sc_hd__a21o_4)
                  0.08    0.17    1.15 ^ ppa_grey_7_3.U1.ao21/X (sky130_fd_sc_hd__a21o_4)
     5    0.02                           ppa_grey_10_4.U1.A0 (net)
                  0.08    0.00    1.16 ^ ppa_grey_15_4.U1.ao21/A1 (sky130_fd_sc_hd__a21o_4)
                  0.10    0.18    1.33 ^ ppa_grey_15_4.U1.ao21/X (sky130_fd_sc_hd__a21o_4)
     7    0.03                           ppa_grey_15_4.U1.Y (net)
                  0.10    0.00    1.33 ^ rebuffer1/A (sky130_fd_sc_hd__buf_8)
                  0.06    0.14    1.47 ^ rebuffer1/X (sky130_fd_sc_hd__buf_8)
     8    0.03                           net99 (net)
                  0.06    0.00    1.47 ^ rebuffer2/A (sky130_fd_sc_hd__clkbuf_1)
                  0.10    0.13    1.60 ^ rebuffer2/X (sky130_fd_sc_hd__clkbuf_1)
     1    0.01                           net100 (net)
                  0.10    0.00    1.60 ^ ppa_post_15_6.U1.xor2/B (sky130_fd_sc_hd__xor2_1)
                  0.19    0.22    1.82 ^ ppa_post_15_6.U1.xor2/X (sky130_fd_sc_hd__xor2_1)
     1    0.01                           ppa_post_15_6.U1.Y (net)
                  0.19    0.00    1.82 ^ _24_/A (sky130_fd_sc_hd__clkbuf_1)
                  0.14    0.19    2.01 ^ _24_/X (sky130_fd_sc_hd__clkbuf_1)
     1    0.01                           net73 (net)
                  0.14    0.00    2.01 ^ output73/A (sky130_fd_sc_hd__buf_4)
                  0.11    0.20    2.22 ^ output73/X (sky130_fd_sc_hd__buf_4)
     1    0.03                           sum[15] (net)
                  0.11    0.00    2.22 ^ sum[15] (out)
                                  2.22   data arrival time

                  0.00    1.00    1.00   clock clk (rise edge)
                          0.00    1.00   clock network delay (ideal)
                         -0.25    0.75   clock uncertainty
                          0.00    0.75   clock reconvergence pessimism
                          0.00    0.75   output external delay
                                  0.75   data required time
-----------------------------------------------------------------------------
                                  0.75   data required time
                                 -2.22   data arrival time
-----------------------------------------------------------------------------
                                 -1.47   slack (VIOLATED)


Startpoint: b[2] (input port clocked by clk)
Endpoint: sum[29] (output port clocked by clk)
Path Group: clk
Path Type: max

Fanout     Cap    Slew   Delay    Time   Description
-----------------------------------------------------------------------------
                  0.00    0.00    0.00   clock clk (rise edge)
                          0.00    0.00   clock network delay (ideal)
                          0.00    0.00 ^ input external delay
                  0.05    0.03    0.03 ^ b[2] (in)
     1    0.01                           b[2] (net)
                  0.05    0.00    0.03 ^ input55/A (sky130_fd_sc_hd__clkbuf_1)
                  0.22    0.22    0.25 ^ input55/X (sky130_fd_sc_hd__clkbuf_1)
     2    0.02                           net55 (net)
                  0.22    0.00    0.25 ^ ppa_pre_3_0.U1.xor2/B (sky130_fd_sc_hd__xor2_1)
                  0.12    0.17    0.42 v ppa_pre_3_0.U1.xor2/X (sky130_fd_sc_hd__xor2_1)
     3    0.01                           ppa_black_3_1.U1.A (net)
                  0.12    0.00    0.42 v ppa_black_3_1.U1.and2/A (sky130_fd_sc_hd__and2_1)
                  0.04    0.19    0.60 v ppa_black_3_1.U1.and2/X (sky130_fd_sc_hd__and2_1)
     1    0.01                           ppa_black_3_1.U1.Y (net)
                  0.04    0.00    0.60 v ppa_grey_3_2.U1.ao21/A2 (sky130_fd_sc_hd__a21o_1)
                  0.06    0.21    0.82 v ppa_grey_3_2.U1.ao21/X (sky130_fd_sc_hd__a21o_1)
     3    0.01                           ppa_grey_3_2.U1.Y (net)
                  0.06    0.00    0.82 v ppa_grey_7_3.U1.ao21/A1 (sky130_fd_sc_hd__a21o_4)
                  0.06    0.24    1.06 v ppa_grey_7_3.U1.ao21/X (sky130_fd_sc_hd__a21o_4)
     5    0.02                           ppa_grey_10_4.U1.A0 (net)
                  0.06    0.00    1.06 v ppa_grey_15_4.U1.ao21/A1 (sky130_fd_sc_hd__a21o_4)
                  0.06    0.25    1.31 v ppa_grey_15_4.U1.ao21/X (sky130_fd_sc_hd__a21o_4)
     7    0.03                           ppa_grey_15_4.U1.Y (net)
                  0.06    0.00    1.31 v rebuffer6/A (sky130_fd_sc_hd__buf_6)
                  0.03    0.13    1.44 v rebuffer6/X (sky130_fd_sc_hd__buf_6)
     3    0.01                           net104 (net)
                  0.03    0.00    1.44 v ppa_grey_29_5.U1.ao21/A1 (sky130_fd_sc_hd__a21o_1)
                  0.05    0.17    1.61 v ppa_grey_29_5.U1.ao21/X (sky130_fd_sc_hd__a21o_1)
     1    0.01                           ppa_grey_29_5.U1.Y (net)
                  0.05    0.00    1.61 v ppa_post_29_6.U1.xor2/B (sky130_fd_sc_hd__xor2_1)
                  0.13    0.15    1.75 ^ ppa_post_29_6.U1.xor2/X (sky130_fd_sc_hd__xor2_1)
     1    0.00                           ppa_post_29_6.U1.Y (net)
                  0.13    0.00    1.75 ^ _06_/A (sky130_fd_sc_hd__clkbuf_1)
                  0.13    0.17    1.92 ^ _06_/X (sky130_fd_sc_hd__clkbuf_1)
     1    0.01                           net88 (net)
                  0.13    0.00    1.93 ^ output88/A (sky130_fd_sc_hd__buf_2)
                  0.21    0.27    2.19 ^ output88/X (sky130_fd_sc_hd__buf_2)
     1    0.03                           sum[29] (net)
                  0.21    0.00    2.20 ^ sum[29] (out)
                                  2.20   data arrival time

                  0.00    1.00    1.00   clock clk (rise edge)
                          0.00    1.00   clock network delay (ideal)
                         -0.25    0.75   clock uncertainty
                          0.00    0.75   clock reconvergence pessimism
                          0.00    0.75   output external delay
                                  0.75   data required time
-----------------------------------------------------------------------------
                                  0.75   data required time
                                 -2.20   data arrival time
-----------------------------------------------------------------------------
                                 -1.45   slack (VIOLATED)


