Warning - class CORE ANTENNACELL is not found. This message can be ignored if not in the antenna-avoid flow

Net - a[0]
  input1  (sky130_fd_sc_hd__buf_6)  A
[1]  met2:
  PAR:    2.40  Ratio:    0.00       (Area)
  PAR:   12.18  Ratio:  400.00       (S.Area)
  CAR:    2.72  Ratio:    0.00       (C.Area)
  CAR:   13.91  Ratio:    0.00       (C.S.Area)

[1]  met1:
  PAR:    0.30  Ratio:    0.00       (Area)
  PAR:    1.70  Ratio:  400.00       (S.Area)
  CAR:    0.33  Ratio:    0.00       (C.Area)
  CAR:    1.73  Ratio:    0.00       (C.S.Area)

[1]  li1:
  PAR:    0.03  Ratio:    0.00       (Area)
  PAR:    0.03  Ratio:   75.00       (S.Area)
  CAR:    0.03  Ratio:    0.00       (C.Area)
  CAR:    0.03  Ratio:    0.00       (C.S.Area)

[1]  M1M2_PR:
  PAR:    0.05  Ratio:    6.00       (Area)
  CAR:    0.10  Ratio:    0.00       (C.Area)

[1]  L1M1_PR:
  PAR:    0.06  Ratio:    3.00       (Area)
  CAR:    0.06  Ratio:    0.00       (C.Area)


Net - a[1]
  input2  (sky130_fd_sc_hd__clkbuf_1)  A
[1]  met3:
  PAR:   19.64  Ratio:    0.00       (Area)
  PAR:  107.17  Ratio:  400.00       (S.Area)
  CAR:   24.45  Ratio:    0.00       (C.Area)
  CAR:  131.40  Ratio:    0.00       (C.S.Area)

[1]  met2:
  PAR:    4.63  Ratio:    0.00       (Area)
  PAR:   23.65  Ratio:  400.00       (S.Area)
  CAR:    4.80  Ratio:    0.00       (C.Area)
  CAR:   24.24  Ratio:    0.00       (C.S.Area)

[1]  met1:
  PAR:    0.10  Ratio:    0.00       (Area)
  PAR:    0.50  Ratio:  400.00       (S.Area)
  CAR:    0.17  Ratio:    0.00       (C.Area)
  CAR:    0.59  Ratio:    0.00       (C.S.Area)

[1]  li1:
  PAR:    0.07  Ratio:    0.00       (Area)
  PAR:    0.09  Ratio:   75.00       (S.Area)
  CAR:    0.07  Ratio:    0.00       (C.Area)
  CAR:    0.09  Ratio:    0.00       (C.S.Area)

[1]  M2M3_PR:
  PAR:    0.20  Ratio:    6.00       (Area)
  CAR:    0.47  Ratio:    0.00       (C.Area)

[1]  M1M2_PR:
  PAR:    0.11  Ratio:    6.00       (Area)
  CAR:    0.26  Ratio:    0.00       (C.Area)

[1]  L1M1_PR:
  PAR:    0.15  Ratio:    3.00       (Area)
  CAR:    0.15  Ratio:    0.00       (C.Area)


Net - a[2]
  input3  (sky130_fd_sc_hd__clkbuf_1)  A
[1]  met2:
  PAR:    6.03  Ratio:    0.00       (Area)
  PAR:   30.67  Ratio:  400.00       (S.Area)
  CAR:   11.12  Ratio:    0.00       (C.Area)
  CAR:   56.34  Ratio:    0.00       (C.S.Area)

[1]  met1:
  PAR:    5.02  Ratio:    0.00       (Area)
  PAR:   25.58  Ratio:  400.00       (S.Area)
  CAR:    5.09  Ratio:    0.00       (C.Area)
  CAR:   25.66  Ratio:    0.00       (C.S.Area)

[1]  li1:
  PAR:    0.07  Ratio:    0.00       (Area)
  PAR:    0.09  Ratio:   75.00       (S.Area)
  CAR:    0.07  Ratio:    0.00       (C.Area)
  CAR:    0.09  Ratio:    0.00       (C.S.Area)

[1]  M1M2_PR:
  PAR:    0.11  Ratio:    6.00       (Area)
  CAR:    0.26  Ratio:    0.00       (C.Area)

[1]  L1M1_PR:
  PAR:    0.15  Ratio:    3.00       (Area)
  CAR:    0.15  Ratio:    0.00       (C.Area)


Net - a[3]
  input4  (sky130_fd_sc_hd__clkbuf_1)  A
[1]  met3:
  PAR:    6.30  Ratio:    0.00       (Area)
  PAR:   36.00  Ratio:  400.00       (S.Area)
  CAR:    7.71  Ratio:    0.00       (C.Area)
  CAR:   43.28  Ratio:    0.00       (C.S.Area)

[1]  met2:
  PAR:    1.24  Ratio:    0.00       (Area)
  PAR:    6.70  Ratio:  400.00       (S.Area)
  CAR:    1.41  Ratio:    0.00       (C.Area)
  CAR:    7.28  Ratio:    0.00       (C.S.Area)

[1]  met1:
  PAR:    0.10  Ratio:    0.00       (Area)
  PAR:    0.50  Ratio:  400.00       (S.Area)
  CAR:    0.17  Ratio:    0.00       (C.Area)
  CAR:    0.59  Ratio:    0.00       (C.S.Area)

[1]  li1:
  PAR:    0.07  Ratio:    0.00       (Area)
  PAR:    0.09  Ratio:   75.00       (S.Area)
  CAR:    0.07  Ratio:    0.00       (C.Area)
  CAR:    0.09  Ratio:    0.00       (C.S.Area)

[1]  M2M3_PR:
  PAR:    0.20  Ratio:    6.00       (Area)
  CAR:    0.47  Ratio:    0.00       (C.Area)

[1]  M1M2_PR:
  PAR:    0.11  Ratio:    6.00       (Area)
  CAR:    0.26  Ratio:    0.00       (C.Area)

[1]  L1M1_PR:
  PAR:    0.15  Ratio:    3.00       (Area)
  CAR:    0.15  Ratio:    0.00       (C.Area)


Net - b[0]
  input5  (sky130_fd_sc_hd__clkbuf_1)  A
[1]  met3:
  PAR:   23.12  Ratio:    0.00       (Area)
  PAR:  130.62  Ratio:  400.00       (S.Area)
  CAR:   23.81  Ratio:    0.00       (C.Area)
  CAR:  134.26  Ratio:    0.00       (C.S.Area)

[1]  met2:
  PAR:    0.51  Ratio:    0.00       (Area)
  PAR:    3.06  Ratio:  400.00       (S.Area)
  CAR:    0.69  Ratio:    0.00       (C.Area)
  CAR:    3.65  Ratio:    0.00       (C.S.Area)

[1]  met1:
  PAR:    0.10  Ratio:    0.00       (Area)
  PAR:    0.50  Ratio:  400.00       (S.Area)
  CAR:    0.17  Ratio:    0.00       (C.Area)
  CAR:    0.59  Ratio:    0.00       (C.S.Area)

[1]  li1:
  PAR:    0.07  Ratio:    0.00       (Area)
  PAR:    0.09  Ratio:   75.00       (S.Area)
  CAR:    0.07  Ratio:    0.00       (C.Area)
  CAR:    0.09  Ratio:    0.00       (C.S.Area)

[1]  M2M3_PR:
  PAR:    0.20  Ratio:    6.00       (Area)
  CAR:    0.47  Ratio:    0.00       (C.Area)

[1]  M1M2_PR:
  PAR:    0.11  Ratio:    6.00       (Area)
  CAR:    0.26  Ratio:    0.00       (C.Area)

[1]  L1M1_PR:
  PAR:    0.15  Ratio:    3.00       (Area)
  CAR:    0.15  Ratio:    0.00       (C.Area)


Net - b[1]
  input6  (sky130_fd_sc_hd__clkbuf_1)  A
[1]  met2:
  PAR:    8.21  Ratio:    0.00       (Area)
  PAR:   41.57  Ratio:  400.00       (S.Area)
  CAR:   13.30  Ratio:    0.00       (C.Area)
  CAR:   67.24  Ratio:    0.00       (C.S.Area)

[1]  met1:
  PAR:    5.02  Ratio:    0.00       (Area)
  PAR:   25.58  Ratio:  400.00       (S.Area)
  CAR:    5.09  Ratio:    0.00       (C.Area)
  CAR:   25.66  Ratio:    0.00       (C.S.Area)

[1]  li1:
  PAR:    0.07  Ratio:    0.00       (Area)
  PAR:    0.09  Ratio:   75.00       (S.Area)
  CAR:    0.07  Ratio:    0.00       (C.Area)
  CAR:    0.09  Ratio:    0.00       (C.S.Area)

[1]  M1M2_PR:
  PAR:    0.11  Ratio:    6.00       (Area)
  CAR:    0.26  Ratio:    0.00       (C.Area)

[1]  L1M1_PR:
  PAR:    0.15  Ratio:    3.00       (Area)
  CAR:    0.15  Ratio:    0.00       (C.Area)


Net - b[2]
  input7  (sky130_fd_sc_hd__clkbuf_1)  A
[1]  met2:
  PAR:   19.93  Ratio:    0.00       (Area)
  PAR:  100.64  Ratio:  400.00       (S.Area)
  CAR:   23.29  Ratio:    0.00       (C.Area)
  CAR:  118.18  Ratio:    0.00       (C.S.Area)

[1]  met1:
  PAR:    3.29  Ratio:    0.00       (Area)
  PAR:   17.46  Ratio:  400.00       (S.Area)
  CAR:    3.37  Ratio:    0.00       (C.Area)
  CAR:   17.54  Ratio:    0.00       (C.S.Area)

[1]  li1:
  PAR:    0.07  Ratio:    0.00       (Area)
  PAR:    0.09  Ratio:   75.00       (S.Area)
  CAR:    0.07  Ratio:    0.00       (C.Area)
  CAR:    0.09  Ratio:    0.00       (C.S.Area)

[1]  M1M2_PR:
  PAR:    0.11  Ratio:    6.00       (Area)
  CAR:    0.26  Ratio:    0.00       (C.Area)

[1]  L1M1_PR:
  PAR:    0.15  Ratio:    3.00       (Area)
  CAR:    0.15  Ratio:    0.00       (C.Area)


Net - b[3]
  input8  (sky130_fd_sc_hd__clkbuf_1)  A
[1]  met3:
  PAR:   15.43  Ratio:    0.00       (Area)
  PAR:   84.69  Ratio:  400.00       (S.Area)
  CAR:   19.35  Ratio:    0.00       (C.Area)
  CAR:  105.01  Ratio:    0.00       (C.S.Area)

[1]  met2:
  PAR:    3.42  Ratio:    0.00       (Area)
  PAR:   17.60  Ratio:  400.00       (S.Area)
  CAR:    3.92  Ratio:    0.00       (C.Area)
  CAR:   20.32  Ratio:    0.00       (C.S.Area)

[1]  met1:
  PAR:    0.43  Ratio:    0.00       (Area)
  PAR:    2.64  Ratio:  400.00       (S.Area)
  CAR:    0.50  Ratio:    0.00       (C.Area)
  CAR:    2.72  Ratio:    0.00       (C.S.Area)

[1]  li1:
  PAR:    0.07  Ratio:    0.00       (Area)
  PAR:    0.09  Ratio:   75.00       (S.Area)
  CAR:    0.07  Ratio:    0.00       (C.Area)
  CAR:    0.09  Ratio:    0.00       (C.S.Area)

[1]  M2M3_PR:
  PAR:    0.20  Ratio:    6.00       (Area)
  CAR:    0.47  Ratio:    0.00       (C.Area)

[1]  M1M2_PR:
  PAR:    0.11  Ratio:    6.00       (Area)
  CAR:    0.26  Ratio:    0.00       (C.Area)

[1]  L1M1_PR:
  PAR:    0.15  Ratio:    3.00       (Area)
  CAR:    0.15  Ratio:    0.00       (C.Area)


Net - cin
  input9  (sky130_fd_sc_hd__clkbuf_1)  A
[1]  met2:
  PAR:   19.94  Ratio:    0.00       (Area)
  PAR:  100.71  Ratio:  400.00       (S.Area)
  CAR:   20.44  Ratio:    0.00       (C.Area)
  CAR:  103.43  Ratio:    0.00       (C.S.Area)

[1]  met1:
  PAR:    0.43  Ratio:    0.00       (Area)
  PAR:    2.64  Ratio:  400.00       (S.Area)
  CAR:    0.50  Ratio:    0.00       (C.Area)
  CAR:    2.72  Ratio:    0.00       (C.S.Area)

[1]  li1:
  PAR:    0.07  Ratio:    0.00       (Area)
  PAR:    0.09  Ratio:   75.00       (S.Area)
  CAR:    0.07  Ratio:    0.00       (C.Area)
  CAR:    0.09  Ratio:    0.00       (C.S.Area)

[1]  M1M2_PR:
  PAR:    0.11  Ratio:    6.00       (Area)
  CAR:    0.26  Ratio:    0.00       (C.Area)

[1]  L1M1_PR:
  PAR:    0.15  Ratio:    3.00       (Area)
  CAR:    0.15  Ratio:    0.00       (C.Area)

  No sinks on this net
  No sinks on this net
  No sinks on this net
  No sinks on this net
  No sinks on this net

Net - net1
  ppa_pre_1_0.U1.xor2  (sky130_fd_sc_hd__xor2_1)  A
[1]  met2:
  PAR:    2.51  Ratio:    0.00       (Area)
  PAR:   12.78  Ratio: 3134.60       (S.Area)
  CAR:    5.80  Ratio:    0.00       (C.Area)
  CAR:   30.68  Ratio:    0.00       (C.S.Area)

[1]  met1:
  PAR:    0.04  Ratio:    0.00       (Area)
  PAR:    0.20  Ratio:  400.00       (S.Area)
  CAR:    0.07  Ratio:    0.00       (C.Area)
  CAR:    0.23  Ratio:    0.00       (C.S.Area)

[1]  li1:
  PAR:    0.03  Ratio:    0.00       (Area)
  PAR:    0.03  Ratio:   75.00       (S.Area)
  CAR:    0.03  Ratio:    0.00       (C.Area)
  CAR:    0.03  Ratio:    0.00       (C.S.Area)

[1]  M1M2_PR:
  PAR:    0.05  Ratio:    6.00       (Area)
  CAR:    0.10  Ratio:    0.00       (C.Area)

[1]  L1M1_PR:
  PAR:    0.06  Ratio:    3.00       (Area)
  CAR:    0.06  Ratio:    0.00       (C.Area)

  ppa_pre_1_0.U2.and2  (sky130_fd_sc_hd__and2_1)  A
[1]  met2:
  PAR:    2.51  Ratio:    0.00       (Area)
  PAR:   12.78  Ratio: 3134.60       (S.Area)
  CAR:    5.85  Ratio:    0.00       (C.Area)
  CAR:   30.58  Ratio:    0.00       (C.S.Area)

[1]  met1:
  PAR:    3.22  Ratio:    0.00       (Area)
  PAR:   17.67  Ratio:  400.00       (S.Area)
  CAR:    3.34  Ratio:    0.00       (C.Area)
  CAR:   17.80  Ratio:    0.00       (C.S.Area)

[1]  li1:
  PAR:    0.11  Ratio:    0.00       (Area)
  PAR:    0.13  Ratio:   75.00       (S.Area)
  CAR:    0.11  Ratio:    0.00       (C.Area)
  CAR:    0.13  Ratio:    0.00       (C.S.Area)

[1]  M1M2_PR:
  PAR:    0.36  Ratio:    6.00       (Area)
  CAR:    0.59  Ratio:    0.00       (C.Area)

[1]  L1M1_PR:
  PAR:    0.23  Ratio:    3.00       (Area)
  CAR:    0.23  Ratio:    0.00       (C.Area)


Net - net10
  output10  (sky130_fd_sc_hd__buf_2)  A
[1]  met2:
  PAR:    9.08  Ratio:    0.00       (Area)
  PAR:   45.67  Ratio: 2771.60       (S.Area)
  CAR:   10.51  Ratio:    0.00       (C.Area)
  CAR:   53.09  Ratio:    0.00       (C.S.Area)

[1]  met1:
  PAR:    1.34  Ratio:    0.00       (Area)
  PAR:    7.31  Ratio:  400.00       (S.Area)
  CAR:    1.43  Ratio:    0.00       (C.Area)
  CAR:    7.42  Ratio:    0.00       (C.S.Area)

[1]  li1:
  PAR:    0.09  Ratio:    0.00       (Area)
  PAR:    0.11  Ratio:   75.00       (S.Area)
  CAR:    0.09  Ratio:    0.00       (C.Area)
  CAR:    0.11  Ratio:    0.00       (C.S.Area)

[1]  M1M2_PR:
  PAR:    0.14  Ratio:    6.00       (Area)
  CAR:    0.32  Ratio:    0.00       (C.Area)

[1]  L1M1_PR:
  PAR:    0.18  Ratio:    3.00       (Area)
  CAR:    0.18  Ratio:    0.00       (C.Area)


Net - net11
  output11  (sky130_fd_sc_hd__buf_2)  A
[1]  met2:
  PAR:    6.99  Ratio:    0.00       (Area)
  PAR:   35.19  Ratio: 2736.24       (S.Area)
  CAR:    8.01  Ratio:    0.00       (C.Area)
  CAR:   40.58  Ratio:    0.00       (C.S.Area)

[1]  met1:
  PAR:    0.93  Ratio:    0.00       (Area)
  PAR:    5.28  Ratio:  400.00       (S.Area)
  CAR:    1.02  Ratio:    0.00       (C.Area)
  CAR:    5.39  Ratio:    0.00       (C.S.Area)

[1]  li1:
  PAR:    0.09  Ratio:    0.00       (Area)
  PAR:    0.11  Ratio:   75.00       (S.Area)
  CAR:    0.09  Ratio:    0.00       (C.Area)
  CAR:    0.11  Ratio:    0.00       (C.S.Area)

[1]  M1M2_PR:
  PAR:    0.14  Ratio:    6.00       (Area)
  CAR:    0.32  Ratio:    0.00       (C.Area)

[1]  L1M1_PR:
  PAR:    0.18  Ratio:    3.00       (Area)
  CAR:    0.18  Ratio:    0.00       (C.Area)


Net - net12
  output12  (sky130_fd_sc_hd__buf_2)  A
[1]  met1:
  PAR:    6.08  Ratio:    0.00       (Area)
  PAR:   31.89  Ratio: 2736.24       (S.Area)
  CAR:    6.17  Ratio:    0.00       (C.Area)
  CAR:   32.00  Ratio:    0.00       (C.S.Area)

[1]  li1:
  PAR:    0.09  Ratio:    0.00       (Area)
  PAR:    0.11  Ratio:   75.00       (S.Area)
  CAR:    0.09  Ratio:    0.00       (C.Area)
  CAR:    0.11  Ratio:    0.00       (C.S.Area)

[1]  L1M1_PR:
  PAR:    0.18  Ratio:    3.00       (Area)
  CAR:    0.18  Ratio:    0.00       (C.Area)


Net - net13
  output13  (sky130_fd_sc_hd__buf_2)  A
[1]  met1:
  PAR:    8.10  Ratio:    0.00       (Area)
  PAR:   42.02  Ratio: 2736.24       (S.Area)
  CAR:    8.19  Ratio:    0.00       (C.Area)
  CAR:   42.13  Ratio:    0.00       (C.S.Area)

[1]  li1:
  PAR:    0.09  Ratio:    0.00       (Area)
  PAR:    0.11  Ratio:   75.00       (S.Area)
  CAR:    0.09  Ratio:    0.00       (C.Area)
  CAR:    0.11  Ratio:    0.00       (C.S.Area)

[1]  L1M1_PR:
  PAR:    0.18  Ratio:    3.00       (Area)
  CAR:    0.18  Ratio:    0.00       (C.Area)


Net - net14
  output14  (sky130_fd_sc_hd__buf_6)  A
[1]  met2:
  PAR:    2.92  Ratio:    0.00       (Area)
  PAR:   14.67  Ratio: 2778.20       (S.Area)
  CAR:    4.77  Ratio:    0.00       (C.Area)
  CAR:   24.24  Ratio:    0.00       (C.S.Area)

[1]  met1:
  PAR:    1.83  Ratio:    0.00       (Area)
  PAR:    9.53  Ratio:  400.00       (S.Area)
  CAR:    1.86  Ratio:    0.00       (C.Area)
  CAR:    9.57  Ratio:    0.00       (C.S.Area)

[1]  li1:
  PAR:    0.03  Ratio:    0.00       (Area)
  PAR:    0.03  Ratio:   75.00       (S.Area)
  CAR:    0.03  Ratio:    0.00       (C.Area)
  CAR:    0.03  Ratio:    0.00       (C.S.Area)

[1]  M1M2_PR:
  PAR:    0.05  Ratio:    6.00       (Area)
  CAR:    0.10  Ratio:    0.00       (C.Area)

[1]  L1M1_PR:
  PAR:    0.06  Ratio:    3.00       (Area)
  CAR:    0.06  Ratio:    0.00       (C.Area)


Net - net15
  ppa_post_0_4.U1.xor2  (sky130_fd_sc_hd__xor2_1)  A
[1]  met2:
  PAR:    0.61  Ratio:    0.00       (Area)
  PAR:    3.13  Ratio: 2771.60       (S.Area)
  CAR:    1.33  Ratio:    0.00       (C.Area)
  CAR:    6.81  Ratio:    0.00       (C.S.Area)

[1]  met1:
  PAR:    0.69  Ratio:    0.00       (Area)
  PAR:    3.65  Ratio:  400.00       (S.Area)
  CAR:    0.72  Ratio:    0.00       (C.Area)
  CAR:    3.68  Ratio:    0.00       (C.S.Area)

[1]  li1:
  PAR:    0.03  Ratio:    0.00       (Area)
  PAR:    0.03  Ratio:   75.00       (S.Area)
  CAR:    0.03  Ratio:    0.00       (C.Area)
  CAR:    0.03  Ratio:    0.00       (C.S.Area)

[1]  M1M2_PR:
  PAR:    0.05  Ratio:    6.00       (Area)
  CAR:    0.10  Ratio:    0.00       (C.Area)

[1]  L1M1_PR:
  PAR:    0.06  Ratio:    3.00       (Area)
  CAR:    0.06  Ratio:    0.00       (C.Area)


Net - net16
  ppa_post_2_4.U1.xor2  (sky130_fd_sc_hd__xor2_1)  B
[1]  met2:
  PAR:    0.71  Ratio:    0.00       (Area)
  PAR:    3.61  Ratio: 2778.20       (S.Area)
  CAR:    1.16  Ratio:    0.00       (C.Area)
  CAR:    5.99  Ratio:    0.00       (C.S.Area)

[1]  met1:
  PAR:    0.43  Ratio:    0.00       (Area)
  PAR:    2.35  Ratio:  400.00       (S.Area)
  CAR:    0.46  Ratio:    0.00       (C.Area)
  CAR:    2.38  Ratio:    0.00       (C.S.Area)

[1]  li1:
  PAR:    0.03  Ratio:    0.00       (Area)
  PAR:    0.03  Ratio:   75.00       (S.Area)
  CAR:    0.03  Ratio:    0.00       (C.Area)
  CAR:    0.03  Ratio:    0.00       (C.S.Area)

[1]  M1M2_PR:
  PAR:    0.05  Ratio:    6.00       (Area)
  CAR:    0.10  Ratio:    0.00       (C.Area)

[1]  L1M1_PR:
  PAR:    0.06  Ratio:    3.00       (Area)
  CAR:    0.06  Ratio:    0.00       (C.Area)


Net - net17
  ppa_post_1_4.U1.xor2  (sky130_fd_sc_hd__xor2_1)  B
[1]  met2:
  PAR:    0.61  Ratio:    0.00       (Area)
  PAR:    3.13  Ratio: 2771.60       (S.Area)
  CAR:    1.33  Ratio:    0.00       (C.Area)
  CAR:    6.81  Ratio:    0.00       (C.S.Area)

[1]  met1:
  PAR:    0.69  Ratio:    0.00       (Area)
  PAR:    3.65  Ratio:  400.00       (S.Area)
  CAR:    0.72  Ratio:    0.00       (C.Area)
  CAR:    3.68  Ratio:    0.00       (C.S.Area)

[1]  li1:
  PAR:    0.03  Ratio:    0.00       (Area)
  PAR:    0.03  Ratio:   75.00       (S.Area)
  CAR:    0.03  Ratio:    0.00       (C.Area)
  CAR:    0.03  Ratio:    0.00       (C.S.Area)

[1]  M1M2_PR:
  PAR:    0.05  Ratio:    6.00       (Area)
  CAR:    0.10  Ratio:    0.00       (C.Area)

[1]  L1M1_PR:
  PAR:    0.06  Ratio:    3.00       (Area)
  CAR:    0.06  Ratio:    0.00       (C.Area)


Net - net2
  ppa_pre_2_0.U2.and2  (sky130_fd_sc_hd__and2_1)  A
[1]  met2:
  PAR:    1.19  Ratio:    0.00       (Area)
  PAR:    6.18  Ratio: 2736.24       (S.Area)
  CAR:    3.51  Ratio:    0.00       (C.Area)
  CAR:   18.09  Ratio:    0.00       (C.S.Area)

[1]  met1:
  PAR:    2.20  Ratio:    0.00       (Area)
  PAR:   11.78  Ratio:  400.00       (S.Area)
  CAR:    2.31  Ratio:    0.00       (C.Area)
  CAR:   11.91  Ratio:    0.00       (C.S.Area)

[1]  li1:
  PAR:    0.11  Ratio:    0.00       (Area)
  PAR:    0.13  Ratio:   75.00       (S.Area)
  CAR:    0.11  Ratio:    0.00       (C.Area)
  CAR:    0.13  Ratio:    0.00       (C.S.Area)

[1]  M1M2_PR:
  PAR:    0.18  Ratio:    6.00       (Area)
  CAR:    0.41  Ratio:    0.00       (C.Area)

[1]  L1M1_PR:
  PAR:    0.23  Ratio:    3.00       (Area)
  CAR:    0.23  Ratio:    0.00       (C.Area)

  ppa_pre_2_0.U1.xor2  (sky130_fd_sc_hd__xor2_1)  A
[1]  met2:
  PAR:    1.19  Ratio:    0.00       (Area)
  PAR:    6.18  Ratio: 2736.24       (S.Area)
  CAR:    1.26  Ratio:    0.00       (C.Area)
  CAR:    6.41  Ratio:    0.00       (C.S.Area)

[1]  met1:
  PAR:    0.04  Ratio:    0.00       (Area)
  PAR:    0.20  Ratio:  400.00       (S.Area)
  CAR:    0.07  Ratio:    0.00       (C.Area)
  CAR:    0.23  Ratio:    0.00       (C.S.Area)

[1]  li1:
  PAR:    0.03  Ratio:    0.00       (Area)
  PAR:    0.03  Ratio:   75.00       (S.Area)
  CAR:    0.03  Ratio:    0.00       (C.Area)
  CAR:    0.03  Ratio:    0.00       (C.S.Area)

[1]  M1M2_PR:
  PAR:    0.05  Ratio:    6.00       (Area)
  CAR:    0.10  Ratio:    0.00       (C.Area)

[1]  L1M1_PR:
  PAR:    0.06  Ratio:    3.00       (Area)
  CAR:    0.06  Ratio:    0.00       (C.Area)


Net - net3
  ppa_pre_3_0.U2.and2  (sky130_fd_sc_hd__and2_1)  A
[1]  met2:
  PAR:    3.55  Ratio:    0.00       (Area)
  PAR:   17.83  Ratio: 2736.24       (S.Area)
  CAR:    5.61  Ratio:    0.00       (C.Area)
  CAR:   28.33  Ratio:    0.00       (C.S.Area)

[1]  met1:
  PAR:    1.95  Ratio:    0.00       (Area)
  PAR:   10.37  Ratio:  400.00       (S.Area)
  CAR:    2.06  Ratio:    0.00       (C.Area)
  CAR:   10.51  Ratio:    0.00       (C.S.Area)

[1]  li1:
  PAR:    0.11  Ratio:    0.00       (Area)
  PAR:    0.13  Ratio:   75.00       (S.Area)
  CAR:    0.11  Ratio:    0.00       (C.Area)
  CAR:    0.13  Ratio:    0.00       (C.S.Area)

[1]  M1M2_PR:
  PAR:    0.04  Ratio:    6.00       (Area)
  CAR:    0.27  Ratio:    0.00       (C.Area)

[1]  L1M1_PR:
  PAR:    0.23  Ratio:    3.00       (Area)
  CAR:    0.23  Ratio:    0.00       (C.Area)

  ppa_pre_3_0.U1.xor2  (sky130_fd_sc_hd__xor2_1)  A
[1]  met2:
  PAR:    3.55  Ratio:    0.00       (Area)
  PAR:   17.83  Ratio: 2736.24       (S.Area)
  CAR:    5.53  Ratio:    0.00       (C.Area)
  CAR:   28.23  Ratio:    0.00       (C.S.Area)

[1]  met1:
  PAR:    1.95  Ratio:    0.00       (Area)
  PAR:   10.37  Ratio:  400.00       (S.Area)
  CAR:    1.98  Ratio:    0.00       (C.Area)
  CAR:   10.40  Ratio:    0.00       (C.S.Area)

[1]  li1:
  PAR:    0.03  Ratio:    0.00       (Area)
  PAR:    0.03  Ratio:   75.00       (S.Area)
  CAR:    0.03  Ratio:    0.00       (C.Area)
  CAR:    0.03  Ratio:    0.00       (C.S.Area)

[1]  M1M2_PR:
  PAR:    0.04  Ratio:    6.00       (Area)
  CAR:    0.09  Ratio:    0.00       (C.Area)

[1]  L1M1_PR:
  PAR:    0.06  Ratio:    3.00       (Area)
  CAR:    0.06  Ratio:    0.00       (C.Area)


Net - net4
  ppa_pre_cout.U2.and2  (sky130_fd_sc_hd__and2_1)  A
[1]  met2:
  PAR:    1.80  Ratio:    0.00       (Area)
  PAR:    9.25  Ratio: 2736.24       (S.Area)
  CAR:    2.07  Ratio:    0.00       (C.Area)
  CAR:   10.16  Ratio:    0.00       (C.S.Area)

[1]  met1:
  PAR:    0.16  Ratio:    0.00       (Area)
  PAR:    0.78  Ratio:  400.00       (S.Area)
  CAR:    0.27  Ratio:    0.00       (C.Area)
  CAR:    0.91  Ratio:    0.00       (C.S.Area)

[1]  li1:
  PAR:    0.11  Ratio:    0.00       (Area)
  PAR:    0.13  Ratio:   75.00       (S.Area)
  CAR:    0.11  Ratio:    0.00       (C.Area)
  CAR:    0.13  Ratio:    0.00       (C.S.Area)

[1]  M1M2_PR:
  PAR:    0.18  Ratio:    6.00       (Area)
  CAR:    0.41  Ratio:    0.00       (C.Area)

[1]  L1M1_PR:
  PAR:    0.23  Ratio:    3.00       (Area)
  CAR:    0.23  Ratio:    0.00       (C.Area)

  ppa_pre_cout.U1.xor2  (sky130_fd_sc_hd__xor2_1)  A
[1]  met2:
  PAR:    1.80  Ratio:    0.00       (Area)
  PAR:    9.25  Ratio: 2736.24       (S.Area)
  CAR:    2.00  Ratio:    0.00       (C.Area)
  CAR:   10.33  Ratio:    0.00       (C.S.Area)

[1]  met1:
  PAR:    0.17  Ratio:    0.00       (Area)
  PAR:    1.05  Ratio:  400.00       (S.Area)
  CAR:    0.20  Ratio:    0.00       (C.Area)
  CAR:    1.08  Ratio:    0.00       (C.S.Area)

[1]  li1:
  PAR:    0.03  Ratio:    0.00       (Area)
  PAR:    0.03  Ratio:   75.00       (S.Area)
  CAR:    0.03  Ratio:    0.00       (C.Area)
  CAR:    0.03  Ratio:    0.00       (C.S.Area)

[1]  M1M2_PR:
  PAR:    0.05  Ratio:    6.00       (Area)
  CAR:    0.10  Ratio:    0.00       (C.Area)

[1]  L1M1_PR:
  PAR:    0.06  Ratio:    3.00       (Area)
  CAR:    0.06  Ratio:    0.00       (C.Area)


Net - net5
  ppa_pre_1_0.U2.and2  (sky130_fd_sc_hd__and2_1)  B
[1]  met2:
  PAR:    1.11  Ratio:    0.00       (Area)
  PAR:    5.80  Ratio: 2736.24       (S.Area)
  CAR:    2.41  Ratio:    0.00       (C.Area)
  CAR:   12.60  Ratio:    0.00       (C.S.Area)

[1]  met1:
  PAR:    1.18  Ratio:    0.00       (Area)
  PAR:    6.67  Ratio:  400.00       (S.Area)
  CAR:    1.29  Ratio:    0.00       (C.Area)
  CAR:    6.80  Ratio:    0.00       (C.S.Area)

[1]  li1:
  PAR:    0.11  Ratio:    0.00       (Area)
  PAR:    0.13  Ratio:   75.00       (S.Area)
  CAR:    0.11  Ratio:    0.00       (C.Area)
  CAR:    0.13  Ratio:    0.00       (C.S.Area)

[1]  M1M2_PR:
  PAR:    0.18  Ratio:    6.00       (Area)
  CAR:    0.41  Ratio:    0.00       (C.Area)

[1]  L1M1_PR:
  PAR:    0.23  Ratio:    3.00       (Area)
  CAR:    0.23  Ratio:    0.00       (C.Area)

  ppa_pre_1_0.U1.xor2  (sky130_fd_sc_hd__xor2_1)  B
[1]  met2:
  PAR:    1.11  Ratio:    0.00       (Area)
  PAR:    5.80  Ratio: 2736.24       (S.Area)
  CAR:    1.70  Ratio:    0.00       (C.Area)
  CAR:    8.83  Ratio:    0.00       (C.S.Area)

[1]  met1:
  PAR:    0.56  Ratio:    0.00       (Area)
  PAR:    3.00  Ratio:  400.00       (S.Area)
  CAR:    0.59  Ratio:    0.00       (C.Area)
  CAR:    3.03  Ratio:    0.00       (C.S.Area)

[1]  li1:
  PAR:    0.03  Ratio:    0.00       (Area)
  PAR:    0.03  Ratio:   75.00       (S.Area)
  CAR:    0.03  Ratio:    0.00       (C.Area)
  CAR:    0.03  Ratio:    0.00       (C.S.Area)

[1]  M1M2_PR:
  PAR:    0.05  Ratio:    6.00       (Area)
  CAR:    0.10  Ratio:    0.00       (C.Area)

[1]  L1M1_PR:
  PAR:    0.06  Ratio:    3.00       (Area)
  CAR:    0.06  Ratio:    0.00       (C.Area)


Net - net6
  ppa_pre_2_0.U2.and2  (sky130_fd_sc_hd__and2_1)  B
[1]  met2:
  PAR:    3.03  Ratio:    0.00       (Area)
  PAR:   15.38  Ratio: 2736.24       (S.Area)
  CAR:    3.30  Ratio:    0.00       (C.Area)
  CAR:   16.29  Ratio:    0.00       (C.S.Area)

[1]  met1:
  PAR:    0.16  Ratio:    0.00       (Area)
  PAR:    0.78  Ratio:  400.00       (S.Area)
  CAR:    0.27  Ratio:    0.00       (C.Area)
  CAR:    0.91  Ratio:    0.00       (C.S.Area)

[1]  li1:
  PAR:    0.11  Ratio:    0.00       (Area)
  PAR:    0.13  Ratio:   75.00       (S.Area)
  CAR:    0.11  Ratio:    0.00       (C.Area)
  CAR:    0.13  Ratio:    0.00       (C.S.Area)

[1]  M1M2_PR:
  PAR:    0.18  Ratio:    6.00       (Area)
  CAR:    0.41  Ratio:    0.00       (C.Area)

[1]  L1M1_PR:
  PAR:    0.23  Ratio:    3.00       (Area)
  CAR:    0.23  Ratio:    0.00       (C.Area)

  ppa_pre_2_0.U1.xor2  (sky130_fd_sc_hd__xor2_1)  B
[1]  met2:
  PAR:    3.03  Ratio:    0.00       (Area)
  PAR:   15.38  Ratio: 2736.24       (S.Area)
  CAR:    3.23  Ratio:    0.00       (C.Area)
  CAR:   16.46  Ratio:    0.00       (C.S.Area)

[1]  met1:
  PAR:    0.17  Ratio:    0.00       (Area)
  PAR:    1.05  Ratio:  400.00       (S.Area)
  CAR:    0.20  Ratio:    0.00       (C.Area)
  CAR:    1.08  Ratio:    0.00       (C.S.Area)

[1]  li1:
  PAR:    0.03  Ratio:    0.00       (Area)
  PAR:    0.03  Ratio:   75.00       (S.Area)
  CAR:    0.03  Ratio:    0.00       (C.Area)
  CAR:    0.03  Ratio:    0.00       (C.S.Area)

[1]  M1M2_PR:
  PAR:    0.05  Ratio:    6.00       (Area)
  CAR:    0.10  Ratio:    0.00       (C.Area)

[1]  L1M1_PR:
  PAR:    0.06  Ratio:    3.00       (Area)
  CAR:    0.06  Ratio:    0.00       (C.Area)


Net - net7
  ppa_pre_3_0.U2.and2  (sky130_fd_sc_hd__and2_1)  B
[1]  met2:
  PAR:    2.43  Ratio:    0.00       (Area)
  PAR:   12.53  Ratio: 2736.24       (S.Area)
  CAR:    3.58  Ratio:    0.00       (C.Area)
  CAR:   18.34  Ratio:    0.00       (C.S.Area)

[1]  met1:
  PAR:    1.04  Ratio:    0.00       (Area)
  PAR:    5.68  Ratio:  400.00       (S.Area)
  CAR:    1.16  Ratio:    0.00       (C.Area)
  CAR:    5.82  Ratio:    0.00       (C.S.Area)

[1]  li1:
  PAR:    0.11  Ratio:    0.00       (Area)
  PAR:    0.13  Ratio:   75.00       (S.Area)
  CAR:    0.11  Ratio:    0.00       (C.Area)
  CAR:    0.13  Ratio:    0.00       (C.S.Area)

[1]  M1M2_PR:
  PAR:    0.04  Ratio:    6.00       (Area)
  CAR:    0.27  Ratio:    0.00       (C.Area)

[1]  L1M1_PR:
  PAR:    0.23  Ratio:    3.00       (Area)
  CAR:    0.23  Ratio:    0.00       (C.Area)

  ppa_pre_3_0.U1.xor2  (sky130_fd_sc_hd__xor2_1)  B
[1]  met2:
  PAR:    2.43  Ratio:    0.00       (Area)
  PAR:   12.53  Ratio: 2736.24       (S.Area)
  CAR:    3.50  Ratio:    0.00       (C.Area)
  CAR:   18.24  Ratio:    0.00       (C.S.Area)

[1]  met1:
  PAR:    1.04  Ratio:    0.00       (Area)
  PAR:    5.68  Ratio:  400.00       (S.Area)
  CAR:    1.07  Ratio:    0.00       (C.Area)
  CAR:    5.72  Ratio:    0.00       (C.S.Area)

[1]  li1:
  PAR:    0.03  Ratio:    0.00       (Area)
  PAR:    0.03  Ratio:   75.00       (S.Area)
  CAR:    0.03  Ratio:    0.00       (C.Area)
  CAR:    0.03  Ratio:    0.00       (C.S.Area)

[1]  M1M2_PR:
  PAR:    0.04  Ratio:    6.00       (Area)
  CAR:    0.09  Ratio:    0.00       (C.Area)

[1]  L1M1_PR:
  PAR:    0.06  Ratio:    3.00       (Area)
  CAR:    0.06  Ratio:    0.00       (C.Area)


Net - net8
  ppa_pre_cout.U2.and2  (sky130_fd_sc_hd__and2_1)  B
[1]  met2:
  PAR:    1.04  Ratio:    0.00       (Area)
  PAR:    5.42  Ratio: 2736.24       (S.Area)
  CAR:    1.31  Ratio:    0.00       (C.Area)
  CAR:    6.33  Ratio:    0.00       (C.S.Area)

[1]  met1:
  PAR:    0.16  Ratio:    0.00       (Area)
  PAR:    0.78  Ratio:  400.00       (S.Area)
  CAR:    0.27  Ratio:    0.00       (C.Area)
  CAR:    0.91  Ratio:    0.00       (C.S.Area)

[1]  li1:
  PAR:    0.11  Ratio:    0.00       (Area)
  PAR:    0.13  Ratio:   75.00       (S.Area)
  CAR:    0.11  Ratio:    0.00       (C.Area)
  CAR:    0.13  Ratio:    0.00       (C.S.Area)

[1]  M1M2_PR:
  PAR:    0.18  Ratio:    6.00       (Area)
  CAR:    0.41  Ratio:    0.00       (C.Area)

[1]  L1M1_PR:
  PAR:    0.23  Ratio:    3.00       (Area)
  CAR:    0.23  Ratio:    0.00       (C.Area)

  ppa_pre_cout.U1.xor2  (sky130_fd_sc_hd__xor2_1)  B
[1]  met2:
  PAR:    1.04  Ratio:    0.00       (Area)
  PAR:    5.42  Ratio: 2736.24       (S.Area)
  CAR:    1.33  Ratio:    0.00       (C.Area)
  CAR:    7.18  Ratio:    0.00       (C.S.Area)

[1]  met1:
  PAR:    0.27  Ratio:    0.00       (Area)
  PAR:    1.73  Ratio:  400.00       (S.Area)
  CAR:    0.30  Ratio:    0.00       (C.Area)
  CAR:    1.76  Ratio:    0.00       (C.S.Area)

[1]  li1:
  PAR:    0.03  Ratio:    0.00       (Area)
  PAR:    0.03  Ratio:   75.00       (S.Area)
  CAR:    0.03  Ratio:    0.00       (C.Area)
  CAR:    0.03  Ratio:    0.00       (C.S.Area)

[1]  M1M2_PR:
  PAR:    0.05  Ratio:    6.00       (Area)
  CAR:    0.10  Ratio:    0.00       (C.Area)

[1]  L1M1_PR:
  PAR:    0.06  Ratio:    3.00       (Area)
  CAR:    0.06  Ratio:    0.00       (C.Area)


Net - net9
  ppa_grey_1_1.U1.ao21  (sky130_fd_sc_hd__a21o_1)  A1
[1]  met2:
  PAR:    1.57  Ratio:    0.00       (Area)
  PAR:    8.06  Ratio: 2736.24       (S.Area)
  CAR:    3.55  Ratio:    0.00       (C.Area)
  CAR:   18.32  Ratio:    0.00       (C.S.Area)

[1]  met1:
  PAR:    1.38  Ratio:    0.00       (Area)
  PAR:    7.30  Ratio:  400.00       (S.Area)
  CAR:    1.44  Ratio:    0.00       (C.Area)
  CAR:    7.37  Ratio:    0.00       (C.S.Area)

[1]  li1:
  PAR:    0.06  Ratio:    0.00       (Area)
  PAR:    0.07  Ratio:   75.00       (S.Area)
  CAR:    0.06  Ratio:    0.00       (C.Area)
  CAR:    0.07  Ratio:    0.00       (C.S.Area)

[1]  M1M2_PR:
  PAR:    0.09  Ratio:    6.00       (Area)
  CAR:    0.21  Ratio:    0.00       (C.Area)

[1]  L1M1_PR:
  PAR:    0.12  Ratio:    3.00       (Area)
  CAR:    0.12  Ratio:    0.00       (C.Area)

  ppa_post_0_4.U1.xor2  (sky130_fd_sc_hd__xor2_1)  B
[1]  met2:
  PAR:    1.57  Ratio:    0.00       (Area)
  PAR:    8.06  Ratio: 2736.24       (S.Area)
  CAR:    2.14  Ratio:    0.00       (C.Area)
  CAR:   10.99  Ratio:    0.00       (C.S.Area)

[1]  met1:
  PAR:    0.54  Ratio:    0.00       (Area)
  PAR:    2.90  Ratio:  400.00       (S.Area)
  CAR:    0.57  Ratio:    0.00       (C.Area)
  CAR:    2.93  Ratio:    0.00       (C.S.Area)

[1]  li1:
  PAR:    0.03  Ratio:    0.00       (Area)
  PAR:    0.03  Ratio:   75.00       (S.Area)
  CAR:    0.03  Ratio:    0.00       (C.Area)
  CAR:    0.03  Ratio:    0.00       (C.S.Area)

[1]  M1M2_PR:
  PAR:    0.09  Ratio:    6.00       (Area)
  CAR:    0.15  Ratio:    0.00       (C.Area)

[1]  L1M1_PR:
  PAR:    0.06  Ratio:    3.00       (Area)
  CAR:    0.06  Ratio:    0.00       (C.Area)


Net - ppa_grey_1_1.U1.A1
  rebuffer1  (sky130_fd_sc_hd__dlygate4sd1_1)  A
[1]  met2:
  PAR:    2.13  Ratio:    0.00       (Area)
  PAR:   11.05  Ratio: 2920.20       (S.Area)
  CAR:    3.43  Ratio:    0.00       (C.Area)
  CAR:   17.85  Ratio:    0.00       (C.S.Area)

[1]  met1:
  PAR:    1.18  Ratio:    0.00       (Area)
  PAR:    6.67  Ratio:  400.00       (S.Area)
  CAR:    1.29  Ratio:    0.00       (C.Area)
  CAR:    6.80  Ratio:    0.00       (C.S.Area)

[1]  li1:
  PAR:    0.11  Ratio:    0.00       (Area)
  PAR:    0.13  Ratio:   75.00       (S.Area)
  CAR:    0.11  Ratio:    0.00       (C.Area)
  CAR:    0.13  Ratio:    0.00       (C.S.Area)

[1]  M1M2_PR:
  PAR:    0.18  Ratio:    6.00       (Area)
  CAR:    0.41  Ratio:    0.00       (C.Area)

[1]  L1M1_PR:
  PAR:    0.23  Ratio:    3.00       (Area)
  CAR:    0.23  Ratio:    0.00       (C.Area)

  ppa_grey_1_1.U1.ao21  (sky130_fd_sc_hd__a21o_1)  A2
[1]  met2:
  PAR:    2.13  Ratio:    0.00       (Area)
  PAR:   11.05  Ratio: 2920.20       (S.Area)
  CAR:    4.81  Ratio:    0.00       (C.Area)
  CAR:   24.97  Ratio:    0.00       (C.S.Area)

[1]  met1:
  PAR:    2.61  Ratio:    0.00       (Area)
  PAR:   13.86  Ratio:  400.00       (S.Area)
  CAR:    2.67  Ratio:    0.00       (C.Area)
  CAR:   13.93  Ratio:    0.00       (C.S.Area)

[1]  li1:
  PAR:    0.06  Ratio:    0.00       (Area)
  PAR:    0.07  Ratio:   75.00       (S.Area)
  CAR:    0.06  Ratio:    0.00       (C.Area)
  CAR:    0.07  Ratio:    0.00       (C.S.Area)

[1]  M1M2_PR:
  PAR:    0.09  Ratio:    6.00       (Area)
  CAR:    0.21  Ratio:    0.00       (C.Area)

[1]  L1M1_PR:
  PAR:    0.12  Ratio:    3.00       (Area)
  CAR:    0.12  Ratio:    0.00       (C.Area)


Net - ppa_grey_1_1.U1.B0
  ppa_grey_1_1.U1.ao21  (sky130_fd_sc_hd__a21o_1)  B1
[1]  met2:
  PAR:    2.95  Ratio:    0.00       (Area)
  PAR:   14.92  Ratio: 2862.80       (S.Area)
  CAR:    3.09  Ratio:    0.00       (C.Area)
  CAR:   15.38  Ratio:    0.00       (C.S.Area)

[1]  met1:
  PAR:    0.08  Ratio:    0.00       (Area)
  PAR:    0.40  Ratio:  400.00       (S.Area)
  CAR:    0.14  Ratio:    0.00       (C.Area)
  CAR:    0.46  Ratio:    0.00       (C.S.Area)

[1]  li1:
  PAR:    0.06  Ratio:    0.00       (Area)
  PAR:    0.07  Ratio:   75.00       (S.Area)
  CAR:    0.06  Ratio:    0.00       (C.Area)
  CAR:    0.07  Ratio:    0.00       (C.S.Area)

[1]  M1M2_PR:
  PAR:    0.09  Ratio:    6.00       (Area)
  CAR:    0.21  Ratio:    0.00       (C.Area)

[1]  L1M1_PR:
  PAR:    0.12  Ratio:    3.00       (Area)
  CAR:    0.12  Ratio:    0.00       (C.Area)


Net - ppa_grey_1_1.U1.Y
  rebuffer3  (sky130_fd_sc_hd__dlygate4sd1_1)  A
[1]  met2:
  PAR:    1.98  Ratio:    0.00       (Area)
  PAR:   10.28  Ratio: 2771.60       (S.Area)
  CAR:    2.25  Ratio:    0.00       (C.Area)
  CAR:   11.19  Ratio:    0.00       (C.S.Area)

[1]  met1:
  PAR:    0.16  Ratio:    0.00       (Area)
  PAR:    0.78  Ratio:  400.00       (S.Area)
  CAR:    0.27  Ratio:    0.00       (C.Area)
  CAR:    0.91  Ratio:    0.00       (C.S.Area)

[1]  li1:
  PAR:    0.11  Ratio:    0.00       (Area)
  PAR:    0.13  Ratio:   75.00       (S.Area)
  CAR:    0.11  Ratio:    0.00       (C.Area)
  CAR:    0.13  Ratio:    0.00       (C.S.Area)

[1]  M1M2_PR:
  PAR:    0.18  Ratio:    6.00       (Area)
  CAR:    0.41  Ratio:    0.00       (C.Area)

[1]  L1M1_PR:
  PAR:    0.23  Ratio:    3.00       (Area)
  CAR:    0.23  Ratio:    0.00       (C.Area)

  ppa_grey_2_2.U1.ao21  (sky130_fd_sc_hd__a21o_1)  A1
[1]  met2:
  PAR:    1.98  Ratio:    0.00       (Area)
  PAR:   10.28  Ratio: 2771.60       (S.Area)
  CAR:    2.38  Ratio:    0.00       (C.Area)
  CAR:   12.44  Ratio:    0.00       (C.S.Area)

[1]  met1:
  PAR:    0.34  Ratio:    0.00       (Area)
  PAR:    2.09  Ratio:  400.00       (S.Area)
  CAR:    0.40  Ratio:    0.00       (C.Area)
  CAR:    2.16  Ratio:    0.00       (C.S.Area)

[1]  li1:
  PAR:    0.06  Ratio:    0.00       (Area)
  PAR:    0.07  Ratio:   75.00       (S.Area)
  CAR:    0.06  Ratio:    0.00       (C.Area)
  CAR:    0.07  Ratio:    0.00       (C.S.Area)

[1]  M1M2_PR:
  PAR:    0.09  Ratio:    6.00       (Area)
  CAR:    0.21  Ratio:    0.00       (C.Area)

[1]  L1M1_PR:
  PAR:    0.12  Ratio:    3.00       (Area)
  CAR:    0.12  Ratio:    0.00       (C.Area)


Net - ppa_grey_2_2.U1.A1
  ppa_post_1_4.U1.xor2  (sky130_fd_sc_hd__xor2_1)  A
[1]  met2:
  PAR:    0.48  Ratio:    0.00       (Area)
  PAR:    2.47  Ratio: 2920.20       (S.Area)
  CAR:    1.33  Ratio:    0.00       (C.Area)
  CAR:    6.87  Ratio:    0.00       (C.S.Area)

[1]  met1:
  PAR:    0.82  Ratio:    0.00       (Area)
  PAR:    4.36  Ratio:  400.00       (S.Area)
  CAR:    0.85  Ratio:    0.00       (C.Area)
  CAR:    4.40  Ratio:    0.00       (C.S.Area)

[1]  li1:
  PAR:    0.03  Ratio:    0.00       (Area)
  PAR:    0.03  Ratio:   75.00       (S.Area)
  CAR:    0.03  Ratio:    0.00       (C.Area)
  CAR:    0.03  Ratio:    0.00       (C.S.Area)

[1]  M1M2_PR:
  PAR:    0.03  Ratio:    6.00       (Area)
  CAR:    0.09  Ratio:    0.00       (C.Area)

[1]  L1M1_PR:
  PAR:    0.06  Ratio:    3.00       (Area)
  CAR:    0.06  Ratio:    0.00       (C.Area)

  ppa_grey_2_2.U1.ao21  (sky130_fd_sc_hd__a21o_1)  A2
[1]  met2:
  PAR:    0.48  Ratio:    0.00       (Area)
  PAR:    2.47  Ratio: 2920.20       (S.Area)
  CAR:    1.36  Ratio:    0.00       (C.Area)
  CAR:    6.91  Ratio:    0.00       (C.S.Area)

[1]  met1:
  PAR:    0.82  Ratio:    0.00       (Area)
  PAR:    4.36  Ratio:  400.00       (S.Area)
  CAR:    0.88  Ratio:    0.00       (C.Area)
  CAR:    4.43  Ratio:    0.00       (C.S.Area)

[1]  li1:
  PAR:    0.06  Ratio:    0.00       (Area)
  PAR:    0.07  Ratio:   75.00       (S.Area)
  CAR:    0.06  Ratio:    0.00       (C.Area)
  CAR:    0.07  Ratio:    0.00       (C.S.Area)

[1]  M1M2_PR:
  PAR:    0.03  Ratio:    6.00       (Area)
  CAR:    0.15  Ratio:    0.00       (C.Area)

[1]  L1M1_PR:
  PAR:    0.12  Ratio:    3.00       (Area)
  CAR:    0.12  Ratio:    0.00       (C.Area)


Net - ppa_grey_2_2.U1.B0
  ppa_grey_2_2.U1.ao21  (sky130_fd_sc_hd__a21o_1)  B1
[1]  met2:
  PAR:    3.72  Ratio:    0.00       (Area)
  PAR:   18.76  Ratio: 2862.80       (S.Area)
  CAR:    4.38  Ratio:    0.00       (C.Area)
  CAR:   22.23  Ratio:    0.00       (C.S.Area)

[1]  met1:
  PAR:    0.60  Ratio:    0.00       (Area)
  PAR:    3.39  Ratio:  400.00       (S.Area)
  CAR:    0.66  Ratio:    0.00       (C.Area)
  CAR:    3.46  Ratio:    0.00       (C.S.Area)

[1]  li1:
  PAR:    0.06  Ratio:    0.00       (Area)
  PAR:    0.07  Ratio:   75.00       (S.Area)
  CAR:    0.06  Ratio:    0.00       (C.Area)
  CAR:    0.07  Ratio:    0.00       (C.S.Area)

[1]  M1M2_PR:
  PAR:    0.09  Ratio:    6.00       (Area)
  CAR:    0.21  Ratio:    0.00       (C.Area)

[1]  L1M1_PR:
  PAR:    0.12  Ratio:    3.00       (Area)
  CAR:    0.12  Ratio:    0.00       (C.Area)


Net - ppa_grey_2_2.U1.Y
  ppa_grey_3_3.U1.ao21  (sky130_fd_sc_hd__a21o_1)  A1
[1]  met2:
  PAR:    2.66  Ratio:    0.00       (Area)
  PAR:   13.66  Ratio: 2771.60       (S.Area)
  CAR:    4.36  Ratio:    0.00       (C.Area)
  CAR:   22.33  Ratio:    0.00       (C.S.Area)

[1]  met1:
  PAR:    1.64  Ratio:    0.00       (Area)
  PAR:    8.60  Ratio:  400.00       (S.Area)
  CAR:    1.70  Ratio:    0.00       (C.Area)
  CAR:    8.67  Ratio:    0.00       (C.S.Area)

[1]  li1:
  PAR:    0.06  Ratio:    0.00       (Area)
  PAR:    0.07  Ratio:   75.00       (S.Area)
  CAR:    0.06  Ratio:    0.00       (C.Area)
  CAR:    0.07  Ratio:    0.00       (C.S.Area)

[1]  M1M2_PR:
  PAR:    0.09  Ratio:    6.00       (Area)
  CAR:    0.21  Ratio:    0.00       (C.Area)

[1]  L1M1_PR:
  PAR:    0.12  Ratio:    3.00       (Area)
  CAR:    0.12  Ratio:    0.00       (C.Area)

  rebuffer2  (sky130_fd_sc_hd__buf_2)  A
[1]  met2:
  PAR:    2.66  Ratio:    0.00       (Area)
  PAR:   13.66  Ratio: 2771.60       (S.Area)
  CAR:    4.09  Ratio:    0.00       (C.Area)
  CAR:   21.08  Ratio:    0.00       (C.S.Area)

[1]  met1:
  PAR:    1.34  Ratio:    0.00       (Area)
  PAR:    7.31  Ratio:  400.00       (S.Area)
  CAR:    1.43  Ratio:    0.00       (C.Area)
  CAR:    7.42  Ratio:    0.00       (C.S.Area)

[1]  li1:
  PAR:    0.09  Ratio:    0.00       (Area)
  PAR:    0.11  Ratio:   75.00       (S.Area)
  CAR:    0.09  Ratio:    0.00       (C.Area)
  CAR:    0.11  Ratio:    0.00       (C.S.Area)

[1]  M1M2_PR:
  PAR:    0.14  Ratio:    6.00       (Area)
  CAR:    0.32  Ratio:    0.00       (C.Area)

[1]  L1M1_PR:
  PAR:    0.18  Ratio:    3.00       (Area)
  CAR:    0.18  Ratio:    0.00       (C.Area)


Net - ppa_grey_3_3.U1.A1
  ppa_grey_3_3.U1.ao21  (sky130_fd_sc_hd__a21o_1)  A2
[1]  met2:
  PAR:    1.14  Ratio:    0.00       (Area)
  PAR:    5.88  Ratio: 2920.20       (S.Area)
  CAR:    1.54  Ratio:    0.00       (C.Area)
  CAR:    8.04  Ratio:    0.00       (C.S.Area)

[1]  met1:
  PAR:    0.34  Ratio:    0.00       (Area)
  PAR:    2.09  Ratio:  400.00       (S.Area)
  CAR:    0.40  Ratio:    0.00       (C.Area)
  CAR:    2.16  Ratio:    0.00       (C.S.Area)

[1]  li1:
  PAR:    0.06  Ratio:    0.00       (Area)
  PAR:    0.07  Ratio:   75.00       (S.Area)
  CAR:    0.06  Ratio:    0.00       (C.Area)
  CAR:    0.07  Ratio:    0.00       (C.S.Area)

[1]  M1M2_PR:
  PAR:    0.09  Ratio:    6.00       (Area)
  CAR:    0.21  Ratio:    0.00       (C.Area)

[1]  L1M1_PR:
  PAR:    0.12  Ratio:    3.00       (Area)
  CAR:    0.12  Ratio:    0.00       (C.Area)

  ppa_post_2_4.U1.xor2  (sky130_fd_sc_hd__xor2_1)  A
[1]  met2:
  PAR:    1.14  Ratio:    0.00       (Area)
  PAR:    5.88  Ratio: 2920.20       (S.Area)
  CAR:    1.86  Ratio:    0.00       (C.Area)
  CAR:    9.56  Ratio:    0.00       (C.S.Area)

[1]  met1:
  PAR:    0.69  Ratio:    0.00       (Area)
  PAR:    3.65  Ratio:  400.00       (S.Area)
  CAR:    0.72  Ratio:    0.00       (C.Area)
  CAR:    3.68  Ratio:    0.00       (C.S.Area)

[1]  li1:
  PAR:    0.03  Ratio:    0.00       (Area)
  PAR:    0.03  Ratio:   75.00       (S.Area)
  CAR:    0.03  Ratio:    0.00       (C.Area)
  CAR:    0.03  Ratio:    0.00       (C.S.Area)

[1]  M1M2_PR:
  PAR:    0.05  Ratio:    6.00       (Area)
  CAR:    0.10  Ratio:    0.00       (C.Area)

[1]  L1M1_PR:
  PAR:    0.06  Ratio:    3.00       (Area)
  CAR:    0.06  Ratio:    0.00       (C.Area)


Net - ppa_grey_3_3.U1.B0
  ppa_grey_3_3.U1.ao21  (sky130_fd_sc_hd__a21o_1)  B1
[1]  met2:
  PAR:    1.22  Ratio:    0.00       (Area)
  PAR:    6.26  Ratio: 2862.80       (S.Area)
  CAR:    1.36  Ratio:    0.00       (C.Area)
  CAR:    6.73  Ratio:    0.00       (C.S.Area)

[1]  met1:
  PAR:    0.08  Ratio:    0.00       (Area)
  PAR:    0.40  Ratio:  400.00       (S.Area)
  CAR:    0.14  Ratio:    0.00       (C.Area)
  CAR:    0.46  Ratio:    0.00       (C.S.Area)

[1]  li1:
  PAR:    0.06  Ratio:    0.00       (Area)
  PAR:    0.07  Ratio:   75.00       (S.Area)
  CAR:    0.06  Ratio:    0.00       (C.Area)
  CAR:    0.07  Ratio:    0.00       (C.S.Area)

[1]  M1M2_PR:
  PAR:    0.09  Ratio:    6.00       (Area)
  CAR:    0.21  Ratio:    0.00       (C.Area)

[1]  L1M1_PR:
  PAR:    0.12  Ratio:    3.00       (Area)
  CAR:    0.12  Ratio:    0.00       (C.Area)


Net - ppa_grey_3_3.U1.Y
  ppa_grey_cout.U1.ao21  (sky130_fd_sc_hd__a21o_1)  A1
[1]  met2:
  PAR:    0.41  Ratio:    0.00       (Area)
  PAR:    2.09  Ratio: 2771.60       (S.Area)
  CAR:    1.16  Ratio:    0.00       (C.Area)
  CAR:    5.91  Ratio:    0.00       (C.S.Area)

[1]  met1:
  PAR:    0.70  Ratio:    0.00       (Area)
  PAR:    3.75  Ratio:  400.00       (S.Area)
  CAR:    0.76  Ratio:    0.00       (C.Area)
  CAR:    3.82  Ratio:    0.00       (C.S.Area)

[1]  li1:
  PAR:    0.06  Ratio:    0.00       (Area)
  PAR:    0.07  Ratio:   75.00       (S.Area)
  CAR:    0.06  Ratio:    0.00       (C.Area)
  CAR:    0.07  Ratio:    0.00       (C.S.Area)

[1]  M1M2_PR:
  PAR:    0.03  Ratio:    6.00       (Area)
  CAR:    0.15  Ratio:    0.00       (C.Area)

[1]  L1M1_PR:
  PAR:    0.12  Ratio:    3.00       (Area)
  CAR:    0.12  Ratio:    0.00       (C.Area)

  ppa_post_3_4.U1.xor2  (sky130_fd_sc_hd__xor2_1)  B
[1]  met2:
  PAR:    0.41  Ratio:    0.00       (Area)
  PAR:    2.09  Ratio: 2771.60       (S.Area)
  CAR:    1.13  Ratio:    0.00       (C.Area)
  CAR:    5.87  Ratio:    0.00       (C.S.Area)

[1]  met1:
  PAR:    0.70  Ratio:    0.00       (Area)
  PAR:    3.75  Ratio:  400.00       (S.Area)
  CAR:    0.73  Ratio:    0.00       (C.Area)
  CAR:    3.79  Ratio:    0.00       (C.S.Area)

[1]  li1:
  PAR:    0.03  Ratio:    0.00       (Area)
  PAR:    0.03  Ratio:   75.00       (S.Area)
  CAR:    0.03  Ratio:    0.00       (C.Area)
  CAR:    0.03  Ratio:    0.00       (C.S.Area)

[1]  M1M2_PR:
  PAR:    0.03  Ratio:    6.00       (Area)
  CAR:    0.09  Ratio:    0.00       (C.Area)

[1]  L1M1_PR:
  PAR:    0.06  Ratio:    3.00       (Area)
  CAR:    0.06  Ratio:    0.00       (C.Area)


Net - ppa_grey_cout.U1.A1
  ppa_grey_cout.U1.ao21  (sky130_fd_sc_hd__a21o_1)  A2
[1]  met2:
  PAR:    0.60  Ratio:    0.00       (Area)
  PAR:    3.05  Ratio: 2920.20       (S.Area)
  CAR:    1.46  Ratio:    0.00       (C.Area)
  CAR:    7.42  Ratio:    0.00       (C.S.Area)

[1]  met1:
  PAR:    0.81  Ratio:    0.00       (Area)
  PAR:    4.30  Ratio:  400.00       (S.Area)
  CAR:    0.87  Ratio:    0.00       (C.Area)
  CAR:    4.37  Ratio:    0.00       (C.S.Area)

[1]  li1:
  PAR:    0.06  Ratio:    0.00       (Area)
  PAR:    0.07  Ratio:   75.00       (S.Area)
  CAR:    0.06  Ratio:    0.00       (C.Area)
  CAR:    0.07  Ratio:    0.00       (C.S.Area)

[1]  M1M2_PR:
  PAR:    0.03  Ratio:    6.00       (Area)
  CAR:    0.15  Ratio:    0.00       (C.Area)

[1]  L1M1_PR:
  PAR:    0.12  Ratio:    3.00       (Area)
  CAR:    0.12  Ratio:    0.00       (C.Area)

  ppa_post_3_4.U1.xor2  (sky130_fd_sc_hd__xor2_1)  A
[1]  met2:
  PAR:    0.60  Ratio:    0.00       (Area)
  PAR:    3.05  Ratio: 2920.20       (S.Area)
  CAR:    1.43  Ratio:    0.00       (C.Area)
  CAR:    7.38  Ratio:    0.00       (C.S.Area)

[1]  met1:
  PAR:    0.81  Ratio:    0.00       (Area)
  PAR:    4.30  Ratio:  400.00       (S.Area)
  CAR:    0.84  Ratio:    0.00       (C.Area)
  CAR:    4.33  Ratio:    0.00       (C.S.Area)

[1]  li1:
  PAR:    0.03  Ratio:    0.00       (Area)
  PAR:    0.03  Ratio:   75.00       (S.Area)
  CAR:    0.03  Ratio:    0.00       (C.Area)
  CAR:    0.03  Ratio:    0.00       (C.S.Area)

[1]  M1M2_PR:
  PAR:    0.03  Ratio:    6.00       (Area)
  CAR:    0.09  Ratio:    0.00       (C.Area)

[1]  L1M1_PR:
  PAR:    0.06  Ratio:    3.00       (Area)
  CAR:    0.06  Ratio:    0.00       (C.Area)


Net - ppa_grey_cout.U1.B0
  ppa_grey_cout.U1.ao21  (sky130_fd_sc_hd__a21o_1)  B1
[1]  met2:
  PAR:    2.56  Ratio:    0.00       (Area)
  PAR:   12.99  Ratio: 2862.80       (S.Area)
  CAR:    4.46  Ratio:    0.00       (C.Area)
  CAR:   23.02  Ratio:    0.00       (C.S.Area)

[1]  met1:
  PAR:    1.83  Ratio:    0.00       (Area)
  PAR:    9.96  Ratio:  400.00       (S.Area)
  CAR:    1.89  Ratio:    0.00       (C.Area)
  CAR:   10.02  Ratio:    0.00       (C.S.Area)

[1]  li1:
  PAR:    0.06  Ratio:    0.00       (Area)
  PAR:    0.07  Ratio:   75.00       (S.Area)
  CAR:    0.06  Ratio:    0.00       (C.Area)
  CAR:    0.07  Ratio:    0.00       (C.S.Area)

[1]  M1M2_PR:
  PAR:    0.09  Ratio:    6.00       (Area)
  CAR:    0.21  Ratio:    0.00       (C.Area)

[1]  L1M1_PR:
  PAR:    0.12  Ratio:    3.00       (Area)
  CAR:    0.12  Ratio:    0.00       (C.Area)


Net - ppa_post_0_4.U1.Y
  _0_  (sky130_fd_sc_hd__clkbuf_1)  A
[1]  met2:
  PAR:    2.26  Ratio:    0.00       (Area)
  PAR:   11.52  Ratio: 2920.20       (S.Area)
  CAR:    2.43  Ratio:    0.00       (C.Area)
  CAR:   12.11  Ratio:    0.00       (C.S.Area)

[1]  met1:
  PAR:    0.10  Ratio:    0.00       (Area)
  PAR:    0.50  Ratio:  400.00       (S.Area)
  CAR:    0.17  Ratio:    0.00       (C.Area)
  CAR:    0.59  Ratio:    0.00       (C.S.Area)

[1]  li1:
  PAR:    0.07  Ratio:    0.00       (Area)
  PAR:    0.09  Ratio:   75.00       (S.Area)
  CAR:    0.07  Ratio:    0.00       (C.Area)
  CAR:    0.09  Ratio:    0.00       (C.S.Area)

[1]  M1M2_PR:
  PAR:    0.11  Ratio:    6.00       (Area)
  CAR:    0.26  Ratio:    0.00       (C.Area)

[1]  L1M1_PR:
  PAR:    0.15  Ratio:    3.00       (Area)
  CAR:    0.15  Ratio:    0.00       (C.Area)


Net - ppa_post_1_4.U1.Y
  _1_  (sky130_fd_sc_hd__clkbuf_1)  A
[1]  met2:
  PAR:    2.50  Ratio:    0.00       (Area)
  PAR:   12.73  Ratio: 2920.20       (S.Area)
  CAR:    2.68  Ratio:    0.00       (C.Area)
  CAR:   13.32  Ratio:    0.00       (C.S.Area)

[1]  met1:
  PAR:    0.10  Ratio:    0.00       (Area)
  PAR:    0.50  Ratio:  400.00       (S.Area)
  CAR:    0.17  Ratio:    0.00       (C.Area)
  CAR:    0.59  Ratio:    0.00       (C.S.Area)

[1]  li1:
  PAR:    0.07  Ratio:    0.00       (Area)
  PAR:    0.09  Ratio:   75.00       (S.Area)
  CAR:    0.07  Ratio:    0.00       (C.Area)
  CAR:    0.09  Ratio:    0.00       (C.S.Area)

[1]  M1M2_PR:
  PAR:    0.11  Ratio:    6.00       (Area)
  CAR:    0.26  Ratio:    0.00       (C.Area)

[1]  L1M1_PR:
  PAR:    0.15  Ratio:    3.00       (Area)
  CAR:    0.15  Ratio:    0.00       (C.Area)


Net - ppa_post_2_4.U1.Y
  _2_  (sky130_fd_sc_hd__clkbuf_1)  A
[1]  met2:
  PAR:    2.75  Ratio:    0.00       (Area)
  PAR:   13.94  Ratio: 2920.20       (S.Area)
  CAR:    2.92  Ratio:    0.00       (C.Area)
  CAR:   14.53  Ratio:    0.00       (C.S.Area)

[1]  met1:
  PAR:    0.10  Ratio:    0.00       (Area)
  PAR:    0.50  Ratio:  400.00       (S.Area)
  CAR:    0.17  Ratio:    0.00       (C.Area)
  CAR:    0.59  Ratio:    0.00       (C.S.Area)

[1]  li1:
  PAR:    0.07  Ratio:    0.00       (Area)
  PAR:    0.09  Ratio:   75.00       (S.Area)
  CAR:    0.07  Ratio:    0.00       (C.Area)
  CAR:    0.09  Ratio:    0.00       (C.S.Area)

[1]  M1M2_PR:
  PAR:    0.11  Ratio:    6.00       (Area)
  CAR:    0.26  Ratio:    0.00       (C.Area)

[1]  L1M1_PR:
  PAR:    0.15  Ratio:    3.00       (Area)
  CAR:    0.15  Ratio:    0.00       (C.Area)


Net - ppa_post_3_4.U1.Y
  _3_  (sky130_fd_sc_hd__buf_2)  A
[1]  met2:
  PAR:    7.58  Ratio:    0.00       (Area)
  PAR:   38.19  Ratio: 2920.20       (S.Area)
  CAR:    7.80  Ratio:    0.00       (C.Area)
  CAR:   38.91  Ratio:    0.00       (C.S.Area)

[1]  met1:
  PAR:    0.12  Ratio:    0.00       (Area)
  PAR:    0.62  Ratio:  400.00       (S.Area)
  CAR:    0.21  Ratio:    0.00       (C.Area)
  CAR:    0.72  Ratio:    0.00       (C.S.Area)

[1]  li1:
  PAR:    0.09  Ratio:    0.00       (Area)
  PAR:    0.11  Ratio:   75.00       (S.Area)
  CAR:    0.09  Ratio:    0.00       (C.Area)
  CAR:    0.11  Ratio:    0.00       (C.S.Area)

[1]  M1M2_PR:
  PAR:    0.14  Ratio:    6.00       (Area)
  CAR:    0.32  Ratio:    0.00       (C.Area)

[1]  L1M1_PR:
  PAR:    0.18  Ratio:    3.00       (Area)
  CAR:    0.18  Ratio:    0.00       (C.Area)

Number of pins violated: 0
Number of nets violated: 0
Total number of unspecial nets: 46
