
===========================================================================
report_checks -path_delay max (Setup)
============================================================================
Startpoint: b[0] (input port clocked by clk)
Endpoint: sum[3] (output port clocked by clk)
Path Group: clk
Path Type: max

Fanout     Cap    Slew   Delay    Time   Description
-----------------------------------------------------------------------------
                  0.00    0.00    0.00   clock clk (rise edge)
                          0.00    0.00   clock network delay (ideal)
                          0.00    0.00 v input external delay
                  0.02    0.01    0.01 v b[0] (in)
     2    0.01                           b[0] (net)
                  0.02    0.00    0.01 v _15_/A (sky130_fd_sc_hd__or2_2)
                  0.07    0.31    0.32 v _15_/X (sky130_fd_sc_hd__or2_2)
     2    0.01                           _00_ (net)
                  0.07    0.00    0.32 v _19_/A2 (sky130_fd_sc_hd__a21bo_2)
                  0.06    0.25    0.57 v _19_/X (sky130_fd_sc_hd__a21bo_2)
     2    0.01                           _03_ (net)
                  0.06    0.00    0.58 v _24_/A1 (sky130_fd_sc_hd__a21bo_2)
                  0.06    0.23    0.81 v _24_/X (sky130_fd_sc_hd__a21bo_2)
     2    0.01                           _07_ (net)
                  0.06    0.01    0.81 v _32_/A1 (sky130_fd_sc_hd__a21boi_2)
                  0.19    0.21    1.02 ^ _32_/Y (sky130_fd_sc_hd__a21boi_2)
     2    0.01                           _14_ (net)
                  0.19    0.01    1.03 ^ _33_/B (sky130_fd_sc_hd__xnor2_2)
                  0.48    0.23    1.26 ^ _33_/Y (sky130_fd_sc_hd__xnor2_2)
     1    0.03                           sum[3] (net)
                  0.48    0.00    1.26 ^ sum[3] (out)
                                  1.26   data arrival time

                  0.00    2.50    2.50   clock clk (rise edge)
                          0.00    2.50   clock network delay (ideal)
                         -0.25    2.25   clock uncertainty
                          0.00    2.25   clock reconvergence pessimism
                          0.00    2.25   output external delay
                                  2.25   data required time
-----------------------------------------------------------------------------
                                  2.25   data required time
                                 -1.26   data arrival time
-----------------------------------------------------------------------------
                                  0.99   slack (MET)


Startpoint: b[0] (input port clocked by clk)
Endpoint: sum[2] (output port clocked by clk)
Path Group: clk
Path Type: max

Fanout     Cap    Slew   Delay    Time   Description
-----------------------------------------------------------------------------
                  0.00    0.00    0.00   clock clk (rise edge)
                          0.00    0.00   clock network delay (ideal)
                          0.00    0.00 v input external delay
                  0.02    0.01    0.01 v b[0] (in)
     2    0.01                           b[0] (net)
                  0.02    0.00    0.01 v _15_/A (sky130_fd_sc_hd__or2_2)
                  0.07    0.31    0.32 v _15_/X (sky130_fd_sc_hd__or2_2)
     2    0.01                           _00_ (net)
                  0.07    0.00    0.32 v _19_/A2 (sky130_fd_sc_hd__a21bo_2)
                  0.06    0.25    0.57 v _19_/X (sky130_fd_sc_hd__a21bo_2)
     2    0.01                           _03_ (net)
                  0.06    0.00    0.58 v _24_/A1 (sky130_fd_sc_hd__a21bo_2)
                  0.06    0.23    0.81 v _24_/X (sky130_fd_sc_hd__a21bo_2)
     2    0.01                           _07_ (net)
                  0.06    0.01    0.82 v _28_/A (sky130_fd_sc_hd__xnor2_2)
                  0.48    0.41    1.22 ^ _28_/Y (sky130_fd_sc_hd__xnor2_2)
     1    0.03                           sum[2] (net)
                  0.48    0.00    1.22 ^ sum[2] (out)
                                  1.22   data arrival time

                  0.00    2.50    2.50   clock clk (rise edge)
                          0.00    2.50   clock network delay (ideal)
                         -0.25    2.25   clock uncertainty
                          0.00    2.25   clock reconvergence pessimism
                          0.00    2.25   output external delay
                                  2.25   data required time
-----------------------------------------------------------------------------
                                  2.25   data required time
                                 -1.22   data arrival time
-----------------------------------------------------------------------------
                                  1.03   slack (MET)


Startpoint: b[0] (input port clocked by clk)
Endpoint: cout (output port clocked by clk)
Path Group: clk
Path Type: max

Fanout     Cap    Slew   Delay    Time   Description
-----------------------------------------------------------------------------
                  0.00    0.00    0.00   clock clk (rise edge)
                          0.00    0.00   clock network delay (ideal)
                          0.00    0.00 v input external delay
                  0.02    0.01    0.01 v b[0] (in)
     2    0.01                           b[0] (net)
                  0.02    0.00    0.01 v _15_/A (sky130_fd_sc_hd__or2_2)
                  0.07    0.31    0.32 v _15_/X (sky130_fd_sc_hd__or2_2)
     2    0.01                           _00_ (net)
                  0.07    0.00    0.32 v _19_/A2 (sky130_fd_sc_hd__a21bo_2)
                  0.06    0.25    0.57 v _19_/X (sky130_fd_sc_hd__a21bo_2)
     2    0.01                           _03_ (net)
                  0.06    0.00    0.58 v _24_/A1 (sky130_fd_sc_hd__a21bo_2)
                  0.06    0.23    0.81 v _24_/X (sky130_fd_sc_hd__a21bo_2)
     2    0.01                           _07_ (net)
                  0.06    0.01    0.81 v _32_/A1 (sky130_fd_sc_hd__a21boi_2)
                  0.19    0.21    1.02 ^ _32_/Y (sky130_fd_sc_hd__a21boi_2)
     2    0.01                           _14_ (net)
                  0.19    0.01    1.03 ^ _34_/A2 (sky130_fd_sc_hd__o21bai_2)
                  0.18    0.17    1.20 v _34_/Y (sky130_fd_sc_hd__o21bai_2)
     1    0.03                           cout (net)
                  0.18    0.00    1.20 v cout (out)
                                  1.20   data arrival time

                  0.00    2.50    2.50   clock clk (rise edge)
                          0.00    2.50   clock network delay (ideal)
                         -0.25    2.25   clock uncertainty
                          0.00    2.25   clock reconvergence pessimism
                          0.00    2.25   output external delay
                                  2.25   data required time
-----------------------------------------------------------------------------
                                  2.25   data required time
                                 -1.20   data arrival time
-----------------------------------------------------------------------------
                                  1.05   slack (MET)


Startpoint: b[0] (input port clocked by clk)
Endpoint: sum[1] (output port clocked by clk)
Path Group: clk
Path Type: max

Fanout     Cap    Slew   Delay    Time   Description
-----------------------------------------------------------------------------
                  0.00    0.00    0.00   clock clk (rise edge)
                          0.00    0.00   clock network delay (ideal)
                          0.00    0.00 v input external delay
                  0.02    0.01    0.01 v b[0] (in)
     2    0.01                           b[0] (net)
                  0.02    0.00    0.01 v _15_/A (sky130_fd_sc_hd__or2_2)
                  0.07    0.31    0.32 v _15_/X (sky130_fd_sc_hd__or2_2)
     2    0.01                           _00_ (net)
                  0.07    0.00    0.32 v _19_/A2 (sky130_fd_sc_hd__a21bo_2)
                  0.06    0.25    0.57 v _19_/X (sky130_fd_sc_hd__a21bo_2)
     2    0.01                           _03_ (net)
                  0.06    0.01    0.58 v _23_/A (sky130_fd_sc_hd__xnor2_2)
                  0.48    0.41    0.99 ^ _23_/Y (sky130_fd_sc_hd__xnor2_2)
     1    0.03                           sum[1] (net)
                  0.48    0.00    0.99 ^ sum[1] (out)
                                  0.99   data arrival time

                  0.00    2.50    2.50   clock clk (rise edge)
                          0.00    2.50   clock network delay (ideal)
                         -0.25    2.25   clock uncertainty
                          0.00    2.25   clock reconvergence pessimism
                          0.00    2.25   output external delay
                                  2.25   data required time
-----------------------------------------------------------------------------
                                  2.25   data required time
                                 -0.99   data arrival time
-----------------------------------------------------------------------------
                                  1.26   slack (MET)


Startpoint: b[0] (input port clocked by clk)
Endpoint: sum[0] (output port clocked by clk)
Path Group: clk
Path Type: max

Fanout     Cap    Slew   Delay    Time   Description
-----------------------------------------------------------------------------
                  0.00    0.00    0.00   clock clk (rise edge)
                          0.00    0.00   clock network delay (ideal)
                          0.00    0.00 v input external delay
                  0.02    0.01    0.01 v b[0] (in)
     2    0.01                           b[0] (net)
                  0.02    0.00    0.01 v _15_/A (sky130_fd_sc_hd__or2_2)
                  0.07    0.31    0.32 v _15_/X (sky130_fd_sc_hd__or2_2)
     2    0.01                           _00_ (net)
                  0.07    0.01    0.33 v _17_/A (sky130_fd_sc_hd__nand2_2)
                  0.07    0.08    0.41 ^ _17_/Y (sky130_fd_sc_hd__nand2_2)
     1    0.01                           _02_ (net)
                  0.07    0.02    0.42 ^ _18_/B (sky130_fd_sc_hd__xnor2_2)
                  0.48    0.20    0.62 ^ _18_/Y (sky130_fd_sc_hd__xnor2_2)
     1    0.03                           sum[0] (net)
                  0.48    0.00    0.63 ^ sum[0] (out)
                                  0.63   data arrival time

                  0.00    2.50    2.50   clock clk (rise edge)
                          0.00    2.50   clock network delay (ideal)
                         -0.25    2.25   clock uncertainty
                          0.00    2.25   clock reconvergence pessimism
                          0.00    2.25   output external delay
                                  2.25   data required time
-----------------------------------------------------------------------------
                                  2.25   data required time
                                 -0.63   data arrival time
-----------------------------------------------------------------------------
                                  1.62   slack (MET)


