
===========================================================================
report_checks -unconstrained
============================================================================

======================= Slowest Corner ===================================

Startpoint: b[0] (input port clocked by clk)
Endpoint: sum[2] (output port clocked by clk)
Path Group: clk
Path Type: max
Corner: ss

Fanout     Cap    Slew   Delay    Time   Description
-----------------------------------------------------------------------------
                  0.00    0.00    0.00   clock clk (rise edge)
                          0.00    0.00   clock network delay (ideal)
                          0.00    0.00 v input external delay
                  0.02    0.02    0.02 v b[0] (in)
     1    0.01                           b[0] (net)
                  0.02    0.00    0.02 v input9/A (sky130_fd_sc_hs__clkbuf_1)
                  0.11    0.17    0.18 v input9/X (sky130_fd_sc_hs__clkbuf_1)
     2    0.01                           net9 (net)
                  0.11    0.00    0.18 v ppa_pre_1_0.U1.xor2/B (sky130_fd_sc_hs__xor2_1)
                  0.12    0.25    0.43 v ppa_pre_1_0.U1.xor2/X (sky130_fd_sc_hs__xor2_1)
     2    0.01                           ppa_grey_1_1.U1.A1 (net)
                  0.12    0.00    0.43 v ppa_grey_1_1.U1.ao21/A2 (sky130_fd_sc_hs__a21o_1)
                  0.08    0.30    0.72 v ppa_grey_1_1.U1.ao21/X (sky130_fd_sc_hs__a21o_1)
     3    0.01                           ppa_grey_1_1.U1.Y (net)
                  0.08    0.00    0.73 v rebuffer3/A (sky130_fd_sc_hs__dlygate4sd2_1)
                  0.04    0.42    1.15 v rebuffer3/X (sky130_fd_sc_hs__dlygate4sd2_1)
     1    0.00                           net29 (net)
                  0.04    0.00    1.15 v ppa_grey_2_2.U1.ao21/A1 (sky130_fd_sc_hs__a21o_1)
                  0.06    0.23    1.38 v ppa_grey_2_2.U1.ao21/X (sky130_fd_sc_hs__a21o_1)
     1    0.01                           ppa_grey_2_2.U1.Y (net)
                  0.06    0.00    1.38 v ppa_post_2_4.U1.xor2/B (sky130_fd_sc_hs__xor2_1)
                  0.19    0.20    1.58 ^ ppa_post_2_4.U1.xor2/X (sky130_fd_sc_hs__xor2_1)
     1    0.00                           ppa_post_2_4.U1.Y (net)
                  0.19    0.00    1.58 ^ _2_/A (sky130_fd_sc_hs__buf_1)
                  0.11    0.21    1.79 ^ _2_/X (sky130_fd_sc_hs__buf_1)
     1    0.01                           net21 (net)
                  0.11    0.00    1.79 ^ output21/A (sky130_fd_sc_hs__buf_8)
                  0.09    0.19    1.98 ^ output21/X (sky130_fd_sc_hs__buf_8)
     1    0.04                           sum[2] (net)
                  0.09    0.00    1.98 ^ sum[2] (out)
                                  1.98   data arrival time

                  0.00    1.00    1.00   clock clk (rise edge)
                          0.00    1.00   clock network delay (ideal)
                         -0.25    0.75   clock uncertainty
                          0.00    0.75   clock reconvergence pessimism
                          0.00    0.75   output external delay
                                  0.75   data required time
-----------------------------------------------------------------------------
                                  0.75   data required time
                                 -1.98   data arrival time
-----------------------------------------------------------------------------
                                 -1.23   slack (VIOLATED)



======================= Typical Corner ===================================

Startpoint: a[4] (input port clocked by clk)
Endpoint: sum[7] (output port clocked by clk)
Path Group: clk
Path Type: max
Corner: tt

Fanout     Cap    Slew   Delay    Time   Description
-----------------------------------------------------------------------------
                  0.00    0.00    0.00   clock clk (rise edge)
                          0.00    0.00   clock network delay (ideal)
                          0.00    0.00 v input external delay
                  0.01    0.00    0.00 v a[4] (in)
     1    0.00                           a[4] (net)
                  0.01    0.00    0.00 v input5/A (sky130_fd_sc_hs__dlymetal6s2s_1)
                  0.06    0.12    0.13 v input5/X (sky130_fd_sc_hs__dlymetal6s2s_1)
     2    0.01                           net5 (net)
                  0.06    0.00    0.13 v ppa_pre_5_0.U1.xor2/A (sky130_fd_sc_hs__xor2_2)
                  0.07    0.19    0.32 v ppa_pre_5_0.U1.xor2/X (sky130_fd_sc_hs__xor2_2)
     3    0.01                           ppa_black_5_1.U1.A (net)
                  0.07    0.00    0.32 v ppa_black_5_1.U2.ao21/A2 (sky130_fd_sc_hs__a21o_1)
                  0.05    0.18    0.49 v ppa_black_5_1.U2.ao21/X (sky130_fd_sc_hs__a21o_1)
     3    0.01                           ppa_black_5_1.U2.Y (net)
                  0.05    0.00    0.49 v ppa_black_7_2.U2.ao21/A1 (sky130_fd_sc_hs__a21o_1)
                  0.03    0.13    0.62 v ppa_black_7_2.U2.ao21/X (sky130_fd_sc_hs__a21o_1)
     1    0.00                           ppa_black_7_2.U2.Y (net)
                  0.03    0.00    0.62 v ppa_grey_7_3.U1.ao21/B1 (sky130_fd_sc_hs__a21o_1)
                  0.05    0.14    0.76 v ppa_grey_7_3.U1.ao21/X (sky130_fd_sc_hs__a21o_1)
     2    0.01                           ppa_grey_7_3.U1.Y (net)
                  0.05    0.00    0.76 v ppa_post_7_4.U1.xor2/B (sky130_fd_sc_hs__xor2_1)
                  0.10    0.11    0.87 ^ ppa_post_7_4.U1.xor2/X (sky130_fd_sc_hs__xor2_1)
     1    0.00                           ppa_post_7_4.U1.Y (net)
                  0.10    0.00    0.87 ^ _7_/A (sky130_fd_sc_hs__clkbuf_1)
                  0.05    0.10    0.97 ^ _7_/X (sky130_fd_sc_hs__clkbuf_1)
     1    0.01                           net26 (net)
                  0.05    0.00    0.97 ^ output26/A (sky130_fd_sc_hs__buf_4)
                  0.10    0.14    1.11 ^ output26/X (sky130_fd_sc_hs__buf_4)
     1    0.04                           sum[7] (net)
                  0.10    0.00    1.11 ^ sum[7] (out)
                                  1.11   data arrival time

                  0.00    1.00    1.00   clock clk (rise edge)
                          0.00    1.00   clock network delay (ideal)
                         -0.25    0.75   clock uncertainty
                          0.00    0.75   clock reconvergence pessimism
                          0.00    0.75   output external delay
                                  0.75   data required time
-----------------------------------------------------------------------------
                                  0.75   data required time
                                 -1.11   data arrival time
-----------------------------------------------------------------------------
                                 -0.36   slack (VIOLATED)



======================= Fastest Corner ===================================

Startpoint: a[1] (input port clocked by clk)
Endpoint: sum[7] (output port clocked by clk)
Path Group: clk
Path Type: max
Corner: ff

Fanout     Cap    Slew   Delay    Time   Description
-----------------------------------------------------------------------------
                  0.00    0.00    0.00   clock clk (rise edge)
                          0.00    0.00   clock network delay (ideal)
                          0.00    0.00 v input external delay
                  0.01    0.00    0.00 v a[1] (in)
     1    0.00                           a[1] (net)
                  0.01    0.00    0.00 v input2/A (sky130_fd_sc_hs__clkbuf_2)
                  0.05    0.08    0.08 v input2/X (sky130_fd_sc_hs__clkbuf_2)
     2    0.02                           net2 (net)
                  0.05    0.00    0.08 v ppa_pre_2_0.U1.xor2/A (sky130_fd_sc_hs__xor2_4)
                  0.05    0.13    0.21 v ppa_pre_2_0.U1.xor2/X (sky130_fd_sc_hs__xor2_4)
     3    0.01                           ppa_black_3_1.U1.B (net)
                  0.05    0.00    0.21 v ppa_black_3_1.U1.and2/B (sky130_fd_sc_hs__and2_1)
                  0.02    0.06    0.27 v ppa_black_3_1.U1.and2/X (sky130_fd_sc_hs__and2_1)
     1    0.00                           ppa_black_3_1.U1.Y (net)
                  0.02    0.00    0.27 v ppa_grey_3_2.U1.ao21/A2 (sky130_fd_sc_hs__a21o_1)
                  0.05    0.12    0.40 v ppa_grey_3_2.U1.ao21/X (sky130_fd_sc_hs__a21o_1)
     5    0.02                           ppa_grey_3_2.U1.Y (net)
                  0.05    0.00    0.40 v ppa_grey_7_3.U1.ao21/A1 (sky130_fd_sc_hs__a21o_1)
                  0.04    0.10    0.50 v ppa_grey_7_3.U1.ao21/X (sky130_fd_sc_hs__a21o_1)
     2    0.01                           ppa_grey_7_3.U1.Y (net)
                  0.04    0.00    0.50 v ppa_post_7_4.U1.xor2/B (sky130_fd_sc_hs__xor2_1)
                  0.07    0.07    0.57 ^ ppa_post_7_4.U1.xor2/X (sky130_fd_sc_hs__xor2_1)
     1    0.00                           ppa_post_7_4.U1.Y (net)
                  0.07    0.00    0.57 ^ _7_/A (sky130_fd_sc_hs__clkbuf_1)
                  0.03    0.06    0.63 ^ _7_/X (sky130_fd_sc_hs__clkbuf_1)
     1    0.01                           net26 (net)
                  0.03    0.00    0.63 ^ output26/A (sky130_fd_sc_hs__buf_4)
                  0.07    0.10    0.73 ^ output26/X (sky130_fd_sc_hs__buf_4)
     1    0.04                           sum[7] (net)
                  0.07    0.00    0.73 ^ sum[7] (out)
                                  0.73   data arrival time

                  0.00    1.00    1.00   clock clk (rise edge)
                          0.00    1.00   clock network delay (ideal)
                         -0.25    0.75   clock uncertainty
                          0.00    0.75   clock reconvergence pessimism
                          0.00    0.75   output external delay
                                  0.75   data required time
-----------------------------------------------------------------------------
                                  0.75   data required time
                                 -0.73   data arrival time
-----------------------------------------------------------------------------
                                  0.02   slack (MET)



===========================================================================
report_checks --slack_max -0.01
============================================================================

======================= Slowest Corner ===================================

Startpoint: b[0] (input port clocked by clk)
Endpoint: sum[2] (output port clocked by clk)
Path Group: clk
Path Type: max
Corner: ss

Fanout     Cap    Slew   Delay    Time   Description
-----------------------------------------------------------------------------
                  0.00    0.00    0.00   clock clk (rise edge)
                          0.00    0.00   clock network delay (ideal)
                          0.00    0.00 v input external delay
                  0.02    0.02    0.02 v b[0] (in)
     1    0.01                           b[0] (net)
                  0.02    0.00    0.02 v input9/A (sky130_fd_sc_hs__clkbuf_1)
                  0.11    0.17    0.18 v input9/X (sky130_fd_sc_hs__clkbuf_1)
     2    0.01                           net9 (net)
                  0.11    0.00    0.18 v ppa_pre_1_0.U1.xor2/B (sky130_fd_sc_hs__xor2_1)
                  0.12    0.25    0.43 v ppa_pre_1_0.U1.xor2/X (sky130_fd_sc_hs__xor2_1)
     2    0.01                           ppa_grey_1_1.U1.A1 (net)
                  0.12    0.00    0.43 v ppa_grey_1_1.U1.ao21/A2 (sky130_fd_sc_hs__a21o_1)
                  0.08    0.30    0.72 v ppa_grey_1_1.U1.ao21/X (sky130_fd_sc_hs__a21o_1)
     3    0.01                           ppa_grey_1_1.U1.Y (net)
                  0.08    0.00    0.73 v rebuffer3/A (sky130_fd_sc_hs__dlygate4sd2_1)
                  0.04    0.42    1.15 v rebuffer3/X (sky130_fd_sc_hs__dlygate4sd2_1)
     1    0.00                           net29 (net)
                  0.04    0.00    1.15 v ppa_grey_2_2.U1.ao21/A1 (sky130_fd_sc_hs__a21o_1)
                  0.06    0.23    1.38 v ppa_grey_2_2.U1.ao21/X (sky130_fd_sc_hs__a21o_1)
     1    0.01                           ppa_grey_2_2.U1.Y (net)
                  0.06    0.00    1.38 v ppa_post_2_4.U1.xor2/B (sky130_fd_sc_hs__xor2_1)
                  0.19    0.20    1.58 ^ ppa_post_2_4.U1.xor2/X (sky130_fd_sc_hs__xor2_1)
     1    0.00                           ppa_post_2_4.U1.Y (net)
                  0.19    0.00    1.58 ^ _2_/A (sky130_fd_sc_hs__buf_1)
                  0.11    0.21    1.79 ^ _2_/X (sky130_fd_sc_hs__buf_1)
     1    0.01                           net21 (net)
                  0.11    0.00    1.79 ^ output21/A (sky130_fd_sc_hs__buf_8)
                  0.09    0.19    1.98 ^ output21/X (sky130_fd_sc_hs__buf_8)
     1    0.04                           sum[2] (net)
                  0.09    0.00    1.98 ^ sum[2] (out)
                                  1.98   data arrival time

                  0.00    1.00    1.00   clock clk (rise edge)
                          0.00    1.00   clock network delay (ideal)
                         -0.25    0.75   clock uncertainty
                          0.00    0.75   clock reconvergence pessimism
                          0.00    0.75   output external delay
                                  0.75   data required time
-----------------------------------------------------------------------------
                                  0.75   data required time
                                 -1.98   data arrival time
-----------------------------------------------------------------------------
                                 -1.23   slack (VIOLATED)



======================= Typical Corner ===================================

Startpoint: a[4] (input port clocked by clk)
Endpoint: sum[7] (output port clocked by clk)
Path Group: clk
Path Type: max
Corner: tt

Fanout     Cap    Slew   Delay    Time   Description
-----------------------------------------------------------------------------
                  0.00    0.00    0.00   clock clk (rise edge)
                          0.00    0.00   clock network delay (ideal)
                          0.00    0.00 v input external delay
                  0.01    0.00    0.00 v a[4] (in)
     1    0.00                           a[4] (net)
                  0.01    0.00    0.00 v input5/A (sky130_fd_sc_hs__dlymetal6s2s_1)
                  0.06    0.12    0.13 v input5/X (sky130_fd_sc_hs__dlymetal6s2s_1)
     2    0.01                           net5 (net)
                  0.06    0.00    0.13 v ppa_pre_5_0.U1.xor2/A (sky130_fd_sc_hs__xor2_2)
                  0.07    0.19    0.32 v ppa_pre_5_0.U1.xor2/X (sky130_fd_sc_hs__xor2_2)
     3    0.01                           ppa_black_5_1.U1.A (net)
                  0.07    0.00    0.32 v ppa_black_5_1.U2.ao21/A2 (sky130_fd_sc_hs__a21o_1)
                  0.05    0.18    0.49 v ppa_black_5_1.U2.ao21/X (sky130_fd_sc_hs__a21o_1)
     3    0.01                           ppa_black_5_1.U2.Y (net)
                  0.05    0.00    0.49 v ppa_black_7_2.U2.ao21/A1 (sky130_fd_sc_hs__a21o_1)
                  0.03    0.13    0.62 v ppa_black_7_2.U2.ao21/X (sky130_fd_sc_hs__a21o_1)
     1    0.00                           ppa_black_7_2.U2.Y (net)
                  0.03    0.00    0.62 v ppa_grey_7_3.U1.ao21/B1 (sky130_fd_sc_hs__a21o_1)
                  0.05    0.14    0.76 v ppa_grey_7_3.U1.ao21/X (sky130_fd_sc_hs__a21o_1)
     2    0.01                           ppa_grey_7_3.U1.Y (net)
                  0.05    0.00    0.76 v ppa_post_7_4.U1.xor2/B (sky130_fd_sc_hs__xor2_1)
                  0.10    0.11    0.87 ^ ppa_post_7_4.U1.xor2/X (sky130_fd_sc_hs__xor2_1)
     1    0.00                           ppa_post_7_4.U1.Y (net)
                  0.10    0.00    0.87 ^ _7_/A (sky130_fd_sc_hs__clkbuf_1)
                  0.05    0.10    0.97 ^ _7_/X (sky130_fd_sc_hs__clkbuf_1)
     1    0.01                           net26 (net)
                  0.05    0.00    0.97 ^ output26/A (sky130_fd_sc_hs__buf_4)
                  0.10    0.14    1.11 ^ output26/X (sky130_fd_sc_hs__buf_4)
     1    0.04                           sum[7] (net)
                  0.10    0.00    1.11 ^ sum[7] (out)
                                  1.11   data arrival time

                  0.00    1.00    1.00   clock clk (rise edge)
                          0.00    1.00   clock network delay (ideal)
                         -0.25    0.75   clock uncertainty
                          0.00    0.75   clock reconvergence pessimism
                          0.00    0.75   output external delay
                                  0.75   data required time
-----------------------------------------------------------------------------
                                  0.75   data required time
                                 -1.11   data arrival time
-----------------------------------------------------------------------------
                                 -0.36   slack (VIOLATED)



======================= Fastest Corner ===================================

No paths found.
