
===========================================================================
report_checks -unconstrained
============================================================================
Startpoint: a[8] (input port clocked by clk)
Endpoint: sum[14] (output port clocked by clk)
Path Group: clk
Path Type: max

Fanout     Cap    Slew   Delay    Time   Description
-----------------------------------------------------------------------------
                  0.00    0.00    0.00   clock clk (rise edge)
                          0.00    0.00   clock network delay (ideal)
                          0.00    0.00 v input external delay
                  0.02    0.01    0.01 v a[8] (in)
     3    0.01                           a[8] (net)
                  0.02    0.00    0.01 v _125_/B (sky130_fd_sc_hd__and2_2)
                  0.04    0.19    0.20 v _125_/X (sky130_fd_sc_hd__and2_2)
     3    0.01                           _077_ (net)
                  0.04    0.00    0.21 v _126_/B (sky130_fd_sc_hd__or2_2)
                  0.08    0.31    0.52 v _126_/X (sky130_fd_sc_hd__or2_2)
     2    0.01                           _078_ (net)
                  0.08    0.00    0.52 v _132_/B (sky130_fd_sc_hd__or2_2)
                  0.06    0.31    0.83 v _132_/X (sky130_fd_sc_hd__or2_2)
     2    0.01                           _002_ (net)
                  0.06    0.00    0.83 v _145_/B (sky130_fd_sc_hd__or3_2)
                  0.10    0.50    1.33 v _145_/X (sky130_fd_sc_hd__or3_2)
     3    0.01                           _013_ (net)
                  0.10    0.00    1.34 v _161_/C (sky130_fd_sc_hd__or4b_2)
                  0.13    0.69    2.03 v _161_/X (sky130_fd_sc_hd__or4b_2)
     3    0.01                           _027_ (net)
                  0.13    0.00    2.03 v _169_/A2 (sky130_fd_sc_hd__a31o_2)
                  0.06    0.29    2.32 v _169_/X (sky130_fd_sc_hd__a31o_2)
     1    0.01                           _034_ (net)
                  0.06    0.01    2.34 v _170_/B (sky130_fd_sc_hd__xnor2_2)
                  0.48    0.38    2.72 ^ _170_/Y (sky130_fd_sc_hd__xnor2_2)
     1    0.03                           sum[14] (net)
                  0.48    0.00    2.72 ^ sum[14] (out)
                                  2.72   data arrival time

                  0.00    4.50    4.50   clock clk (rise edge)
                          0.00    4.50   clock network delay (ideal)
                         -0.25    4.25   clock uncertainty
                          0.00    4.25   clock reconvergence pessimism
                          0.00    4.25   output external delay
                                  4.25   data required time
-----------------------------------------------------------------------------
                                  4.25   data required time
                                 -2.72   data arrival time
-----------------------------------------------------------------------------
                                  1.53   slack (MET)



===========================================================================
report_checks --slack_max -0.01
============================================================================
No paths found.
