
===========================================================================
report_checks -path_delay max (Setup)
============================================================================
Startpoint: b[1] (input port clocked by clk)
Endpoint: sum[3] (output port clocked by clk)
Path Group: clk
Path Type: max

Fanout     Cap    Slew   Delay    Time   Description
-----------------------------------------------------------------------------
                  0.00    0.00    0.00   clock clk (rise edge)
                          0.00    0.00   clock network delay (ideal)
                          0.00    0.00 ^ input external delay
                  0.06    0.05    0.05 ^ b[1] (in)
     2    0.01                           b[1] (net)
                  0.06    0.00    0.05 ^ ppa_pre_2_0.U1.xor2/B (sky130_fd_sc_hd__xor2_1)
                  0.28    0.27    0.32 ^ ppa_pre_2_0.U1.xor2/X (sky130_fd_sc_hd__xor2_1)
     4    0.01                           ppa_black_2_1.U1.A (net)
                  0.28    0.00    0.32 ^ ppa_black_3_1.U1.and2/B (sky130_fd_sc_hd__and2_1)
                  0.05    0.18    0.50 ^ ppa_black_3_1.U1.and2/X (sky130_fd_sc_hd__and2_1)
     1    0.00                           ppa_black_3_1.U1.Y (net)
                  0.05    0.00    0.50 ^ ppa_grey_3_2.U1.ao21/A2 (sky130_fd_sc_hd__a21o_1)
                  0.09    0.15    0.65 ^ ppa_grey_3_2.U1.ao21/X (sky130_fd_sc_hd__a21o_1)
     2    0.01                           ppa_grey_3_2.U1.Y (net)
                  0.09    0.00    0.65 ^ ppa_post_3_3.U1.xor2/B (sky130_fd_sc_hd__xor2_1)
                  0.10    0.14    0.78 ^ ppa_post_3_3.U1.xor2/X (sky130_fd_sc_hd__xor2_1)
     1    0.00                           ppa_post_3_3.U1.Y (net)
                  0.10    0.00    0.78 ^ _3_/A (sky130_fd_sc_hd__buf_2)
                  0.17    0.23    1.01 ^ _3_/X (sky130_fd_sc_hd__buf_2)
     1    0.03                           sum[3] (net)
                  0.17    0.00    1.01 ^ sum[3] (out)
                                  1.01   data arrival time

                  0.00    0.50    0.50   clock clk (rise edge)
                          0.00    0.50   clock network delay (ideal)
                         -0.25    0.25   clock uncertainty
                          0.00    0.25   clock reconvergence pessimism
                          0.00    0.25   output external delay
                                  0.25   data required time
-----------------------------------------------------------------------------
                                  0.25   data required time
                                 -1.01   data arrival time
-----------------------------------------------------------------------------
                                 -0.76   slack (VIOLATED)


Startpoint: b[1] (input port clocked by clk)
Endpoint: sum[2] (output port clocked by clk)
Path Group: clk
Path Type: max

Fanout     Cap    Slew   Delay    Time   Description
-----------------------------------------------------------------------------
                  0.00    0.00    0.00   clock clk (rise edge)
                          0.00    0.00   clock network delay (ideal)
                          0.00    0.00 ^ input external delay
                  0.06    0.05    0.05 ^ b[1] (in)
     2    0.01                           b[1] (net)
                  0.06    0.00    0.05 ^ ppa_pre_2_0.U1.xor2/B (sky130_fd_sc_hd__xor2_1)
                  0.28    0.27    0.32 ^ ppa_pre_2_0.U1.xor2/X (sky130_fd_sc_hd__xor2_1)
     4    0.01                           ppa_black_2_1.U1.A (net)
                  0.28    0.00    0.32 ^ ppa_black_2_1.U1.and2/A (sky130_fd_sc_hd__and2_1)
                  0.05    0.18    0.50 ^ ppa_black_2_1.U1.and2/X (sky130_fd_sc_hd__and2_1)
     1    0.00                           ppa_black_2_1.U1.Y (net)
                  0.05    0.00    0.50 ^ ppa_grey_2_2.U1.ao21/A2 (sky130_fd_sc_hd__a21o_1)
                  0.06    0.12    0.62 ^ ppa_grey_2_2.U1.ao21/X (sky130_fd_sc_hd__a21o_1)
     1    0.00                           ppa_grey_2_2.U1.Y (net)
                  0.06    0.00    0.62 ^ ppa_post_2_3.U1.xor2/B (sky130_fd_sc_hd__xor2_1)
                  0.11    0.14    0.77 ^ ppa_post_2_3.U1.xor2/X (sky130_fd_sc_hd__xor2_1)
     1    0.00                           ppa_post_2_3.U1.Y (net)
                  0.11    0.00    0.77 ^ _2_/A (sky130_fd_sc_hd__buf_2)
                  0.19    0.24    1.01 ^ _2_/X (sky130_fd_sc_hd__buf_2)
     1    0.03                           sum[2] (net)
                  0.19    0.00    1.01 ^ sum[2] (out)
                                  1.01   data arrival time

                  0.00    0.50    0.50   clock clk (rise edge)
                          0.00    0.50   clock network delay (ideal)
                         -0.25    0.25   clock uncertainty
                          0.00    0.25   clock reconvergence pessimism
                          0.00    0.25   output external delay
                                  0.25   data required time
-----------------------------------------------------------------------------
                                  0.25   data required time
                                 -1.01   data arrival time
-----------------------------------------------------------------------------
                                 -0.76   slack (VIOLATED)


Startpoint: b[1] (input port clocked by clk)
Endpoint: cout (output port clocked by clk)
Path Group: clk
Path Type: max

Fanout     Cap    Slew   Delay    Time   Description
-----------------------------------------------------------------------------
                  0.00    0.00    0.00   clock clk (rise edge)
                          0.00    0.00   clock network delay (ideal)
                          0.00    0.00 ^ input external delay
                  0.06    0.05    0.05 ^ b[1] (in)
     2    0.01                           b[1] (net)
                  0.06    0.00    0.05 ^ ppa_pre_2_0.U1.xor2/B (sky130_fd_sc_hd__xor2_1)
                  0.28    0.27    0.32 ^ ppa_pre_2_0.U1.xor2/X (sky130_fd_sc_hd__xor2_1)
     4    0.01                           ppa_black_2_1.U1.A (net)
                  0.28    0.00    0.32 ^ ppa_black_3_1.U1.and2/B (sky130_fd_sc_hd__and2_1)
                  0.05    0.18    0.50 ^ ppa_black_3_1.U1.and2/X (sky130_fd_sc_hd__and2_1)
     1    0.00                           ppa_black_3_1.U1.Y (net)
                  0.05    0.00    0.50 ^ ppa_grey_3_2.U1.ao21/A2 (sky130_fd_sc_hd__a21o_1)
                  0.09    0.15    0.65 ^ ppa_grey_3_2.U1.ao21/X (sky130_fd_sc_hd__a21o_1)
     2    0.01                           ppa_grey_3_2.U1.Y (net)
                  0.09    0.00    0.65 ^ ppa_grey_cout.U1.ao21/A1 (sky130_fd_sc_hd__a21o_1)
                  0.33    0.34    0.99 ^ ppa_grey_cout.U1.ao21/X (sky130_fd_sc_hd__a21o_1)
     1    0.03                           cout (net)
                  0.33    0.00    0.99 ^ cout (out)
                                  0.99   data arrival time

                  0.00    0.50    0.50   clock clk (rise edge)
                          0.00    0.50   clock network delay (ideal)
                         -0.25    0.25   clock uncertainty
                          0.00    0.25   clock reconvergence pessimism
                          0.00    0.25   output external delay
                                  0.25   data required time
-----------------------------------------------------------------------------
                                  0.25   data required time
                                 -0.99   data arrival time
-----------------------------------------------------------------------------
                                 -0.74   slack (VIOLATED)


Startpoint: a[0] (input port clocked by clk)
Endpoint: sum[1] (output port clocked by clk)
Path Group: clk
Path Type: max

Fanout     Cap    Slew   Delay    Time   Description
-----------------------------------------------------------------------------
                  0.00    0.00    0.00   clock clk (rise edge)
                          0.00    0.00   clock network delay (ideal)
                          0.00    0.00 ^ input external delay
                  0.05    0.03    0.03 ^ a[0] (in)
     2    0.01                           a[0] (net)
                  0.05    0.00    0.03 ^ ppa_pre_1_0.U1.xor2/A (sky130_fd_sc_hd__xor2_1)
                  0.24    0.23    0.27 ^ ppa_pre_1_0.U1.xor2/X (sky130_fd_sc_hd__xor2_1)
     3    0.01                           ppa_black_2_1.U1.B (net)
                  0.24    0.00    0.27 ^ ppa_grey_1_1.U1.ao21/A2 (sky130_fd_sc_hd__a21o_1)
                  0.09    0.20    0.47 ^ ppa_grey_1_1.U1.ao21/X (sky130_fd_sc_hd__a21o_1)
     2    0.01                           ppa_grey_1_1.U1.Y (net)
                  0.09    0.00    0.47 ^ ppa_post_1_3.U1.xor2/B (sky130_fd_sc_hd__xor2_1)
                  0.13    0.16    0.63 ^ ppa_post_1_3.U1.xor2/X (sky130_fd_sc_hd__xor2_1)
     1    0.00                           ppa_post_1_3.U1.Y (net)
                  0.13    0.00    0.63 ^ _1_/A (sky130_fd_sc_hd__buf_2)
                  0.17    0.24    0.87 ^ _1_/X (sky130_fd_sc_hd__buf_2)
     1    0.03                           sum[1] (net)
                  0.17    0.00    0.87 ^ sum[1] (out)
                                  0.87   data arrival time

                  0.00    0.50    0.50   clock clk (rise edge)
                          0.00    0.50   clock network delay (ideal)
                         -0.25    0.25   clock uncertainty
                          0.00    0.25   clock reconvergence pessimism
                          0.00    0.25   output external delay
                                  0.25   data required time
-----------------------------------------------------------------------------
                                  0.25   data required time
                                 -0.87   data arrival time
-----------------------------------------------------------------------------
                                 -0.62   slack (VIOLATED)


Startpoint: a[0] (input port clocked by clk)
Endpoint: sum[0] (output port clocked by clk)
Path Group: clk
Path Type: max

Fanout     Cap    Slew   Delay    Time   Description
-----------------------------------------------------------------------------
                  0.00    0.00    0.00   clock clk (rise edge)
                          0.00    0.00   clock network delay (ideal)
                          0.00    0.00 ^ input external delay
                  0.05    0.03    0.03 ^ a[0] (in)
     2    0.01                           a[0] (net)
                  0.05    0.00    0.03 ^ ppa_pre_1_0.U1.xor2/A (sky130_fd_sc_hd__xor2_1)
                  0.24    0.23    0.27 ^ ppa_pre_1_0.U1.xor2/X (sky130_fd_sc_hd__xor2_1)
     3    0.01                           ppa_black_2_1.U1.B (net)
                  0.24    0.00    0.27 ^ ppa_post_0_3.U1.xor2/A (sky130_fd_sc_hd__xor2_1)
                  0.11    0.17    0.44 ^ ppa_post_0_3.U1.xor2/X (sky130_fd_sc_hd__xor2_1)
     1    0.00                           ppa_post_0_3.U1.Y (net)
                  0.11    0.00    0.44 ^ _0_/A (sky130_fd_sc_hd__buf_2)
                  0.18    0.24    0.68 ^ _0_/X (sky130_fd_sc_hd__buf_2)
     1    0.03                           sum[0] (net)
                  0.18    0.00    0.68 ^ sum[0] (out)
                                  0.68   data arrival time

                  0.00    0.50    0.50   clock clk (rise edge)
                          0.00    0.50   clock network delay (ideal)
                         -0.25    0.25   clock uncertainty
                          0.00    0.25   clock reconvergence pessimism
                          0.00    0.25   output external delay
                                  0.25   data required time
-----------------------------------------------------------------------------
                                  0.25   data required time
                                 -0.68   data arrival time
-----------------------------------------------------------------------------
                                 -0.43   slack (VIOLATED)


