
===========================================================================
report_checks -unconstrained
============================================================================
Startpoint: a[2] (input port clocked by clk)
Endpoint: sum[3] (output port clocked by clk)
Path Group: clk
Path Type: max

Fanout     Cap    Slew   Delay    Time   Description
-----------------------------------------------------------------------------
                  0.00    0.00    0.00   clock clk (rise edge)
                          0.00    0.00   clock network delay (ideal)
                          0.00    0.00 ^ input external delay
                  0.02    0.01    0.01 ^ a[2] (in)
     1    0.00                           a[2] (net)
                  0.02    0.00    0.01 ^ input3/A (sky130_fd_sc_hd__clkbuf_1)
                  0.14    0.15    0.16 ^ input3/X (sky130_fd_sc_hd__clkbuf_1)
     2    0.01                           net3 (net)
                  0.14    0.00    0.16 ^ ppa_pre_3_0.U1.xor2/A (sky130_fd_sc_hd__xor2_1)
                  0.20    0.23    0.39 ^ ppa_pre_3_0.U1.xor2/X (sky130_fd_sc_hd__xor2_1)
     3    0.01                           ppa_black_3_1.U1.A (net)
                  0.20    0.00    0.39 ^ ppa_black_3_1.U1.and2/A (sky130_fd_sc_hd__and2_1)
                  0.06    0.17    0.57 ^ ppa_black_3_1.U1.and2/X (sky130_fd_sc_hd__and2_1)
     1    0.00                           ppa_black_3_1.U1.Y (net)
                  0.06    0.00    0.57 ^ ppa_grey_3_2.U1.ao21/A2 (sky130_fd_sc_hd__a21o_1)
                  0.09    0.16    0.72 ^ ppa_grey_3_2.U1.ao21/X (sky130_fd_sc_hd__a21o_1)
     2    0.01                           ppa_grey_3_2.U1.Y (net)
                  0.09    0.00    0.72 ^ ppa_post_3_4.U1.xor2/B (sky130_fd_sc_hd__xor2_1)
                  0.12    0.16    0.88 ^ ppa_post_3_4.U1.xor2/X (sky130_fd_sc_hd__xor2_1)
     1    0.00                           ppa_post_3_4.U1.Y (net)
                  0.12    0.00    0.88 ^ _3_/A (sky130_fd_sc_hd__clkbuf_1)
                  0.04    0.10    0.98 ^ _3_/X (sky130_fd_sc_hd__clkbuf_1)
     1    0.00                           net14 (net)
                  0.04    0.00    0.98 ^ output14/A (sky130_fd_sc_hd__clkbuf_4)
                  0.12    0.19    1.18 ^ output14/X (sky130_fd_sc_hd__clkbuf_4)
     1    0.03                           sum[3] (net)
                  0.12    0.00    1.18 ^ sum[3] (out)
                                  1.18   data arrival time

                  0.00    1.00    1.00   clock clk (rise edge)
                          0.00    1.00   clock network delay (ideal)
                         -0.25    0.75   clock uncertainty
                          0.00    0.75   clock reconvergence pessimism
                          0.00    0.75   output external delay
                                  0.75   data required time
-----------------------------------------------------------------------------
                                  0.75   data required time
                                 -1.18   data arrival time
-----------------------------------------------------------------------------
                                 -0.43   slack (VIOLATED)



===========================================================================
report_checks --slack_max -0.01
============================================================================
Startpoint: a[2] (input port clocked by clk)
Endpoint: sum[3] (output port clocked by clk)
Path Group: clk
Path Type: max

Fanout     Cap    Slew   Delay    Time   Description
-----------------------------------------------------------------------------
                  0.00    0.00    0.00   clock clk (rise edge)
                          0.00    0.00   clock network delay (ideal)
                          0.00    0.00 ^ input external delay
                  0.02    0.01    0.01 ^ a[2] (in)
     1    0.00                           a[2] (net)
                  0.02    0.00    0.01 ^ input3/A (sky130_fd_sc_hd__clkbuf_1)
                  0.14    0.15    0.16 ^ input3/X (sky130_fd_sc_hd__clkbuf_1)
     2    0.01                           net3 (net)
                  0.14    0.00    0.16 ^ ppa_pre_3_0.U1.xor2/A (sky130_fd_sc_hd__xor2_1)
                  0.20    0.23    0.39 ^ ppa_pre_3_0.U1.xor2/X (sky130_fd_sc_hd__xor2_1)
     3    0.01                           ppa_black_3_1.U1.A (net)
                  0.20    0.00    0.39 ^ ppa_black_3_1.U1.and2/A (sky130_fd_sc_hd__and2_1)
                  0.06    0.17    0.57 ^ ppa_black_3_1.U1.and2/X (sky130_fd_sc_hd__and2_1)
     1    0.00                           ppa_black_3_1.U1.Y (net)
                  0.06    0.00    0.57 ^ ppa_grey_3_2.U1.ao21/A2 (sky130_fd_sc_hd__a21o_1)
                  0.09    0.16    0.72 ^ ppa_grey_3_2.U1.ao21/X (sky130_fd_sc_hd__a21o_1)
     2    0.01                           ppa_grey_3_2.U1.Y (net)
                  0.09    0.00    0.72 ^ ppa_post_3_4.U1.xor2/B (sky130_fd_sc_hd__xor2_1)
                  0.12    0.16    0.88 ^ ppa_post_3_4.U1.xor2/X (sky130_fd_sc_hd__xor2_1)
     1    0.00                           ppa_post_3_4.U1.Y (net)
                  0.12    0.00    0.88 ^ _3_/A (sky130_fd_sc_hd__clkbuf_1)
                  0.04    0.10    0.98 ^ _3_/X (sky130_fd_sc_hd__clkbuf_1)
     1    0.00                           net14 (net)
                  0.04    0.00    0.98 ^ output14/A (sky130_fd_sc_hd__clkbuf_4)
                  0.12    0.19    1.18 ^ output14/X (sky130_fd_sc_hd__clkbuf_4)
     1    0.03                           sum[3] (net)
                  0.12    0.00    1.18 ^ sum[3] (out)
                                  1.18   data arrival time

                  0.00    1.00    1.00   clock clk (rise edge)
                          0.00    1.00   clock network delay (ideal)
                         -0.25    0.75   clock uncertainty
                          0.00    0.75   clock reconvergence pessimism
                          0.00    0.75   output external delay
                                  0.75   data required time
-----------------------------------------------------------------------------
                                  0.75   data required time
                                 -1.18   data arrival time
-----------------------------------------------------------------------------
                                 -0.43   slack (VIOLATED)


