
===========================================================================
report_checks -path_delay max (Setup)
============================================================================

======================= Slowest Corner ===================================

Startpoint: a[2] (input port clocked by clk)
Endpoint: sum[6] (output port clocked by clk)
Path Group: clk
Path Type: max
Corner: ss

Fanout     Cap    Slew   Delay    Time   Description
-----------------------------------------------------------------------------
                  0.00    0.00    0.00   clock clk (rise edge)
                          0.00    0.00   clock network delay (ideal)
                          0.00    0.00 v input external delay
                  0.02    0.01    0.01 v a[2] (in)
     1    0.00                           a[2] (net)
                  0.02    0.00    0.01 v input3/A (sky130_fd_sc_hd__clkbuf_2)
                  0.08    0.20    0.21 v input3/X (sky130_fd_sc_hd__clkbuf_2)
     2    0.01                           net3 (net)
                  0.08    0.00    0.21 v ppa_pre_3_0.U1.xor2/A (sky130_fd_sc_hd__xor2_1)
                  0.17    0.36    0.58 v ppa_pre_3_0.U1.xor2/X (sky130_fd_sc_hd__xor2_1)
     3    0.01                           ppa_black_3_1.U1.A (net)
                  0.17    0.00    0.58 v ppa_black_3_1.U1.and2/A (sky130_fd_sc_hd__and2_1)
                  0.08    0.35    0.93 v ppa_black_3_1.U1.and2/X (sky130_fd_sc_hd__and2_1)
     1    0.00                           ppa_black_3_1.U1.Y (net)
                  0.08    0.00    0.93 v ppa_grey_3_2.U1.ao21/A2 (sky130_fd_sc_hd__a21o_1)
                  0.10    0.37    1.30 v ppa_grey_3_2.U1.ao21/X (sky130_fd_sc_hd__a21o_1)
     2    0.01                           ppa_buffer_3_3.U2.A (net)
                  0.10    0.00    1.30 v ppa_buffer_3_3.U2.buffer/A (sky130_fd_sc_hd__clkbuf_1)
                  0.09    0.21    1.51 v ppa_buffer_3_3.U2.buffer/X (sky130_fd_sc_hd__clkbuf_1)
     2    0.01                           ppa_buffer_3_3.U2.Y (net)
                  0.09    0.00    1.51 v ppa_grey_5_4.U1.ao21/A1 (sky130_fd_sc_hd__a21o_1)
                  0.09    0.34    1.85 v ppa_grey_5_4.U1.ao21/X (sky130_fd_sc_hd__a21o_1)
     2    0.01                           ppa_grey_5_4.U1.Y (net)
                  0.09    0.00    1.85 v ppa_grey_6_5.U1.ao21/A1 (sky130_fd_sc_hd__a21o_1)
                  0.08    0.33    2.18 v ppa_grey_6_5.U1.ao21/X (sky130_fd_sc_hd__a21o_1)
     1    0.00                           ppa_grey_6_5.U1.Y (net)
                  0.08    0.00    2.18 v ppa_post_6_6.U1.xor2/B (sky130_fd_sc_hd__xor2_1)
                  0.12    0.28    2.46 v ppa_post_6_6.U1.xor2/X (sky130_fd_sc_hd__xor2_1)
     1    0.00                           ppa_post_6_6.U1.Y (net)
                  0.12    0.00    2.46 v _6_/A (sky130_fd_sc_hd__clkbuf_1)
                  0.08    0.22    2.68 v _6_/X (sky130_fd_sc_hd__clkbuf_1)
     1    0.01                           net25 (net)
                  0.08    0.00    2.68 v output25/A (sky130_fd_sc_hd__buf_6)
                  0.08    0.26    2.95 v output25/X (sky130_fd_sc_hd__buf_6)
     1    0.03                           sum[6] (net)
                  0.08    0.00    2.95 v sum[6] (out)
                                  2.95   data arrival time

                  0.00    1.00    1.00   clock clk (rise edge)
                          0.00    1.00   clock network delay (ideal)
                         -0.25    0.75   clock uncertainty
                          0.00    0.75   clock reconvergence pessimism
                          0.00    0.75   output external delay
                                  0.75   data required time
-----------------------------------------------------------------------------
                                  0.75   data required time
                                 -2.95   data arrival time
-----------------------------------------------------------------------------
                                 -2.20   slack (VIOLATED)


Startpoint: b[2] (input port clocked by clk)
Endpoint: sum[4] (output port clocked by clk)
Path Group: clk
Path Type: max
Corner: ss

Fanout     Cap    Slew   Delay    Time   Description
-----------------------------------------------------------------------------
                  0.00    0.00    0.00   clock clk (rise edge)
                          0.00    0.00   clock network delay (ideal)
                          0.00    0.00 ^ input external delay
                  0.05    0.03    0.03 ^ b[2] (in)
     1    0.00                           b[2] (net)
                  0.05    0.00    0.03 ^ input11/A (sky130_fd_sc_hd__clkbuf_1)
                  0.16    0.22    0.24 ^ input11/X (sky130_fd_sc_hd__clkbuf_1)
     2    0.01                           net11 (net)
                  0.16    0.00    0.25 ^ ppa_pre_3_0.U1.xor2/B (sky130_fd_sc_hd__xor2_1)
                  0.36    0.43    0.68 ^ ppa_pre_3_0.U1.xor2/X (sky130_fd_sc_hd__xor2_1)
     3    0.01                           ppa_black_3_1.U1.A (net)
                  0.36    0.00    0.68 ^ ppa_black_3_1.U1.and2/A (sky130_fd_sc_hd__and2_1)
                  0.10    0.36    1.04 ^ ppa_black_3_1.U1.and2/X (sky130_fd_sc_hd__and2_1)
     1    0.00                           ppa_black_3_1.U1.Y (net)
                  0.10    0.00    1.04 ^ ppa_grey_3_2.U1.ao21/A2 (sky130_fd_sc_hd__a21o_1)
                  0.12    0.28    1.32 ^ ppa_grey_3_2.U1.ao21/X (sky130_fd_sc_hd__a21o_1)
     2    0.01                           ppa_buffer_3_3.U2.A (net)
                  0.12    0.00    1.32 ^ ppa_buffer_3_3.U2.buffer/A (sky130_fd_sc_hd__clkbuf_1)
                  0.14    0.23    1.56 ^ ppa_buffer_3_3.U2.buffer/X (sky130_fd_sc_hd__clkbuf_1)
     2    0.01                           ppa_buffer_3_3.U2.Y (net)
                  0.14    0.00    1.56 ^ ppa_buffer_3_4.U2.buffer/A (sky130_fd_sc_hd__clkbuf_1)
                  0.16    0.26    1.81 ^ ppa_buffer_3_4.U2.buffer/X (sky130_fd_sc_hd__clkbuf_1)
     2    0.01                           ppa_buffer_3_4.U2.Y (net)
                  0.16    0.00    1.81 ^ ppa_grey_4_5.U1.ao21/A1 (sky130_fd_sc_hd__a21o_1)
                  0.10    0.28    2.09 ^ ppa_grey_4_5.U1.ao21/X (sky130_fd_sc_hd__a21o_1)
     1    0.01                           ppa_grey_4_5.U1.Y (net)
                  0.10    0.00    2.09 ^ ppa_post_4_6.U1.xor2/B (sky130_fd_sc_hd__xor2_1)
                  0.21    0.29    2.38 ^ ppa_post_4_6.U1.xor2/X (sky130_fd_sc_hd__xor2_1)
     1    0.00                           ppa_post_4_6.U1.Y (net)
                  0.21    0.00    2.38 ^ _4_/A (sky130_fd_sc_hd__clkbuf_1)
                  0.14    0.27    2.65 ^ _4_/X (sky130_fd_sc_hd__clkbuf_1)
     1    0.01                           net23 (net)
                  0.14    0.00    2.65 ^ output23/A (sky130_fd_sc_hd__buf_6)
                  0.12    0.27    2.92 ^ output23/X (sky130_fd_sc_hd__buf_6)
     1    0.03                           sum[4] (net)
                  0.12    0.00    2.92 ^ sum[4] (out)
                                  2.92   data arrival time

                  0.00    1.00    1.00   clock clk (rise edge)
                          0.00    1.00   clock network delay (ideal)
                         -0.25    0.75   clock uncertainty
                          0.00    0.75   clock reconvergence pessimism
                          0.00    0.75   output external delay
                                  0.75   data required time
-----------------------------------------------------------------------------
                                  0.75   data required time
                                 -2.92   data arrival time
-----------------------------------------------------------------------------
                                 -2.17   slack (VIOLATED)


Startpoint: b[2] (input port clocked by clk)
Endpoint: sum[5] (output port clocked by clk)
Path Group: clk
Path Type: max
Corner: ss

Fanout     Cap    Slew   Delay    Time   Description
-----------------------------------------------------------------------------
                  0.00    0.00    0.00   clock clk (rise edge)
                          0.00    0.00   clock network delay (ideal)
                          0.00    0.00 ^ input external delay
                  0.05    0.03    0.03 ^ b[2] (in)
     1    0.00                           b[2] (net)
                  0.05    0.00    0.03 ^ input11/A (sky130_fd_sc_hd__clkbuf_1)
                  0.16    0.22    0.24 ^ input11/X (sky130_fd_sc_hd__clkbuf_1)
     2    0.01                           net11 (net)
                  0.16    0.00    0.25 ^ ppa_pre_3_0.U1.xor2/B (sky130_fd_sc_hd__xor2_1)
                  0.36    0.43    0.68 ^ ppa_pre_3_0.U1.xor2/X (sky130_fd_sc_hd__xor2_1)
     3    0.01                           ppa_black_3_1.U1.A (net)
                  0.36    0.00    0.68 ^ ppa_black_3_1.U1.and2/A (sky130_fd_sc_hd__and2_1)
                  0.10    0.36    1.04 ^ ppa_black_3_1.U1.and2/X (sky130_fd_sc_hd__and2_1)
     1    0.00                           ppa_black_3_1.U1.Y (net)
                  0.10    0.00    1.04 ^ ppa_grey_3_2.U1.ao21/A2 (sky130_fd_sc_hd__a21o_1)
                  0.12    0.28    1.32 ^ ppa_grey_3_2.U1.ao21/X (sky130_fd_sc_hd__a21o_1)
     2    0.01                           ppa_buffer_3_3.U2.A (net)
                  0.12    0.00    1.32 ^ ppa_buffer_3_3.U2.buffer/A (sky130_fd_sc_hd__clkbuf_1)
                  0.14    0.23    1.56 ^ ppa_buffer_3_3.U2.buffer/X (sky130_fd_sc_hd__clkbuf_1)
     2    0.01                           ppa_buffer_3_3.U2.Y (net)
                  0.14    0.00    1.56 ^ ppa_grey_5_4.U1.ao21/A1 (sky130_fd_sc_hd__a21o_1)
                  0.11    0.28    1.84 ^ ppa_grey_5_4.U1.ao21/X (sky130_fd_sc_hd__a21o_1)
     2    0.01                           ppa_grey_5_4.U1.Y (net)
                  0.11    0.00    1.84 ^ rebuffer3/A (sky130_fd_sc_hd__clkbuf_1)
                  0.12    0.21    2.05 ^ rebuffer3/X (sky130_fd_sc_hd__clkbuf_1)
     1    0.01                           net29 (net)
                  0.12    0.00    2.05 ^ ppa_post_5_6.U1.xor2/B (sky130_fd_sc_hd__xor2_1)
                  0.18    0.27    2.32 ^ ppa_post_5_6.U1.xor2/X (sky130_fd_sc_hd__xor2_1)
     1    0.00                           ppa_post_5_6.U1.Y (net)
                  0.18    0.00    2.32 ^ _5_/A (sky130_fd_sc_hd__clkbuf_1)
                  0.11    0.23    2.55 ^ _5_/X (sky130_fd_sc_hd__clkbuf_1)
     1    0.00                           net24 (net)
                  0.11    0.00    2.55 ^ output24/A (sky130_fd_sc_hd__clkbuf_4)
                  0.18    0.36    2.91 ^ output24/X (sky130_fd_sc_hd__clkbuf_4)
     1    0.03                           sum[5] (net)
                  0.18    0.00    2.92 ^ sum[5] (out)
                                  2.92   data arrival time

                  0.00    1.00    1.00   clock clk (rise edge)
                          0.00    1.00   clock network delay (ideal)
                         -0.25    0.75   clock uncertainty
                          0.00    0.75   clock reconvergence pessimism
                          0.00    0.75   output external delay
                                  0.75   data required time
-----------------------------------------------------------------------------
                                  0.75   data required time
                                 -2.92   data arrival time
-----------------------------------------------------------------------------
                                 -2.17   slack (VIOLATED)


Startpoint: a[2] (input port clocked by clk)
Endpoint: sum[7] (output port clocked by clk)
Path Group: clk
Path Type: max
Corner: ss

Fanout     Cap    Slew   Delay    Time   Description
-----------------------------------------------------------------------------
                  0.00    0.00    0.00   clock clk (rise edge)
                          0.00    0.00   clock network delay (ideal)
                          0.00    0.00 v input external delay
                  0.02    0.01    0.01 v a[2] (in)
     1    0.00                           a[2] (net)
                  0.02    0.00    0.01 v input3/A (sky130_fd_sc_hd__clkbuf_2)
                  0.08    0.20    0.21 v input3/X (sky130_fd_sc_hd__clkbuf_2)
     2    0.01                           net3 (net)
                  0.08    0.00    0.21 v ppa_pre_3_0.U1.xor2/A (sky130_fd_sc_hd__xor2_1)
                  0.17    0.36    0.58 v ppa_pre_3_0.U1.xor2/X (sky130_fd_sc_hd__xor2_1)
     3    0.01                           ppa_black_3_1.U1.A (net)
                  0.17    0.00    0.58 v ppa_black_3_1.U1.and2/A (sky130_fd_sc_hd__and2_1)
                  0.08    0.35    0.93 v ppa_black_3_1.U1.and2/X (sky130_fd_sc_hd__and2_1)
     1    0.00                           ppa_black_3_1.U1.Y (net)
                  0.08    0.00    0.93 v ppa_grey_3_2.U1.ao21/A2 (sky130_fd_sc_hd__a21o_1)
                  0.10    0.37    1.30 v ppa_grey_3_2.U1.ao21/X (sky130_fd_sc_hd__a21o_1)
     2    0.01                           ppa_buffer_3_3.U2.A (net)
                  0.10    0.00    1.30 v rebuffer6/A (sky130_fd_sc_hd__dlymetal6s2s_1)
                  0.08    0.30    1.60 v rebuffer6/X (sky130_fd_sc_hd__dlymetal6s2s_1)
     1    0.00                           net32 (net)
                  0.08    0.00    1.60 v ppa_grey_7_3.U1.ao21/A1 (sky130_fd_sc_hd__a21o_1)
                  0.11    0.36    1.96 v ppa_grey_7_3.U1.ao21/X (sky130_fd_sc_hd__a21o_1)
     2    0.01                           ppa_grey_7_3.U1.Y (net)
                  0.11    0.00    1.96 v ppa_post_7_6.U1.xor2/B (sky130_fd_sc_hd__xor2_1)
                  0.10    0.29    2.25 v ppa_post_7_6.U1.xor2/X (sky130_fd_sc_hd__xor2_1)
     1    0.00                           ppa_post_7_6.U1.Y (net)
                  0.10    0.00    2.25 v _7_/A (sky130_fd_sc_hd__clkbuf_1)
                  0.05    0.18    2.43 v _7_/X (sky130_fd_sc_hd__clkbuf_1)
     1    0.00                           net26 (net)
                  0.05    0.00    2.43 v output26/A (sky130_fd_sc_hd__buf_2)
                  0.17    0.36    2.79 v output26/X (sky130_fd_sc_hd__buf_2)
     1    0.03                           sum[7] (net)
                  0.17    0.00    2.79 v sum[7] (out)
                                  2.79   data arrival time

                  0.00    1.00    1.00   clock clk (rise edge)
                          0.00    1.00   clock network delay (ideal)
                         -0.25    0.75   clock uncertainty
                          0.00    0.75   clock reconvergence pessimism
                          0.00    0.75   output external delay
                                  0.75   data required time
-----------------------------------------------------------------------------
                                  0.75   data required time
                                 -2.79   data arrival time
-----------------------------------------------------------------------------
                                 -2.04   slack (VIOLATED)


Startpoint: b[2] (input port clocked by clk)
Endpoint: sum[3] (output port clocked by clk)
Path Group: clk
Path Type: max
Corner: ss

Fanout     Cap    Slew   Delay    Time   Description
-----------------------------------------------------------------------------
                  0.00    0.00    0.00   clock clk (rise edge)
                          0.00    0.00   clock network delay (ideal)
                          0.00    0.00 ^ input external delay
                  0.05    0.03    0.03 ^ b[2] (in)
     1    0.00                           b[2] (net)
                  0.05    0.00    0.03 ^ input11/A (sky130_fd_sc_hd__clkbuf_1)
                  0.16    0.22    0.24 ^ input11/X (sky130_fd_sc_hd__clkbuf_1)
     2    0.01                           net11 (net)
                  0.16    0.00    0.25 ^ ppa_pre_3_0.U1.xor2/B (sky130_fd_sc_hd__xor2_1)
                  0.36    0.43    0.68 ^ ppa_pre_3_0.U1.xor2/X (sky130_fd_sc_hd__xor2_1)
     3    0.01                           ppa_black_3_1.U1.A (net)
                  0.36    0.00    0.68 ^ ppa_black_3_1.U1.and2/A (sky130_fd_sc_hd__and2_1)
                  0.10    0.36    1.04 ^ ppa_black_3_1.U1.and2/X (sky130_fd_sc_hd__and2_1)
     1    0.00                           ppa_black_3_1.U1.Y (net)
                  0.10    0.00    1.04 ^ ppa_grey_3_2.U1.ao21/A2 (sky130_fd_sc_hd__a21o_1)
                  0.12    0.28    1.32 ^ ppa_grey_3_2.U1.ao21/X (sky130_fd_sc_hd__a21o_1)
     2    0.01                           ppa_buffer_3_3.U2.A (net)
                  0.12    0.00    1.32 ^ ppa_buffer_3_3.U2.buffer/A (sky130_fd_sc_hd__clkbuf_1)
                  0.14    0.23    1.56 ^ ppa_buffer_3_3.U2.buffer/X (sky130_fd_sc_hd__clkbuf_1)
     2    0.01                           ppa_buffer_3_3.U2.Y (net)
                  0.14    0.00    1.56 ^ ppa_buffer_3_4.U2.buffer/A (sky130_fd_sc_hd__clkbuf_1)
                  0.16    0.26    1.81 ^ ppa_buffer_3_4.U2.buffer/X (sky130_fd_sc_hd__clkbuf_1)
     2    0.01                           ppa_buffer_3_4.U2.Y (net)
                  0.16    0.00    1.81 ^ ppa_post_3_6.U1.xor2/B (sky130_fd_sc_hd__xor2_1)
                  0.19    0.29    2.11 ^ ppa_post_3_6.U1.xor2/X (sky130_fd_sc_hd__xor2_1)
     1    0.00                           ppa_post_3_6.U1.Y (net)
                  0.19    0.00    2.11 ^ _3_/A (sky130_fd_sc_hd__clkbuf_1)
                  0.07    0.20    2.31 ^ _3_/X (sky130_fd_sc_hd__clkbuf_1)
     1    0.00                           net22 (net)
                  0.07    0.00    2.31 ^ output22/A (sky130_fd_sc_hd__buf_2)
                  0.28    0.37    2.68 ^ output22/X (sky130_fd_sc_hd__buf_2)
     1    0.03                           sum[3] (net)
                  0.28    0.00    2.68 ^ sum[3] (out)
                                  2.68   data arrival time

                  0.00    1.00    1.00   clock clk (rise edge)
                          0.00    1.00   clock network delay (ideal)
                         -0.25    0.75   clock uncertainty
                          0.00    0.75   clock reconvergence pessimism
                          0.00    0.75   output external delay
                                  0.75   data required time
-----------------------------------------------------------------------------
                                  0.75   data required time
                                 -2.68   data arrival time
-----------------------------------------------------------------------------
                                 -1.93   slack (VIOLATED)


Startpoint: a[2] (input port clocked by clk)
Endpoint: cout (output port clocked by clk)
Path Group: clk
Path Type: max
Corner: ss

Fanout     Cap    Slew   Delay    Time   Description
-----------------------------------------------------------------------------
                  0.00    0.00    0.00   clock clk (rise edge)
                          0.00    0.00   clock network delay (ideal)
                          0.00    0.00 v input external delay
                  0.02    0.01    0.01 v a[2] (in)
     1    0.00                           a[2] (net)
                  0.02    0.00    0.01 v input3/A (sky130_fd_sc_hd__clkbuf_2)
                  0.08    0.20    0.21 v input3/X (sky130_fd_sc_hd__clkbuf_2)
     2    0.01                           net3 (net)
                  0.08    0.00    0.21 v ppa_pre_3_0.U1.xor2/A (sky130_fd_sc_hd__xor2_1)
                  0.17    0.36    0.58 v ppa_pre_3_0.U1.xor2/X (sky130_fd_sc_hd__xor2_1)
     3    0.01                           ppa_black_3_1.U1.A (net)
                  0.17    0.00    0.58 v ppa_black_3_1.U1.and2/A (sky130_fd_sc_hd__and2_1)
                  0.08    0.35    0.93 v ppa_black_3_1.U1.and2/X (sky130_fd_sc_hd__and2_1)
     1    0.00                           ppa_black_3_1.U1.Y (net)
                  0.08    0.00    0.93 v ppa_grey_3_2.U1.ao21/A2 (sky130_fd_sc_hd__a21o_1)
                  0.10    0.37    1.30 v ppa_grey_3_2.U1.ao21/X (sky130_fd_sc_hd__a21o_1)
     2    0.01                           ppa_buffer_3_3.U2.A (net)
                  0.10    0.00    1.30 v rebuffer6/A (sky130_fd_sc_hd__dlymetal6s2s_1)
                  0.08    0.30    1.60 v rebuffer6/X (sky130_fd_sc_hd__dlymetal6s2s_1)
     1    0.00                           net32 (net)
                  0.08    0.00    1.60 v ppa_grey_7_3.U1.ao21/A1 (sky130_fd_sc_hd__a21o_1)
                  0.11    0.36    1.96 v ppa_grey_7_3.U1.ao21/X (sky130_fd_sc_hd__a21o_1)
     2    0.01                           ppa_grey_7_3.U1.Y (net)
                  0.11    0.00    1.96 v ppa_grey_cout.U1.ao21/A1 (sky130_fd_sc_hd__a21o_1)
                  0.07    0.33    2.29 v ppa_grey_cout.U1.ao21/X (sky130_fd_sc_hd__a21o_1)
     1    0.00                           net18 (net)
                  0.07    0.00    2.30 v output18/A (sky130_fd_sc_hd__buf_2)
                  0.17    0.36    2.66 v output18/X (sky130_fd_sc_hd__buf_2)
     1    0.03                           cout (net)
                  0.17    0.00    2.66 v cout (out)
                                  2.66   data arrival time

                  0.00    1.00    1.00   clock clk (rise edge)
                          0.00    1.00   clock network delay (ideal)
                         -0.25    0.75   clock uncertainty
                          0.00    0.75   clock reconvergence pessimism
                          0.00    0.75   output external delay
                                  0.75   data required time
-----------------------------------------------------------------------------
                                  0.75   data required time
                                 -2.66   data arrival time
-----------------------------------------------------------------------------
                                 -1.91   slack (VIOLATED)


Startpoint: b[0] (input port clocked by clk)
Endpoint: sum[2] (output port clocked by clk)
Path Group: clk
Path Type: max
Corner: ss

Fanout     Cap    Slew   Delay    Time   Description
-----------------------------------------------------------------------------
                  0.00    0.00    0.00   clock clk (rise edge)
                          0.00    0.00   clock network delay (ideal)
                          0.00    0.00 ^ input external delay
                  0.04    0.03    0.03 ^ b[0] (in)
     1    0.00                           b[0] (net)
                  0.04    0.00    0.03 ^ input9/A (sky130_fd_sc_hd__clkbuf_1)
                  0.19    0.23    0.26 ^ input9/X (sky130_fd_sc_hd__clkbuf_1)
     2    0.01                           net9 (net)
                  0.19    0.00    0.26 ^ ppa_pre_1_0.U1.xor2/B (sky130_fd_sc_hd__xor2_1)
                  0.27    0.37    0.63 ^ ppa_pre_1_0.U1.xor2/X (sky130_fd_sc_hd__xor2_1)
     2    0.01                           ppa_grey_1_1.U1.A1 (net)
                  0.27    0.00    0.63 ^ ppa_grey_1_1.U1.ao21/A2 (sky130_fd_sc_hd__a21o_1)
                  0.13    0.35    0.98 ^ ppa_grey_1_1.U1.ao21/X (sky130_fd_sc_hd__a21o_1)
     2    0.01                           ppa_buffer_1_3.U2.A (net)
                  0.13    0.00    0.98 ^ ppa_buffer_1_3.U2.buffer/A (sky130_fd_sc_hd__clkbuf_1)
                  0.16    0.25    1.23 ^ ppa_buffer_1_3.U2.buffer/X (sky130_fd_sc_hd__clkbuf_1)
     2    0.01                           ppa_buffer_1_3.U2.Y (net)
                  0.16    0.00    1.23 ^ ppa_grey_2_4.U1.ao21/A1 (sky130_fd_sc_hd__a21o_1)
                  0.09    0.28    1.51 ^ ppa_grey_2_4.U1.ao21/X (sky130_fd_sc_hd__a21o_1)
     1    0.01                           ppa_grey_2_4.U1.Y (net)
                  0.09    0.00    1.51 ^ ppa_post_2_6.U1.xor2/B (sky130_fd_sc_hd__xor2_1)
                  0.20    0.28    1.78 ^ ppa_post_2_6.U1.xor2/X (sky130_fd_sc_hd__xor2_1)
     1    0.00                           ppa_post_2_6.U1.Y (net)
                  0.20    0.00    1.78 ^ _2_/A (sky130_fd_sc_hd__clkbuf_1)
                  0.06    0.20    1.99 ^ _2_/X (sky130_fd_sc_hd__clkbuf_1)
     1    0.00                           net21 (net)
                  0.06    0.00    1.99 ^ output21/A (sky130_fd_sc_hd__buf_2)
                  0.27    0.35    2.34 ^ output21/X (sky130_fd_sc_hd__buf_2)
     1    0.03                           sum[2] (net)
                  0.27    0.00    2.34 ^ sum[2] (out)
                                  2.34   data arrival time

                  0.00    1.00    1.00   clock clk (rise edge)
                          0.00    1.00   clock network delay (ideal)
                         -0.25    0.75   clock uncertainty
                          0.00    0.75   clock reconvergence pessimism
                          0.00    0.75   output external delay
                                  0.75   data required time
-----------------------------------------------------------------------------
                                  0.75   data required time
                                 -2.34   data arrival time
-----------------------------------------------------------------------------
                                 -1.59   slack (VIOLATED)


Startpoint: b[0] (input port clocked by clk)
Endpoint: sum[1] (output port clocked by clk)
Path Group: clk
Path Type: max
Corner: ss

Fanout     Cap    Slew   Delay    Time   Description
-----------------------------------------------------------------------------
                  0.00    0.00    0.00   clock clk (rise edge)
                          0.00    0.00   clock network delay (ideal)
                          0.00    0.00 ^ input external delay
                  0.04    0.03    0.03 ^ b[0] (in)
     1    0.00                           b[0] (net)
                  0.04    0.00    0.03 ^ input9/A (sky130_fd_sc_hd__clkbuf_1)
                  0.19    0.23    0.26 ^ input9/X (sky130_fd_sc_hd__clkbuf_1)
     2    0.01                           net9 (net)
                  0.19    0.00    0.26 ^ ppa_pre_1_0.U1.xor2/B (sky130_fd_sc_hd__xor2_1)
                  0.27    0.37    0.63 ^ ppa_pre_1_0.U1.xor2/X (sky130_fd_sc_hd__xor2_1)
     2    0.01                           ppa_grey_1_1.U1.A1 (net)
                  0.27    0.00    0.63 ^ ppa_grey_1_1.U1.ao21/A2 (sky130_fd_sc_hd__a21o_1)
                  0.13    0.35    0.98 ^ ppa_grey_1_1.U1.ao21/X (sky130_fd_sc_hd__a21o_1)
     2    0.01                           ppa_buffer_1_3.U2.A (net)
                  0.13    0.00    0.98 ^ ppa_buffer_1_3.U2.buffer/A (sky130_fd_sc_hd__clkbuf_1)
                  0.16    0.25    1.23 ^ ppa_buffer_1_3.U2.buffer/X (sky130_fd_sc_hd__clkbuf_1)
     2    0.01                           ppa_buffer_1_3.U2.Y (net)
                  0.16    0.00    1.23 ^ ppa_post_1_6.U1.xor2/B (sky130_fd_sc_hd__xor2_1)
                  0.17    0.28    1.51 ^ ppa_post_1_6.U1.xor2/X (sky130_fd_sc_hd__xor2_1)
     1    0.00                           ppa_post_1_6.U1.Y (net)
                  0.17    0.00    1.51 ^ _1_/A (sky130_fd_sc_hd__clkbuf_1)
                  0.06    0.19    1.70 ^ _1_/X (sky130_fd_sc_hd__clkbuf_1)
     1    0.00                           net20 (net)
                  0.06    0.00    1.70 ^ output20/A (sky130_fd_sc_hd__buf_2)
                  0.27    0.36    2.06 ^ output20/X (sky130_fd_sc_hd__buf_2)
     1    0.03                           sum[1] (net)
                  0.27    0.00    2.06 ^ sum[1] (out)
                                  2.06   data arrival time

                  0.00    1.00    1.00   clock clk (rise edge)
                          0.00    1.00   clock network delay (ideal)
                         -0.25    0.75   clock uncertainty
                          0.00    0.75   clock reconvergence pessimism
                          0.00    0.75   output external delay
                                  0.75   data required time
-----------------------------------------------------------------------------
                                  0.75   data required time
                                 -2.06   data arrival time
-----------------------------------------------------------------------------
                                 -1.31   slack (VIOLATED)


Startpoint: b[0] (input port clocked by clk)
Endpoint: sum[0] (output port clocked by clk)
Path Group: clk
Path Type: max
Corner: ss

Fanout     Cap    Slew   Delay    Time   Description
-----------------------------------------------------------------------------
                  0.00    0.00    0.00   clock clk (rise edge)
                          0.00    0.00   clock network delay (ideal)
                          0.00    0.00 ^ input external delay
                  0.04    0.03    0.03 ^ b[0] (in)
     1    0.00                           b[0] (net)
                  0.04    0.00    0.03 ^ input9/A (sky130_fd_sc_hd__clkbuf_1)
                  0.19    0.23    0.26 ^ input9/X (sky130_fd_sc_hd__clkbuf_1)
     2    0.01                           net9 (net)
                  0.19    0.00    0.26 ^ ppa_pre_1_0.U1.xor2/B (sky130_fd_sc_hd__xor2_1)
                  0.27    0.37    0.63 ^ ppa_pre_1_0.U1.xor2/X (sky130_fd_sc_hd__xor2_1)
     2    0.01                           ppa_grey_1_1.U1.A1 (net)
                  0.27    0.00    0.63 ^ rebuffer2/A (sky130_fd_sc_hd__dlygate4sd1_1)
                  0.10    0.50    1.13 ^ rebuffer2/X (sky130_fd_sc_hd__dlygate4sd1_1)
     1    0.01                           net28 (net)
                  0.10    0.00    1.13 ^ ppa_post_0_6.U1.xor2/A (sky130_fd_sc_hd__xor2_1)
                  0.23    0.29    1.42 ^ ppa_post_0_6.U1.xor2/X (sky130_fd_sc_hd__xor2_1)
     1    0.00                           ppa_post_0_6.U1.Y (net)
                  0.23    0.00    1.42 ^ _0_/A (sky130_fd_sc_hd__clkbuf_1)
                  0.07    0.22    1.64 ^ _0_/X (sky130_fd_sc_hd__clkbuf_1)
     1    0.00                           net19 (net)
                  0.07    0.00    1.64 ^ output19/A (sky130_fd_sc_hd__buf_2)
                  0.27    0.36    2.00 ^ output19/X (sky130_fd_sc_hd__buf_2)
     1    0.03                           sum[0] (net)
                  0.27    0.00    2.00 ^ sum[0] (out)
                                  2.00   data arrival time

                  0.00    1.00    1.00   clock clk (rise edge)
                          0.00    1.00   clock network delay (ideal)
                         -0.25    0.75   clock uncertainty
                          0.00    0.75   clock reconvergence pessimism
                          0.00    0.75   output external delay
                                  0.75   data required time
-----------------------------------------------------------------------------
                                  0.75   data required time
                                 -2.00   data arrival time
-----------------------------------------------------------------------------
                                 -1.25   slack (VIOLATED)



======================= Typical Corner ===================================

Startpoint: b[2] (input port clocked by clk)
Endpoint: sum[5] (output port clocked by clk)
Path Group: clk
Path Type: max
Corner: tt

Fanout     Cap    Slew   Delay    Time   Description
-----------------------------------------------------------------------------
                  0.00    0.00    0.00   clock clk (rise edge)
                          0.00    0.00   clock network delay (ideal)
                          0.00    0.00 ^ input external delay
                  0.03    0.02    0.02 ^ b[2] (in)
     1    0.01                           b[2] (net)
                  0.03    0.00    0.02 ^ input11/A (sky130_fd_sc_hd__clkbuf_1)
                  0.10    0.12    0.14 ^ input11/X (sky130_fd_sc_hd__clkbuf_1)
     2    0.01                           net11 (net)
                  0.10    0.00    0.14 ^ ppa_pre_3_0.U1.xor2/B (sky130_fd_sc_hd__xor2_1)
                  0.22    0.24    0.38 ^ ppa_pre_3_0.U1.xor2/X (sky130_fd_sc_hd__xor2_1)
     3    0.01                           ppa_black_3_1.U1.A (net)
                  0.22    0.00    0.38 ^ ppa_black_3_1.U1.and2/A (sky130_fd_sc_hd__and2_1)
                  0.06    0.18    0.56 ^ ppa_black_3_1.U1.and2/X (sky130_fd_sc_hd__and2_1)
     1    0.00                           ppa_black_3_1.U1.Y (net)
                  0.06    0.00    0.56 ^ ppa_grey_3_2.U1.ao21/A2 (sky130_fd_sc_hd__a21o_1)
                  0.08    0.15    0.71 ^ ppa_grey_3_2.U1.ao21/X (sky130_fd_sc_hd__a21o_1)
     2    0.01                           ppa_buffer_3_3.U2.A (net)
                  0.08    0.00    0.71 ^ ppa_buffer_3_3.U2.buffer/A (sky130_fd_sc_hd__clkbuf_1)
                  0.09    0.13    0.83 ^ ppa_buffer_3_3.U2.buffer/X (sky130_fd_sc_hd__clkbuf_1)
     2    0.01                           ppa_buffer_3_3.U2.Y (net)
                  0.09    0.00    0.83 ^ ppa_grey_5_4.U1.ao21/A1 (sky130_fd_sc_hd__a21o_1)
                  0.07    0.14    0.98 ^ ppa_grey_5_4.U1.ao21/X (sky130_fd_sc_hd__a21o_1)
     2    0.01                           ppa_grey_5_4.U1.Y (net)
                  0.07    0.00    0.98 ^ rebuffer3/A (sky130_fd_sc_hd__clkbuf_1)
                  0.07    0.11    1.09 ^ rebuffer3/X (sky130_fd_sc_hd__clkbuf_1)
     1    0.01                           net29 (net)
                  0.07    0.00    1.09 ^ ppa_post_5_6.U1.xor2/B (sky130_fd_sc_hd__xor2_1)
                  0.11    0.15    1.24 ^ ppa_post_5_6.U1.xor2/X (sky130_fd_sc_hd__xor2_1)
     1    0.00                           ppa_post_5_6.U1.Y (net)
                  0.11    0.00    1.24 ^ _5_/A (sky130_fd_sc_hd__clkbuf_1)
                  0.06    0.12    1.36 ^ _5_/X (sky130_fd_sc_hd__clkbuf_1)
     1    0.00                           net24 (net)
                  0.06    0.00    1.36 ^ output24/A (sky130_fd_sc_hd__clkbuf_4)
                  0.11    0.20    1.56 ^ output24/X (sky130_fd_sc_hd__clkbuf_4)
     1    0.03                           sum[5] (net)
                  0.11    0.00    1.56 ^ sum[5] (out)
                                  1.56   data arrival time

                  0.00    1.00    1.00   clock clk (rise edge)
                          0.00    1.00   clock network delay (ideal)
                         -0.25    0.75   clock uncertainty
                          0.00    0.75   clock reconvergence pessimism
                          0.00    0.75   output external delay
                                  0.75   data required time
-----------------------------------------------------------------------------
                                  0.75   data required time
                                 -1.56   data arrival time
-----------------------------------------------------------------------------
                                 -0.81   slack (VIOLATED)


Startpoint: b[2] (input port clocked by clk)
Endpoint: sum[4] (output port clocked by clk)
Path Group: clk
Path Type: max
Corner: tt

Fanout     Cap    Slew   Delay    Time   Description
-----------------------------------------------------------------------------
                  0.00    0.00    0.00   clock clk (rise edge)
                          0.00    0.00   clock network delay (ideal)
                          0.00    0.00 ^ input external delay
                  0.03    0.02    0.02 ^ b[2] (in)
     1    0.01                           b[2] (net)
                  0.03    0.00    0.02 ^ input11/A (sky130_fd_sc_hd__clkbuf_1)
                  0.10    0.12    0.14 ^ input11/X (sky130_fd_sc_hd__clkbuf_1)
     2    0.01                           net11 (net)
                  0.10    0.00    0.14 ^ ppa_pre_3_0.U1.xor2/B (sky130_fd_sc_hd__xor2_1)
                  0.22    0.24    0.38 ^ ppa_pre_3_0.U1.xor2/X (sky130_fd_sc_hd__xor2_1)
     3    0.01                           ppa_black_3_1.U1.A (net)
                  0.22    0.00    0.38 ^ ppa_black_3_1.U1.and2/A (sky130_fd_sc_hd__and2_1)
                  0.06    0.18    0.56 ^ ppa_black_3_1.U1.and2/X (sky130_fd_sc_hd__and2_1)
     1    0.00                           ppa_black_3_1.U1.Y (net)
                  0.06    0.00    0.56 ^ ppa_grey_3_2.U1.ao21/A2 (sky130_fd_sc_hd__a21o_1)
                  0.08    0.15    0.71 ^ ppa_grey_3_2.U1.ao21/X (sky130_fd_sc_hd__a21o_1)
     2    0.01                           ppa_buffer_3_3.U2.A (net)
                  0.08    0.00    0.71 ^ ppa_buffer_3_3.U2.buffer/A (sky130_fd_sc_hd__clkbuf_1)
                  0.09    0.13    0.83 ^ ppa_buffer_3_3.U2.buffer/X (sky130_fd_sc_hd__clkbuf_1)
     2    0.01                           ppa_buffer_3_3.U2.Y (net)
                  0.09    0.00    0.83 ^ ppa_buffer_3_4.U2.buffer/A (sky130_fd_sc_hd__clkbuf_1)
                  0.10    0.14    0.97 ^ ppa_buffer_3_4.U2.buffer/X (sky130_fd_sc_hd__clkbuf_1)
     2    0.01                           ppa_buffer_3_4.U2.Y (net)
                  0.10    0.00    0.97 ^ ppa_grey_4_5.U1.ao21/A1 (sky130_fd_sc_hd__a21o_1)
                  0.06    0.14    1.11 ^ ppa_grey_4_5.U1.ao21/X (sky130_fd_sc_hd__a21o_1)
     1    0.01                           ppa_grey_4_5.U1.Y (net)
                  0.06    0.00    1.11 ^ ppa_post_4_6.U1.xor2/B (sky130_fd_sc_hd__xor2_1)
                  0.13    0.16    1.27 ^ ppa_post_4_6.U1.xor2/X (sky130_fd_sc_hd__xor2_1)
     1    0.00                           ppa_post_4_6.U1.Y (net)
                  0.13    0.00    1.27 ^ _4_/A (sky130_fd_sc_hd__clkbuf_1)
                  0.09    0.14    1.41 ^ _4_/X (sky130_fd_sc_hd__clkbuf_1)
     1    0.01                           net23 (net)
                  0.09    0.00    1.41 ^ output23/A (sky130_fd_sc_hd__buf_6)
                  0.08    0.15    1.56 ^ output23/X (sky130_fd_sc_hd__buf_6)
     1    0.03                           sum[4] (net)
                  0.08    0.00    1.56 ^ sum[4] (out)
                                  1.56   data arrival time

                  0.00    1.00    1.00   clock clk (rise edge)
                          0.00    1.00   clock network delay (ideal)
                         -0.25    0.75   clock uncertainty
                          0.00    0.75   clock reconvergence pessimism
                          0.00    0.75   output external delay
                                  0.75   data required time
-----------------------------------------------------------------------------
                                  0.75   data required time
                                 -1.56   data arrival time
-----------------------------------------------------------------------------
                                 -0.81   slack (VIOLATED)


Startpoint: a[2] (input port clocked by clk)
Endpoint: sum[6] (output port clocked by clk)
Path Group: clk
Path Type: max
Corner: tt

Fanout     Cap    Slew   Delay    Time   Description
-----------------------------------------------------------------------------
                  0.00    0.00    0.00   clock clk (rise edge)
                          0.00    0.00   clock network delay (ideal)
                          0.00    0.00 v input external delay
                  0.01    0.01    0.01 v a[2] (in)
     1    0.00                           a[2] (net)
                  0.01    0.00    0.01 v input3/A (sky130_fd_sc_hd__clkbuf_2)
                  0.05    0.11    0.12 v input3/X (sky130_fd_sc_hd__clkbuf_2)
     2    0.01                           net3 (net)
                  0.05    0.00    0.12 v ppa_pre_3_0.U1.xor2/A (sky130_fd_sc_hd__xor2_1)
                  0.08    0.19    0.31 v ppa_pre_3_0.U1.xor2/X (sky130_fd_sc_hd__xor2_1)
     3    0.01                           ppa_black_3_1.U1.A (net)
                  0.08    0.00    0.31 v ppa_black_3_1.U2.ao21/A2 (sky130_fd_sc_hd__a21o_1)
                  0.03    0.20    0.50 v ppa_black_3_1.U2.ao21/X (sky130_fd_sc_hd__a21o_1)
     1    0.00                           ppa_black_3_1.U2.Y (net)
                  0.03    0.00    0.50 v ppa_grey_3_2.U1.ao21/B1 (sky130_fd_sc_hd__a21o_1)
                  0.05    0.18    0.68 v ppa_grey_3_2.U1.ao21/X (sky130_fd_sc_hd__a21o_1)
     2    0.01                           ppa_buffer_3_3.U2.A (net)
                  0.05    0.00    0.68 v ppa_buffer_3_3.U2.buffer/A (sky130_fd_sc_hd__clkbuf_1)
                  0.04    0.11    0.79 v ppa_buffer_3_3.U2.buffer/X (sky130_fd_sc_hd__clkbuf_1)
     2    0.01                           ppa_buffer_3_3.U2.Y (net)
                  0.04    0.00    0.79 v ppa_grey_5_4.U1.ao21/A1 (sky130_fd_sc_hd__a21o_1)
                  0.05    0.18    0.97 v ppa_grey_5_4.U1.ao21/X (sky130_fd_sc_hd__a21o_1)
     2    0.01                           ppa_grey_5_4.U1.Y (net)
                  0.05    0.00    0.97 v ppa_grey_6_5.U1.ao21/A1 (sky130_fd_sc_hd__a21o_1)
                  0.04    0.17    1.13 v ppa_grey_6_5.U1.ao21/X (sky130_fd_sc_hd__a21o_1)
     1    0.00                           ppa_grey_6_5.U1.Y (net)
                  0.04    0.00    1.13 v ppa_post_6_6.U1.xor2/B (sky130_fd_sc_hd__xor2_1)
                  0.13    0.14    1.27 ^ ppa_post_6_6.U1.xor2/X (sky130_fd_sc_hd__xor2_1)
     1    0.00                           ppa_post_6_6.U1.Y (net)
                  0.13    0.00    1.27 ^ _6_/A (sky130_fd_sc_hd__clkbuf_1)
                  0.08    0.13    1.41 ^ _6_/X (sky130_fd_sc_hd__clkbuf_1)
     1    0.01                           net25 (net)
                  0.08    0.00    1.41 ^ output25/A (sky130_fd_sc_hd__buf_6)
                  0.08    0.14    1.55 ^ output25/X (sky130_fd_sc_hd__buf_6)
     1    0.03                           sum[6] (net)
                  0.08    0.00    1.55 ^ sum[6] (out)
                                  1.55   data arrival time

                  0.00    1.00    1.00   clock clk (rise edge)
                          0.00    1.00   clock network delay (ideal)
                         -0.25    0.75   clock uncertainty
                          0.00    0.75   clock reconvergence pessimism
                          0.00    0.75   output external delay
                                  0.75   data required time
-----------------------------------------------------------------------------
                                  0.75   data required time
                                 -1.55   data arrival time
-----------------------------------------------------------------------------
                                 -0.80   slack (VIOLATED)


Startpoint: a[2] (input port clocked by clk)
Endpoint: sum[7] (output port clocked by clk)
Path Group: clk
Path Type: max
Corner: tt

Fanout     Cap    Slew   Delay    Time   Description
-----------------------------------------------------------------------------
                  0.00    0.00    0.00   clock clk (rise edge)
                          0.00    0.00   clock network delay (ideal)
                          0.00    0.00 v input external delay
                  0.01    0.01    0.01 v a[2] (in)
     1    0.00                           a[2] (net)
                  0.01    0.00    0.01 v input3/A (sky130_fd_sc_hd__clkbuf_2)
                  0.05    0.11    0.12 v input3/X (sky130_fd_sc_hd__clkbuf_2)
     2    0.01                           net3 (net)
                  0.05    0.00    0.12 v ppa_pre_3_0.U1.xor2/A (sky130_fd_sc_hd__xor2_1)
                  0.08    0.19    0.31 v ppa_pre_3_0.U1.xor2/X (sky130_fd_sc_hd__xor2_1)
     3    0.01                           ppa_black_3_1.U1.A (net)
                  0.08    0.00    0.31 v ppa_black_3_1.U2.ao21/A2 (sky130_fd_sc_hd__a21o_1)
                  0.03    0.20    0.50 v ppa_black_3_1.U2.ao21/X (sky130_fd_sc_hd__a21o_1)
     1    0.00                           ppa_black_3_1.U2.Y (net)
                  0.03    0.00    0.50 v ppa_grey_3_2.U1.ao21/B1 (sky130_fd_sc_hd__a21o_1)
                  0.05    0.18    0.68 v ppa_grey_3_2.U1.ao21/X (sky130_fd_sc_hd__a21o_1)
     2    0.01                           ppa_buffer_3_3.U2.A (net)
                  0.05    0.00    0.68 v rebuffer6/A (sky130_fd_sc_hd__dlymetal6s2s_1)
                  0.04    0.14    0.82 v rebuffer6/X (sky130_fd_sc_hd__dlymetal6s2s_1)
     1    0.00                           net32 (net)
                  0.04    0.00    0.82 v ppa_grey_7_3.U1.ao21/A1 (sky130_fd_sc_hd__a21o_1)
                  0.06    0.19    1.01 v ppa_grey_7_3.U1.ao21/X (sky130_fd_sc_hd__a21o_1)
     2    0.01                           ppa_grey_7_3.U1.Y (net)
                  0.06    0.00    1.01 v ppa_post_7_6.U1.xor2/B (sky130_fd_sc_hd__xor2_1)
                  0.10    0.13    1.14 ^ ppa_post_7_6.U1.xor2/X (sky130_fd_sc_hd__xor2_1)
     1    0.00                           ppa_post_7_6.U1.Y (net)
                  0.10    0.00    1.14 ^ _7_/A (sky130_fd_sc_hd__clkbuf_1)
                  0.05    0.10    1.24 ^ _7_/X (sky130_fd_sc_hd__clkbuf_1)
     1    0.00                           net26 (net)
                  0.05    0.00    1.24 ^ output26/A (sky130_fd_sc_hd__buf_2)
                  0.18    0.21    1.45 ^ output26/X (sky130_fd_sc_hd__buf_2)
     1    0.03                           sum[7] (net)
                  0.18    0.00    1.46 ^ sum[7] (out)
                                  1.46   data arrival time

                  0.00    1.00    1.00   clock clk (rise edge)
                          0.00    1.00   clock network delay (ideal)
                         -0.25    0.75   clock uncertainty
                          0.00    0.75   clock reconvergence pessimism
                          0.00    0.75   output external delay
                                  0.75   data required time
-----------------------------------------------------------------------------
                                  0.75   data required time
                                 -1.46   data arrival time
-----------------------------------------------------------------------------
                                 -0.71   slack (VIOLATED)


Startpoint: b[2] (input port clocked by clk)
Endpoint: sum[3] (output port clocked by clk)
Path Group: clk
Path Type: max
Corner: tt

Fanout     Cap    Slew   Delay    Time   Description
-----------------------------------------------------------------------------
                  0.00    0.00    0.00   clock clk (rise edge)
                          0.00    0.00   clock network delay (ideal)
                          0.00    0.00 ^ input external delay
                  0.03    0.02    0.02 ^ b[2] (in)
     1    0.01                           b[2] (net)
                  0.03    0.00    0.02 ^ input11/A (sky130_fd_sc_hd__clkbuf_1)
                  0.10    0.12    0.14 ^ input11/X (sky130_fd_sc_hd__clkbuf_1)
     2    0.01                           net11 (net)
                  0.10    0.00    0.14 ^ ppa_pre_3_0.U1.xor2/B (sky130_fd_sc_hd__xor2_1)
                  0.22    0.24    0.38 ^ ppa_pre_3_0.U1.xor2/X (sky130_fd_sc_hd__xor2_1)
     3    0.01                           ppa_black_3_1.U1.A (net)
                  0.22    0.00    0.38 ^ ppa_black_3_1.U1.and2/A (sky130_fd_sc_hd__and2_1)
                  0.06    0.18    0.56 ^ ppa_black_3_1.U1.and2/X (sky130_fd_sc_hd__and2_1)
     1    0.00                           ppa_black_3_1.U1.Y (net)
                  0.06    0.00    0.56 ^ ppa_grey_3_2.U1.ao21/A2 (sky130_fd_sc_hd__a21o_1)
                  0.08    0.15    0.71 ^ ppa_grey_3_2.U1.ao21/X (sky130_fd_sc_hd__a21o_1)
     2    0.01                           ppa_buffer_3_3.U2.A (net)
                  0.08    0.00    0.71 ^ ppa_buffer_3_3.U2.buffer/A (sky130_fd_sc_hd__clkbuf_1)
                  0.09    0.13    0.83 ^ ppa_buffer_3_3.U2.buffer/X (sky130_fd_sc_hd__clkbuf_1)
     2    0.01                           ppa_buffer_3_3.U2.Y (net)
                  0.09    0.00    0.83 ^ ppa_buffer_3_4.U2.buffer/A (sky130_fd_sc_hd__clkbuf_1)
                  0.10    0.14    0.97 ^ ppa_buffer_3_4.U2.buffer/X (sky130_fd_sc_hd__clkbuf_1)
     2    0.01                           ppa_buffer_3_4.U2.Y (net)
                  0.10    0.00    0.97 ^ ppa_post_3_6.U1.xor2/B (sky130_fd_sc_hd__xor2_1)
                  0.11    0.16    1.13 ^ ppa_post_3_6.U1.xor2/X (sky130_fd_sc_hd__xor2_1)
     1    0.00                           ppa_post_3_6.U1.Y (net)
                  0.11    0.00    1.13 ^ _3_/A (sky130_fd_sc_hd__clkbuf_1)
                  0.04    0.10    1.23 ^ _3_/X (sky130_fd_sc_hd__clkbuf_1)
     1    0.00                           net22 (net)
                  0.04    0.00    1.23 ^ output22/A (sky130_fd_sc_hd__buf_2)
                  0.18    0.21    1.44 ^ output22/X (sky130_fd_sc_hd__buf_2)
     1    0.03                           sum[3] (net)
                  0.18    0.00    1.44 ^ sum[3] (out)
                                  1.44   data arrival time

                  0.00    1.00    1.00   clock clk (rise edge)
                          0.00    1.00   clock network delay (ideal)
                         -0.25    0.75   clock uncertainty
                          0.00    0.75   clock reconvergence pessimism
                          0.00    0.75   output external delay
                                  0.75   data required time
-----------------------------------------------------------------------------
                                  0.75   data required time
                                 -1.44   data arrival time
-----------------------------------------------------------------------------
                                 -0.69   slack (VIOLATED)


Startpoint: a[2] (input port clocked by clk)
Endpoint: cout (output port clocked by clk)
Path Group: clk
Path Type: max
Corner: tt

Fanout     Cap    Slew   Delay    Time   Description
-----------------------------------------------------------------------------
                  0.00    0.00    0.00   clock clk (rise edge)
                          0.00    0.00   clock network delay (ideal)
                          0.00    0.00 v input external delay
                  0.01    0.01    0.01 v a[2] (in)
     1    0.00                           a[2] (net)
                  0.01    0.00    0.01 v input3/A (sky130_fd_sc_hd__clkbuf_2)
                  0.05    0.11    0.12 v input3/X (sky130_fd_sc_hd__clkbuf_2)
     2    0.01                           net3 (net)
                  0.05    0.00    0.12 v ppa_pre_3_0.U1.xor2/A (sky130_fd_sc_hd__xor2_1)
                  0.08    0.19    0.31 v ppa_pre_3_0.U1.xor2/X (sky130_fd_sc_hd__xor2_1)
     3    0.01                           ppa_black_3_1.U1.A (net)
                  0.08    0.00    0.31 v ppa_black_3_1.U2.ao21/A2 (sky130_fd_sc_hd__a21o_1)
                  0.03    0.20    0.50 v ppa_black_3_1.U2.ao21/X (sky130_fd_sc_hd__a21o_1)
     1    0.00                           ppa_black_3_1.U2.Y (net)
                  0.03    0.00    0.50 v ppa_grey_3_2.U1.ao21/B1 (sky130_fd_sc_hd__a21o_1)
                  0.05    0.18    0.68 v ppa_grey_3_2.U1.ao21/X (sky130_fd_sc_hd__a21o_1)
     2    0.01                           ppa_buffer_3_3.U2.A (net)
                  0.05    0.00    0.68 v rebuffer6/A (sky130_fd_sc_hd__dlymetal6s2s_1)
                  0.04    0.14    0.82 v rebuffer6/X (sky130_fd_sc_hd__dlymetal6s2s_1)
     1    0.00                           net32 (net)
                  0.04    0.00    0.82 v ppa_grey_7_3.U1.ao21/A1 (sky130_fd_sc_hd__a21o_1)
                  0.06    0.19    1.01 v ppa_grey_7_3.U1.ao21/X (sky130_fd_sc_hd__a21o_1)
     2    0.01                           ppa_grey_7_3.U1.Y (net)
                  0.06    0.00    1.01 v ppa_grey_cout.U1.ao21/A1 (sky130_fd_sc_hd__a21o_1)
                  0.04    0.17    1.18 v ppa_grey_cout.U1.ao21/X (sky130_fd_sc_hd__a21o_1)
     1    0.00                           net18 (net)
                  0.04    0.00    1.18 v output18/A (sky130_fd_sc_hd__buf_2)
                  0.09    0.19    1.37 v output18/X (sky130_fd_sc_hd__buf_2)
     1    0.03                           cout (net)
                  0.09    0.00    1.37 v cout (out)
                                  1.37   data arrival time

                  0.00    1.00    1.00   clock clk (rise edge)
                          0.00    1.00   clock network delay (ideal)
                         -0.25    0.75   clock uncertainty
                          0.00    0.75   clock reconvergence pessimism
                          0.00    0.75   output external delay
                                  0.75   data required time
-----------------------------------------------------------------------------
                                  0.75   data required time
                                 -1.37   data arrival time
-----------------------------------------------------------------------------
                                 -0.62   slack (VIOLATED)


Startpoint: b[0] (input port clocked by clk)
Endpoint: sum[2] (output port clocked by clk)
Path Group: clk
Path Type: max
Corner: tt

Fanout     Cap    Slew   Delay    Time   Description
-----------------------------------------------------------------------------
                  0.00    0.00    0.00   clock clk (rise edge)
                          0.00    0.00   clock network delay (ideal)
                          0.00    0.00 ^ input external delay
                  0.03    0.02    0.02 ^ b[0] (in)
     1    0.00                           b[0] (net)
                  0.03    0.00    0.02 ^ input9/A (sky130_fd_sc_hd__clkbuf_1)
                  0.12    0.13    0.15 ^ input9/X (sky130_fd_sc_hd__clkbuf_1)
     2    0.01                           net9 (net)
                  0.12    0.00    0.15 ^ ppa_pre_1_0.U1.xor2/B (sky130_fd_sc_hd__xor2_1)
                  0.17    0.20    0.35 ^ ppa_pre_1_0.U1.xor2/X (sky130_fd_sc_hd__xor2_1)
     2    0.01                           ppa_grey_1_1.U1.A1 (net)
                  0.17    0.00    0.35 ^ ppa_grey_1_1.U1.ao21/A2 (sky130_fd_sc_hd__a21o_1)
                  0.08    0.18    0.53 ^ ppa_grey_1_1.U1.ao21/X (sky130_fd_sc_hd__a21o_1)
     2    0.01                           ppa_buffer_1_3.U2.A (net)
                  0.08    0.00    0.53 ^ ppa_buffer_1_3.U2.buffer/A (sky130_fd_sc_hd__clkbuf_1)
                  0.10    0.13    0.66 ^ ppa_buffer_1_3.U2.buffer/X (sky130_fd_sc_hd__clkbuf_1)
     2    0.01                           ppa_buffer_1_3.U2.Y (net)
                  0.10    0.00    0.66 ^ ppa_grey_2_4.U1.ao21/A1 (sky130_fd_sc_hd__a21o_1)
                  0.06    0.14    0.80 ^ ppa_grey_2_4.U1.ao21/X (sky130_fd_sc_hd__a21o_1)
     1    0.01                           ppa_grey_2_4.U1.Y (net)
                  0.06    0.00    0.80 ^ ppa_post_2_6.U1.xor2/B (sky130_fd_sc_hd__xor2_1)
                  0.12    0.15    0.95 ^ ppa_post_2_6.U1.xor2/X (sky130_fd_sc_hd__xor2_1)
     1    0.00                           ppa_post_2_6.U1.Y (net)
                  0.12    0.00    0.95 ^ _2_/A (sky130_fd_sc_hd__clkbuf_1)
                  0.04    0.10    1.05 ^ _2_/X (sky130_fd_sc_hd__clkbuf_1)
     1    0.00                           net21 (net)
                  0.04    0.00    1.05 ^ output21/A (sky130_fd_sc_hd__buf_2)
                  0.17    0.20    1.26 ^ output21/X (sky130_fd_sc_hd__buf_2)
     1    0.03                           sum[2] (net)
                  0.17    0.00    1.26 ^ sum[2] (out)
                                  1.26   data arrival time

                  0.00    1.00    1.00   clock clk (rise edge)
                          0.00    1.00   clock network delay (ideal)
                         -0.25    0.75   clock uncertainty
                          0.00    0.75   clock reconvergence pessimism
                          0.00    0.75   output external delay
                                  0.75   data required time
-----------------------------------------------------------------------------
                                  0.75   data required time
                                 -1.26   data arrival time
-----------------------------------------------------------------------------
                                 -0.51   slack (VIOLATED)


Startpoint: b[0] (input port clocked by clk)
Endpoint: sum[1] (output port clocked by clk)
Path Group: clk
Path Type: max
Corner: tt

Fanout     Cap    Slew   Delay    Time   Description
-----------------------------------------------------------------------------
                  0.00    0.00    0.00   clock clk (rise edge)
                          0.00    0.00   clock network delay (ideal)
                          0.00    0.00 ^ input external delay
                  0.03    0.02    0.02 ^ b[0] (in)
     1    0.00                           b[0] (net)
                  0.03    0.00    0.02 ^ input9/A (sky130_fd_sc_hd__clkbuf_1)
                  0.12    0.13    0.15 ^ input9/X (sky130_fd_sc_hd__clkbuf_1)
     2    0.01                           net9 (net)
                  0.12    0.00    0.15 ^ ppa_pre_1_0.U1.xor2/B (sky130_fd_sc_hd__xor2_1)
                  0.17    0.20    0.35 ^ ppa_pre_1_0.U1.xor2/X (sky130_fd_sc_hd__xor2_1)
     2    0.01                           ppa_grey_1_1.U1.A1 (net)
                  0.17    0.00    0.35 ^ ppa_grey_1_1.U1.ao21/A2 (sky130_fd_sc_hd__a21o_1)
                  0.08    0.18    0.53 ^ ppa_grey_1_1.U1.ao21/X (sky130_fd_sc_hd__a21o_1)
     2    0.01                           ppa_buffer_1_3.U2.A (net)
                  0.08    0.00    0.53 ^ ppa_buffer_1_3.U2.buffer/A (sky130_fd_sc_hd__clkbuf_1)
                  0.10    0.13    0.66 ^ ppa_buffer_1_3.U2.buffer/X (sky130_fd_sc_hd__clkbuf_1)
     2    0.01                           ppa_buffer_1_3.U2.Y (net)
                  0.10    0.00    0.66 ^ ppa_post_1_6.U1.xor2/B (sky130_fd_sc_hd__xor2_1)
                  0.10    0.15    0.81 ^ ppa_post_1_6.U1.xor2/X (sky130_fd_sc_hd__xor2_1)
     1    0.00                           ppa_post_1_6.U1.Y (net)
                  0.10    0.00    0.81 ^ _1_/A (sky130_fd_sc_hd__clkbuf_1)
                  0.04    0.10    0.91 ^ _1_/X (sky130_fd_sc_hd__clkbuf_1)
     1    0.00                           net20 (net)
                  0.04    0.00    0.91 ^ output20/A (sky130_fd_sc_hd__buf_2)
                  0.17    0.20    1.11 ^ output20/X (sky130_fd_sc_hd__buf_2)
     1    0.03                           sum[1] (net)
                  0.17    0.00    1.11 ^ sum[1] (out)
                                  1.11   data arrival time

                  0.00    1.00    1.00   clock clk (rise edge)
                          0.00    1.00   clock network delay (ideal)
                         -0.25    0.75   clock uncertainty
                          0.00    0.75   clock reconvergence pessimism
                          0.00    0.75   output external delay
                                  0.75   data required time
-----------------------------------------------------------------------------
                                  0.75   data required time
                                 -1.11   data arrival time
-----------------------------------------------------------------------------
                                 -0.36   slack (VIOLATED)


Startpoint: b[0] (input port clocked by clk)
Endpoint: sum[0] (output port clocked by clk)
Path Group: clk
Path Type: max
Corner: tt

Fanout     Cap    Slew   Delay    Time   Description
-----------------------------------------------------------------------------
                  0.00    0.00    0.00   clock clk (rise edge)
                          0.00    0.00   clock network delay (ideal)
                          0.00    0.00 ^ input external delay
                  0.03    0.02    0.02 ^ b[0] (in)
     1    0.00                           b[0] (net)
                  0.03    0.00    0.02 ^ input9/A (sky130_fd_sc_hd__clkbuf_1)
                  0.12    0.13    0.15 ^ input9/X (sky130_fd_sc_hd__clkbuf_1)
     2    0.01                           net9 (net)
                  0.12    0.00    0.15 ^ ppa_pre_1_0.U1.xor2/B (sky130_fd_sc_hd__xor2_1)
                  0.17    0.20    0.35 ^ ppa_pre_1_0.U1.xor2/X (sky130_fd_sc_hd__xor2_1)
     2    0.01                           ppa_grey_1_1.U1.A1 (net)
                  0.17    0.00    0.35 ^ rebuffer2/A (sky130_fd_sc_hd__dlygate4sd1_1)
                  0.06    0.25    0.60 ^ rebuffer2/X (sky130_fd_sc_hd__dlygate4sd1_1)
     1    0.01                           net28 (net)
                  0.06    0.00    0.60 ^ ppa_post_0_6.U1.xor2/A (sky130_fd_sc_hd__xor2_1)
                  0.14    0.16    0.76 ^ ppa_post_0_6.U1.xor2/X (sky130_fd_sc_hd__xor2_1)
     1    0.00                           ppa_post_0_6.U1.Y (net)
                  0.14    0.00    0.76 ^ _0_/A (sky130_fd_sc_hd__clkbuf_1)
                  0.04    0.11    0.87 ^ _0_/X (sky130_fd_sc_hd__clkbuf_1)
     1    0.00                           net19 (net)
                  0.04    0.00    0.87 ^ output19/A (sky130_fd_sc_hd__buf_2)
                  0.17    0.21    1.08 ^ output19/X (sky130_fd_sc_hd__buf_2)
     1    0.03                           sum[0] (net)
                  0.17    0.00    1.08 ^ sum[0] (out)
                                  1.08   data arrival time

                  0.00    1.00    1.00   clock clk (rise edge)
                          0.00    1.00   clock network delay (ideal)
                         -0.25    0.75   clock uncertainty
                          0.00    0.75   clock reconvergence pessimism
                          0.00    0.75   output external delay
                                  0.75   data required time
-----------------------------------------------------------------------------
                                  0.75   data required time
                                 -1.08   data arrival time
-----------------------------------------------------------------------------
                                 -0.33   slack (VIOLATED)



======================= Fastest Corner ===================================

Startpoint: b[2] (input port clocked by clk)
Endpoint: sum[5] (output port clocked by clk)
Path Group: clk
Path Type: max
Corner: ff

Fanout     Cap    Slew   Delay    Time   Description
-----------------------------------------------------------------------------
                  0.00    0.00    0.00   clock clk (rise edge)
                          0.00    0.00   clock network delay (ideal)
                          0.00    0.00 ^ input external delay
                  0.02    0.01    0.01 ^ b[2] (in)
     1    0.01                           b[2] (net)
                  0.02    0.00    0.01 ^ input11/A (sky130_fd_sc_hd__clkbuf_1)
                  0.08    0.08    0.10 ^ input11/X (sky130_fd_sc_hd__clkbuf_1)
     2    0.01                           net11 (net)
                  0.08    0.00    0.10 ^ ppa_pre_3_0.U1.xor2/B (sky130_fd_sc_hd__xor2_1)
                  0.16    0.16    0.26 ^ ppa_pre_3_0.U1.xor2/X (sky130_fd_sc_hd__xor2_1)
     3    0.01                           ppa_black_3_1.U1.A (net)
                  0.16    0.00    0.26 ^ ppa_black_3_1.U1.and2/A (sky130_fd_sc_hd__and2_1)
                  0.04    0.10    0.36 ^ ppa_black_3_1.U1.and2/X (sky130_fd_sc_hd__and2_1)
     1    0.00                           ppa_black_3_1.U1.Y (net)
                  0.04    0.00    0.36 ^ ppa_grey_3_2.U1.ao21/A2 (sky130_fd_sc_hd__a21o_1)
                  0.06    0.10    0.46 ^ ppa_grey_3_2.U1.ao21/X (sky130_fd_sc_hd__a21o_1)
     2    0.01                           ppa_buffer_3_3.U2.A (net)
                  0.06    0.00    0.46 ^ ppa_buffer_3_3.U2.buffer/A (sky130_fd_sc_hd__clkbuf_1)
                  0.06    0.08    0.54 ^ ppa_buffer_3_3.U2.buffer/X (sky130_fd_sc_hd__clkbuf_1)
     2    0.01                           ppa_buffer_3_3.U2.Y (net)
                  0.06    0.00    0.54 ^ ppa_grey_5_4.U1.ao21/A1 (sky130_fd_sc_hd__a21o_1)
                  0.05    0.09    0.63 ^ ppa_grey_5_4.U1.ao21/X (sky130_fd_sc_hd__a21o_1)
     2    0.01                           ppa_grey_5_4.U1.Y (net)
                  0.05    0.00    0.63 ^ rebuffer3/A (sky130_fd_sc_hd__clkbuf_1)
                  0.05    0.08    0.71 ^ rebuffer3/X (sky130_fd_sc_hd__clkbuf_1)
     1    0.01                           net29 (net)
                  0.05    0.00    0.71 ^ ppa_post_5_6.U1.xor2/B (sky130_fd_sc_hd__xor2_1)
                  0.08    0.09    0.80 ^ ppa_post_5_6.U1.xor2/X (sky130_fd_sc_hd__xor2_1)
     1    0.00                           ppa_post_5_6.U1.Y (net)
                  0.08    0.00    0.80 ^ _5_/A (sky130_fd_sc_hd__clkbuf_1)
                  0.05    0.07    0.88 ^ _5_/X (sky130_fd_sc_hd__clkbuf_1)
     1    0.00                           net24 (net)
                  0.05    0.00    0.88 ^ output24/A (sky130_fd_sc_hd__clkbuf_4)
                  0.08    0.14    1.01 ^ output24/X (sky130_fd_sc_hd__clkbuf_4)
     1    0.03                           sum[5] (net)
                  0.08    0.00    1.01 ^ sum[5] (out)
                                  1.01   data arrival time

                  0.00    1.00    1.00   clock clk (rise edge)
                          0.00    1.00   clock network delay (ideal)
                         -0.25    0.75   clock uncertainty
                          0.00    0.75   clock reconvergence pessimism
                          0.00    0.75   output external delay
                                  0.75   data required time
-----------------------------------------------------------------------------
                                  0.75   data required time
                                 -1.01   data arrival time
-----------------------------------------------------------------------------
                                 -0.26   slack (VIOLATED)


Startpoint: b[2] (input port clocked by clk)
Endpoint: sum[4] (output port clocked by clk)
Path Group: clk
Path Type: max
Corner: ff

Fanout     Cap    Slew   Delay    Time   Description
-----------------------------------------------------------------------------
                  0.00    0.00    0.00   clock clk (rise edge)
                          0.00    0.00   clock network delay (ideal)
                          0.00    0.00 ^ input external delay
                  0.02    0.01    0.01 ^ b[2] (in)
     1    0.01                           b[2] (net)
                  0.02    0.00    0.01 ^ input11/A (sky130_fd_sc_hd__clkbuf_1)
                  0.08    0.08    0.10 ^ input11/X (sky130_fd_sc_hd__clkbuf_1)
     2    0.01                           net11 (net)
                  0.08    0.00    0.10 ^ ppa_pre_3_0.U1.xor2/B (sky130_fd_sc_hd__xor2_1)
                  0.16    0.16    0.26 ^ ppa_pre_3_0.U1.xor2/X (sky130_fd_sc_hd__xor2_1)
     3    0.01                           ppa_black_3_1.U1.A (net)
                  0.16    0.00    0.26 ^ ppa_black_3_1.U1.and2/A (sky130_fd_sc_hd__and2_1)
                  0.04    0.10    0.36 ^ ppa_black_3_1.U1.and2/X (sky130_fd_sc_hd__and2_1)
     1    0.00                           ppa_black_3_1.U1.Y (net)
                  0.04    0.00    0.36 ^ ppa_grey_3_2.U1.ao21/A2 (sky130_fd_sc_hd__a21o_1)
                  0.06    0.10    0.46 ^ ppa_grey_3_2.U1.ao21/X (sky130_fd_sc_hd__a21o_1)
     2    0.01                           ppa_buffer_3_3.U2.A (net)
                  0.06    0.00    0.46 ^ ppa_buffer_3_3.U2.buffer/A (sky130_fd_sc_hd__clkbuf_1)
                  0.06    0.08    0.54 ^ ppa_buffer_3_3.U2.buffer/X (sky130_fd_sc_hd__clkbuf_1)
     2    0.01                           ppa_buffer_3_3.U2.Y (net)
                  0.06    0.00    0.54 ^ ppa_buffer_3_4.U2.buffer/A (sky130_fd_sc_hd__clkbuf_1)
                  0.07    0.09    0.63 ^ ppa_buffer_3_4.U2.buffer/X (sky130_fd_sc_hd__clkbuf_1)
     2    0.01                           ppa_buffer_3_4.U2.Y (net)
                  0.07    0.00    0.63 ^ ppa_grey_4_5.U1.ao21/A1 (sky130_fd_sc_hd__a21o_1)
                  0.04    0.09    0.72 ^ ppa_grey_4_5.U1.ao21/X (sky130_fd_sc_hd__a21o_1)
     1    0.01                           ppa_grey_4_5.U1.Y (net)
                  0.04    0.00    0.72 ^ ppa_post_4_6.U1.xor2/B (sky130_fd_sc_hd__xor2_1)
                  0.09    0.11    0.82 ^ ppa_post_4_6.U1.xor2/X (sky130_fd_sc_hd__xor2_1)
     1    0.00                           ppa_post_4_6.U1.Y (net)
                  0.09    0.00    0.82 ^ _4_/A (sky130_fd_sc_hd__clkbuf_1)
                  0.06    0.08    0.91 ^ _4_/X (sky130_fd_sc_hd__clkbuf_1)
     1    0.01                           net23 (net)
                  0.06    0.00    0.91 ^ output23/A (sky130_fd_sc_hd__buf_6)
                  0.06    0.10    1.01 ^ output23/X (sky130_fd_sc_hd__buf_6)
     1    0.03                           sum[4] (net)
                  0.06    0.00    1.01 ^ sum[4] (out)
                                  1.01   data arrival time

                  0.00    1.00    1.00   clock clk (rise edge)
                          0.00    1.00   clock network delay (ideal)
                         -0.25    0.75   clock uncertainty
                          0.00    0.75   clock reconvergence pessimism
                          0.00    0.75   output external delay
                                  0.75   data required time
-----------------------------------------------------------------------------
                                  0.75   data required time
                                 -1.01   data arrival time
-----------------------------------------------------------------------------
                                 -0.26   slack (VIOLATED)


Startpoint: a[0] (input port clocked by clk)
Endpoint: sum[6] (output port clocked by clk)
Path Group: clk
Path Type: max
Corner: ff

Fanout     Cap    Slew   Delay    Time   Description
-----------------------------------------------------------------------------
                  0.00    0.00    0.00   clock clk (rise edge)
                          0.00    0.00   clock network delay (ideal)
                          0.00    0.00 v input external delay
                  0.01    0.00    0.00 v a[0] (in)
     1    0.01                           a[0] (net)
                  0.01    0.00    0.00 v input1/A (sky130_fd_sc_hd__buf_6)
                  0.02    0.07    0.07 v input1/X (sky130_fd_sc_hd__buf_6)
     2    0.01                           net1 (net)
                  0.02    0.00    0.07 v ppa_pre_1_0.U1.xor2/A (sky130_fd_sc_hd__xor2_1)
                  0.05    0.11    0.18 v ppa_pre_1_0.U1.xor2/X (sky130_fd_sc_hd__xor2_1)
     2    0.01                           ppa_grey_1_1.U1.A1 (net)
                  0.05    0.00    0.18 v ppa_grey_1_1.U1.ao21/A2 (sky130_fd_sc_hd__a21o_1)
                  0.04    0.14    0.32 v ppa_grey_1_1.U1.ao21/X (sky130_fd_sc_hd__a21o_1)
     2    0.01                           ppa_buffer_1_3.U2.A (net)
                  0.04    0.00    0.32 v ppa_grey_3_2.U1.ao21/A1 (sky130_fd_sc_hd__a21o_1)
                  0.04    0.12    0.43 v ppa_grey_3_2.U1.ao21/X (sky130_fd_sc_hd__a21o_1)
     2    0.01                           ppa_buffer_3_3.U2.A (net)
                  0.04    0.00    0.43 v ppa_buffer_3_3.U2.buffer/A (sky130_fd_sc_hd__clkbuf_1)
                  0.03    0.07    0.51 v ppa_buffer_3_3.U2.buffer/X (sky130_fd_sc_hd__clkbuf_1)
     2    0.01                           ppa_buffer_3_3.U2.Y (net)
                  0.03    0.00    0.51 v ppa_grey_5_4.U1.ao21/A1 (sky130_fd_sc_hd__a21o_1)
                  0.03    0.11    0.62 v ppa_grey_5_4.U1.ao21/X (sky130_fd_sc_hd__a21o_1)
     2    0.01                           ppa_grey_5_4.U1.Y (net)
                  0.03    0.00    0.62 v ppa_grey_6_5.U1.ao21/A1 (sky130_fd_sc_hd__a21o_1)
                  0.03    0.11    0.73 v ppa_grey_6_5.U1.ao21/X (sky130_fd_sc_hd__a21o_1)
     1    0.00                           ppa_grey_6_5.U1.Y (net)
                  0.03    0.00    0.73 v ppa_post_6_6.U1.xor2/B (sky130_fd_sc_hd__xor2_1)
                  0.09    0.10    0.83 ^ ppa_post_6_6.U1.xor2/X (sky130_fd_sc_hd__xor2_1)
     1    0.00                           ppa_post_6_6.U1.Y (net)
                  0.09    0.00    0.83 ^ _6_/A (sky130_fd_sc_hd__clkbuf_1)
                  0.06    0.08    0.91 ^ _6_/X (sky130_fd_sc_hd__clkbuf_1)
     1    0.01                           net25 (net)
                  0.06    0.00    0.91 ^ output25/A (sky130_fd_sc_hd__buf_6)
                  0.06    0.10    1.00 ^ output25/X (sky130_fd_sc_hd__buf_6)
     1    0.03                           sum[6] (net)
                  0.06    0.00    1.01 ^ sum[6] (out)
                                  1.01   data arrival time

                  0.00    1.00    1.00   clock clk (rise edge)
                          0.00    1.00   clock network delay (ideal)
                         -0.25    0.75   clock uncertainty
                          0.00    0.75   clock reconvergence pessimism
                          0.00    0.75   output external delay
                                  0.75   data required time
-----------------------------------------------------------------------------
                                  0.75   data required time
                                 -1.01   data arrival time
-----------------------------------------------------------------------------
                                 -0.26   slack (VIOLATED)


Startpoint: a[0] (input port clocked by clk)
Endpoint: sum[7] (output port clocked by clk)
Path Group: clk
Path Type: max
Corner: ff

Fanout     Cap    Slew   Delay    Time   Description
-----------------------------------------------------------------------------
                  0.00    0.00    0.00   clock clk (rise edge)
                          0.00    0.00   clock network delay (ideal)
                          0.00    0.00 v input external delay
                  0.01    0.00    0.00 v a[0] (in)
     1    0.01                           a[0] (net)
                  0.01    0.00    0.00 v input1/A (sky130_fd_sc_hd__buf_6)
                  0.02    0.07    0.07 v input1/X (sky130_fd_sc_hd__buf_6)
     2    0.01                           net1 (net)
                  0.02    0.00    0.07 v ppa_pre_1_0.U1.xor2/A (sky130_fd_sc_hd__xor2_1)
                  0.05    0.11    0.18 v ppa_pre_1_0.U1.xor2/X (sky130_fd_sc_hd__xor2_1)
     2    0.01                           ppa_grey_1_1.U1.A1 (net)
                  0.05    0.00    0.18 v ppa_grey_1_1.U1.ao21/A2 (sky130_fd_sc_hd__a21o_1)
                  0.04    0.14    0.32 v ppa_grey_1_1.U1.ao21/X (sky130_fd_sc_hd__a21o_1)
     2    0.01                           ppa_buffer_1_3.U2.A (net)
                  0.04    0.00    0.32 v ppa_grey_3_2.U1.ao21/A1 (sky130_fd_sc_hd__a21o_1)
                  0.04    0.12    0.43 v ppa_grey_3_2.U1.ao21/X (sky130_fd_sc_hd__a21o_1)
     2    0.01                           ppa_buffer_3_3.U2.A (net)
                  0.04    0.00    0.43 v rebuffer6/A (sky130_fd_sc_hd__dlymetal6s2s_1)
                  0.03    0.09    0.53 v rebuffer6/X (sky130_fd_sc_hd__dlymetal6s2s_1)
     1    0.00                           net32 (net)
                  0.03    0.00    0.53 v ppa_grey_7_3.U1.ao21/A1 (sky130_fd_sc_hd__a21o_1)
                  0.04    0.12    0.65 v ppa_grey_7_3.U1.ao21/X (sky130_fd_sc_hd__a21o_1)
     2    0.01                           ppa_grey_7_3.U1.Y (net)
                  0.04    0.00    0.65 v ppa_post_7_6.U1.xor2/B (sky130_fd_sc_hd__xor2_1)
                  0.08    0.09    0.74 ^ ppa_post_7_6.U1.xor2/X (sky130_fd_sc_hd__xor2_1)
     1    0.00                           ppa_post_7_6.U1.Y (net)
                  0.08    0.00    0.74 ^ _7_/A (sky130_fd_sc_hd__clkbuf_1)
                  0.03    0.06    0.80 ^ _7_/X (sky130_fd_sc_hd__clkbuf_1)
     1    0.00                           net26 (net)
                  0.03    0.00    0.80 ^ output26/A (sky130_fd_sc_hd__buf_2)
                  0.13    0.15    0.95 ^ output26/X (sky130_fd_sc_hd__buf_2)
     1    0.03                           sum[7] (net)
                  0.13    0.00    0.95 ^ sum[7] (out)
                                  0.95   data arrival time

                  0.00    1.00    1.00   clock clk (rise edge)
                          0.00    1.00   clock network delay (ideal)
                         -0.25    0.75   clock uncertainty
                          0.00    0.75   clock reconvergence pessimism
                          0.00    0.75   output external delay
                                  0.75   data required time
-----------------------------------------------------------------------------
                                  0.75   data required time
                                 -0.95   data arrival time
-----------------------------------------------------------------------------
                                 -0.20   slack (VIOLATED)


Startpoint: b[2] (input port clocked by clk)
Endpoint: sum[3] (output port clocked by clk)
Path Group: clk
Path Type: max
Corner: ff

Fanout     Cap    Slew   Delay    Time   Description
-----------------------------------------------------------------------------
                  0.00    0.00    0.00   clock clk (rise edge)
                          0.00    0.00   clock network delay (ideal)
                          0.00    0.00 ^ input external delay
                  0.02    0.01    0.01 ^ b[2] (in)
     1    0.01                           b[2] (net)
                  0.02    0.00    0.01 ^ input11/A (sky130_fd_sc_hd__clkbuf_1)
                  0.08    0.08    0.10 ^ input11/X (sky130_fd_sc_hd__clkbuf_1)
     2    0.01                           net11 (net)
                  0.08    0.00    0.10 ^ ppa_pre_3_0.U1.xor2/B (sky130_fd_sc_hd__xor2_1)
                  0.16    0.16    0.26 ^ ppa_pre_3_0.U1.xor2/X (sky130_fd_sc_hd__xor2_1)
     3    0.01                           ppa_black_3_1.U1.A (net)
                  0.16    0.00    0.26 ^ ppa_black_3_1.U1.and2/A (sky130_fd_sc_hd__and2_1)
                  0.04    0.10    0.36 ^ ppa_black_3_1.U1.and2/X (sky130_fd_sc_hd__and2_1)
     1    0.00                           ppa_black_3_1.U1.Y (net)
                  0.04    0.00    0.36 ^ ppa_grey_3_2.U1.ao21/A2 (sky130_fd_sc_hd__a21o_1)
                  0.06    0.10    0.46 ^ ppa_grey_3_2.U1.ao21/X (sky130_fd_sc_hd__a21o_1)
     2    0.01                           ppa_buffer_3_3.U2.A (net)
                  0.06    0.00    0.46 ^ ppa_buffer_3_3.U2.buffer/A (sky130_fd_sc_hd__clkbuf_1)
                  0.06    0.08    0.54 ^ ppa_buffer_3_3.U2.buffer/X (sky130_fd_sc_hd__clkbuf_1)
     2    0.01                           ppa_buffer_3_3.U2.Y (net)
                  0.06    0.00    0.54 ^ ppa_buffer_3_4.U2.buffer/A (sky130_fd_sc_hd__clkbuf_1)
                  0.07    0.09    0.63 ^ ppa_buffer_3_4.U2.buffer/X (sky130_fd_sc_hd__clkbuf_1)
     2    0.01                           ppa_buffer_3_4.U2.Y (net)
                  0.07    0.00    0.63 ^ ppa_post_3_6.U1.xor2/B (sky130_fd_sc_hd__xor2_1)
                  0.08    0.10    0.73 ^ ppa_post_3_6.U1.xor2/X (sky130_fd_sc_hd__xor2_1)
     1    0.00                           ppa_post_3_6.U1.Y (net)
                  0.08    0.00    0.73 ^ _3_/A (sky130_fd_sc_hd__clkbuf_1)
                  0.03    0.06    0.79 ^ _3_/X (sky130_fd_sc_hd__clkbuf_1)
     1    0.00                           net22 (net)
                  0.03    0.00    0.79 ^ output22/A (sky130_fd_sc_hd__buf_2)
                  0.13    0.15    0.94 ^ output22/X (sky130_fd_sc_hd__buf_2)
     1    0.03                           sum[3] (net)
                  0.13    0.00    0.94 ^ sum[3] (out)
                                  0.94   data arrival time

                  0.00    1.00    1.00   clock clk (rise edge)
                          0.00    1.00   clock network delay (ideal)
                         -0.25    0.75   clock uncertainty
                          0.00    0.75   clock reconvergence pessimism
                          0.00    0.75   output external delay
                                  0.75   data required time
-----------------------------------------------------------------------------
                                  0.75   data required time
                                 -0.94   data arrival time
-----------------------------------------------------------------------------
                                 -0.19   slack (VIOLATED)


Startpoint: a[0] (input port clocked by clk)
Endpoint: cout (output port clocked by clk)
Path Group: clk
Path Type: max
Corner: ff

Fanout     Cap    Slew   Delay    Time   Description
-----------------------------------------------------------------------------
                  0.00    0.00    0.00   clock clk (rise edge)
                          0.00    0.00   clock network delay (ideal)
                          0.00    0.00 v input external delay
                  0.01    0.00    0.00 v a[0] (in)
     1    0.01                           a[0] (net)
                  0.01    0.00    0.00 v input1/A (sky130_fd_sc_hd__buf_6)
                  0.02    0.07    0.07 v input1/X (sky130_fd_sc_hd__buf_6)
     2    0.01                           net1 (net)
                  0.02    0.00    0.07 v ppa_pre_1_0.U1.xor2/A (sky130_fd_sc_hd__xor2_1)
                  0.05    0.11    0.18 v ppa_pre_1_0.U1.xor2/X (sky130_fd_sc_hd__xor2_1)
     2    0.01                           ppa_grey_1_1.U1.A1 (net)
                  0.05    0.00    0.18 v ppa_grey_1_1.U1.ao21/A2 (sky130_fd_sc_hd__a21o_1)
                  0.04    0.14    0.32 v ppa_grey_1_1.U1.ao21/X (sky130_fd_sc_hd__a21o_1)
     2    0.01                           ppa_buffer_1_3.U2.A (net)
                  0.04    0.00    0.32 v ppa_grey_3_2.U1.ao21/A1 (sky130_fd_sc_hd__a21o_1)
                  0.04    0.12    0.43 v ppa_grey_3_2.U1.ao21/X (sky130_fd_sc_hd__a21o_1)
     2    0.01                           ppa_buffer_3_3.U2.A (net)
                  0.04    0.00    0.43 v rebuffer6/A (sky130_fd_sc_hd__dlymetal6s2s_1)
                  0.03    0.09    0.53 v rebuffer6/X (sky130_fd_sc_hd__dlymetal6s2s_1)
     1    0.00                           net32 (net)
                  0.03    0.00    0.53 v ppa_grey_7_3.U1.ao21/A1 (sky130_fd_sc_hd__a21o_1)
                  0.04    0.12    0.65 v ppa_grey_7_3.U1.ao21/X (sky130_fd_sc_hd__a21o_1)
     2    0.01                           ppa_grey_7_3.U1.Y (net)
                  0.04    0.00    0.65 v ppa_grey_cout.U1.ao21/A1 (sky130_fd_sc_hd__a21o_1)
                  0.03    0.11    0.76 v ppa_grey_cout.U1.ao21/X (sky130_fd_sc_hd__a21o_1)
     1    0.00                           net18 (net)
                  0.03    0.00    0.76 v output18/A (sky130_fd_sc_hd__buf_2)
                  0.06    0.12    0.88 v output18/X (sky130_fd_sc_hd__buf_2)
     1    0.03                           cout (net)
                  0.06    0.00    0.88 v cout (out)
                                  0.88   data arrival time

                  0.00    1.00    1.00   clock clk (rise edge)
                          0.00    1.00   clock network delay (ideal)
                         -0.25    0.75   clock uncertainty
                          0.00    0.75   clock reconvergence pessimism
                          0.00    0.75   output external delay
                                  0.75   data required time
-----------------------------------------------------------------------------
                                  0.75   data required time
                                 -0.88   data arrival time
-----------------------------------------------------------------------------
                                 -0.13   slack (VIOLATED)


Startpoint: b[0] (input port clocked by clk)
Endpoint: sum[2] (output port clocked by clk)
Path Group: clk
Path Type: max
Corner: ff

Fanout     Cap    Slew   Delay    Time   Description
-----------------------------------------------------------------------------
                  0.00    0.00    0.00   clock clk (rise edge)
                          0.00    0.00   clock network delay (ideal)
                          0.00    0.00 ^ input external delay
                  0.02    0.01    0.01 ^ b[0] (in)
     1    0.00                           b[0] (net)
                  0.02    0.00    0.01 ^ input9/A (sky130_fd_sc_hd__clkbuf_1)
                  0.09    0.09    0.10 ^ input9/X (sky130_fd_sc_hd__clkbuf_1)
     2    0.01                           net9 (net)
                  0.09    0.00    0.10 ^ ppa_pre_1_0.U1.xor2/B (sky130_fd_sc_hd__xor2_1)
                  0.12    0.13    0.23 ^ ppa_pre_1_0.U1.xor2/X (sky130_fd_sc_hd__xor2_1)
     2    0.01                           ppa_grey_1_1.U1.A1 (net)
                  0.12    0.00    0.23 ^ ppa_grey_1_1.U1.ao21/A2 (sky130_fd_sc_hd__a21o_1)
                  0.06    0.11    0.34 ^ ppa_grey_1_1.U1.ao21/X (sky130_fd_sc_hd__a21o_1)
     2    0.01                           ppa_buffer_1_3.U2.A (net)
                  0.06    0.00    0.34 ^ ppa_buffer_1_3.U2.buffer/A (sky130_fd_sc_hd__clkbuf_1)
                  0.07    0.09    0.43 ^ ppa_buffer_1_3.U2.buffer/X (sky130_fd_sc_hd__clkbuf_1)
     2    0.01                           ppa_buffer_1_3.U2.Y (net)
                  0.07    0.00    0.43 ^ ppa_grey_2_4.U1.ao21/A1 (sky130_fd_sc_hd__a21o_1)
                  0.04    0.08    0.52 ^ ppa_grey_2_4.U1.ao21/X (sky130_fd_sc_hd__a21o_1)
     1    0.01                           ppa_grey_2_4.U1.Y (net)
                  0.04    0.00    0.52 ^ ppa_post_2_6.U1.xor2/B (sky130_fd_sc_hd__xor2_1)
                  0.09    0.10    0.62 ^ ppa_post_2_6.U1.xor2/X (sky130_fd_sc_hd__xor2_1)
     1    0.00                           ppa_post_2_6.U1.Y (net)
                  0.09    0.00    0.62 ^ _2_/A (sky130_fd_sc_hd__clkbuf_1)
                  0.03    0.06    0.68 ^ _2_/X (sky130_fd_sc_hd__clkbuf_1)
     1    0.00                           net21 (net)
                  0.03    0.00    0.68 ^ output21/A (sky130_fd_sc_hd__buf_2)
                  0.13    0.14    0.82 ^ output21/X (sky130_fd_sc_hd__buf_2)
     1    0.03                           sum[2] (net)
                  0.13    0.00    0.82 ^ sum[2] (out)
                                  0.82   data arrival time

                  0.00    1.00    1.00   clock clk (rise edge)
                          0.00    1.00   clock network delay (ideal)
                         -0.25    0.75   clock uncertainty
                          0.00    0.75   clock reconvergence pessimism
                          0.00    0.75   output external delay
                                  0.75   data required time
-----------------------------------------------------------------------------
                                  0.75   data required time
                                 -0.82   data arrival time
-----------------------------------------------------------------------------
                                 -0.07   slack (VIOLATED)


Startpoint: b[0] (input port clocked by clk)
Endpoint: sum[1] (output port clocked by clk)
Path Group: clk
Path Type: max
Corner: ff

Fanout     Cap    Slew   Delay    Time   Description
-----------------------------------------------------------------------------
                  0.00    0.00    0.00   clock clk (rise edge)
                          0.00    0.00   clock network delay (ideal)
                          0.00    0.00 ^ input external delay
                  0.02    0.01    0.01 ^ b[0] (in)
     1    0.00                           b[0] (net)
                  0.02    0.00    0.01 ^ input9/A (sky130_fd_sc_hd__clkbuf_1)
                  0.09    0.09    0.10 ^ input9/X (sky130_fd_sc_hd__clkbuf_1)
     2    0.01                           net9 (net)
                  0.09    0.00    0.10 ^ ppa_pre_1_0.U1.xor2/B (sky130_fd_sc_hd__xor2_1)
                  0.12    0.13    0.23 ^ ppa_pre_1_0.U1.xor2/X (sky130_fd_sc_hd__xor2_1)
     2    0.01                           ppa_grey_1_1.U1.A1 (net)
                  0.12    0.00    0.23 ^ ppa_grey_1_1.U1.ao21/A2 (sky130_fd_sc_hd__a21o_1)
                  0.06    0.11    0.34 ^ ppa_grey_1_1.U1.ao21/X (sky130_fd_sc_hd__a21o_1)
     2    0.01                           ppa_buffer_1_3.U2.A (net)
                  0.06    0.00    0.34 ^ ppa_buffer_1_3.U2.buffer/A (sky130_fd_sc_hd__clkbuf_1)
                  0.07    0.09    0.43 ^ ppa_buffer_1_3.U2.buffer/X (sky130_fd_sc_hd__clkbuf_1)
     2    0.01                           ppa_buffer_1_3.U2.Y (net)
                  0.07    0.00    0.43 ^ ppa_post_1_6.U1.xor2/B (sky130_fd_sc_hd__xor2_1)
                  0.08    0.09    0.53 ^ ppa_post_1_6.U1.xor2/X (sky130_fd_sc_hd__xor2_1)
     1    0.00                           ppa_post_1_6.U1.Y (net)
                  0.08    0.00    0.53 ^ _1_/A (sky130_fd_sc_hd__clkbuf_1)
                  0.03    0.06    0.58 ^ _1_/X (sky130_fd_sc_hd__clkbuf_1)
     1    0.00                           net20 (net)
                  0.03    0.00    0.58 ^ output20/A (sky130_fd_sc_hd__buf_2)
                  0.13    0.14    0.73 ^ output20/X (sky130_fd_sc_hd__buf_2)
     1    0.03                           sum[1] (net)
                  0.13    0.00    0.73 ^ sum[1] (out)
                                  0.73   data arrival time

                  0.00    1.00    1.00   clock clk (rise edge)
                          0.00    1.00   clock network delay (ideal)
                         -0.25    0.75   clock uncertainty
                          0.00    0.75   clock reconvergence pessimism
                          0.00    0.75   output external delay
                                  0.75   data required time
-----------------------------------------------------------------------------
                                  0.75   data required time
                                 -0.73   data arrival time
-----------------------------------------------------------------------------
                                  0.02   slack (MET)


Startpoint: b[0] (input port clocked by clk)
Endpoint: sum[0] (output port clocked by clk)
Path Group: clk
Path Type: max
Corner: ff

Fanout     Cap    Slew   Delay    Time   Description
-----------------------------------------------------------------------------
                  0.00    0.00    0.00   clock clk (rise edge)
                          0.00    0.00   clock network delay (ideal)
                          0.00    0.00 ^ input external delay
                  0.02    0.01    0.01 ^ b[0] (in)
     1    0.00                           b[0] (net)
                  0.02    0.00    0.01 ^ input9/A (sky130_fd_sc_hd__clkbuf_1)
                  0.09    0.09    0.10 ^ input9/X (sky130_fd_sc_hd__clkbuf_1)
     2    0.01                           net9 (net)
                  0.09    0.00    0.10 ^ ppa_pre_1_0.U1.xor2/B (sky130_fd_sc_hd__xor2_1)
                  0.12    0.13    0.23 ^ ppa_pre_1_0.U1.xor2/X (sky130_fd_sc_hd__xor2_1)
     2    0.01                           ppa_grey_1_1.U1.A1 (net)
                  0.12    0.00    0.23 ^ rebuffer2/A (sky130_fd_sc_hd__dlygate4sd1_1)
                  0.05    0.15    0.39 ^ rebuffer2/X (sky130_fd_sc_hd__dlygate4sd1_1)
     1    0.01                           net28 (net)
                  0.05    0.00    0.39 ^ ppa_post_0_6.U1.xor2/A (sky130_fd_sc_hd__xor2_1)
                  0.10    0.11    0.50 ^ ppa_post_0_6.U1.xor2/X (sky130_fd_sc_hd__xor2_1)
     1    0.00                           ppa_post_0_6.U1.Y (net)
                  0.10    0.00    0.50 ^ _0_/A (sky130_fd_sc_hd__clkbuf_1)
                  0.03    0.06    0.56 ^ _0_/X (sky130_fd_sc_hd__clkbuf_1)
     1    0.00                           net19 (net)
                  0.03    0.00    0.56 ^ output19/A (sky130_fd_sc_hd__buf_2)
                  0.13    0.14    0.70 ^ output19/X (sky130_fd_sc_hd__buf_2)
     1    0.03                           sum[0] (net)
                  0.13    0.00    0.71 ^ sum[0] (out)
                                  0.71   data arrival time

                  0.00    1.00    1.00   clock clk (rise edge)
                          0.00    1.00   clock network delay (ideal)
                         -0.25    0.75   clock uncertainty
                          0.00    0.75   clock reconvergence pessimism
                          0.00    0.75   output external delay
                                  0.75   data required time
-----------------------------------------------------------------------------
                                  0.75   data required time
                                 -0.71   data arrival time
-----------------------------------------------------------------------------
                                  0.04   slack (MET)


