
===========================================================================
report_checks -unconstrained
============================================================================

======================= Slowest Corner ===================================

Startpoint: b[3] (input port clocked by clk)
Endpoint: sum[30] (output port clocked by clk)
Path Group: clk
Path Type: max
Corner: ss

Fanout     Cap    Slew   Delay    Time   Description
-----------------------------------------------------------------------------
                  0.00    0.00    0.00   clock clk (rise edge)
                          0.00    0.00   clock network delay (ideal)
                          0.00    0.00 v input external delay
                  0.02    0.01    0.01 v b[3] (in)
     1    0.00                           b[3] (net)
                  0.02    0.00    0.01 v input58/A (sky130_fd_sc_hd__clkbuf_4)
                  0.18    0.35    0.36 v input58/X (sky130_fd_sc_hd__clkbuf_4)
     4    0.05                           net58 (net)
                  0.18    0.01    0.36 v _258_/A (sky130_fd_sc_hd__xnor2_4)
                  0.16    0.36    0.72 v _258_/Y (sky130_fd_sc_hd__xnor2_4)
     3    0.02                           _011_ (net)
                  0.16    0.00    0.72 v _266_/A (sky130_fd_sc_hd__or3b_1)
                  0.15    0.95    1.68 v _266_/X (sky130_fd_sc_hd__or3b_1)
     1    0.00                           _018_ (net)
                  0.15    0.00    1.68 v _269_/A3 (sky130_fd_sc_hd__o31a_2)
                  0.19    0.76    2.44 v _269_/X (sky130_fd_sc_hd__o31a_2)
     3    0.03                           _021_ (net)
                  0.19    0.00    2.44 v _284_/A1 (sky130_fd_sc_hd__o21a_1)
                  0.16    0.51    2.95 v _284_/X (sky130_fd_sc_hd__o21a_1)
     3    0.01                           _034_ (net)
                  0.16    0.00    2.95 v _348_/A1 (sky130_fd_sc_hd__o41a_2)
                  0.19    1.14    4.08 v _348_/X (sky130_fd_sc_hd__o41a_2)
     2    0.02                           _090_ (net)
                  0.19    0.00    4.09 v _425_/A1 (sky130_fd_sc_hd__o311a_2)
                  0.18    0.96    5.04 v _425_/X (sky130_fd_sc_hd__o311a_2)
     2    0.02                           _159_ (net)
                  0.18    0.00    5.05 v _505_/B2 (sky130_fd_sc_hd__o2bb2a_1)
                  0.18    0.78    5.83 v _505_/X (sky130_fd_sc_hd__o2bb2a_1)
     1    0.01                           _231_ (net)
                  0.18    0.00    5.83 v _506_/B (sky130_fd_sc_hd__xor2_2)
                  0.32    0.38    6.21 ^ _506_/X (sky130_fd_sc_hd__xor2_2)
     1    0.01                           net90 (net)
                  0.32    0.00    6.22 ^ output90/A (sky130_fd_sc_hd__buf_2)
                  0.27    0.47    6.69 ^ output90/X (sky130_fd_sc_hd__buf_2)
     1    0.03                           sum[30] (net)
                  0.27    0.00    6.69 ^ sum[30] (out)
                                  6.69   data arrival time

                  0.00    5.50    5.50   clock clk (rise edge)
                          0.00    5.50   clock network delay (ideal)
                         -0.25    5.25   clock uncertainty
                          0.00    5.25   clock reconvergence pessimism
                          0.00    5.25   output external delay
                                  5.25   data required time
-----------------------------------------------------------------------------
                                  5.25   data required time
                                 -6.69   data arrival time
-----------------------------------------------------------------------------
                                 -1.44   slack (VIOLATED)



======================= Typical Corner ===================================

Startpoint: b[3] (input port clocked by clk)
Endpoint: sum[30] (output port clocked by clk)
Path Group: clk
Path Type: max
Corner: tt

Fanout     Cap    Slew   Delay    Time   Description
-----------------------------------------------------------------------------
                  0.00    0.00    0.00   clock clk (rise edge)
                          0.00    0.00   clock network delay (ideal)
                          0.00    0.00 v input external delay
                  0.01    0.00    0.00 v b[3] (in)
     1    0.00                           b[3] (net)
                  0.01    0.00    0.00 v input58/A (sky130_fd_sc_hd__clkbuf_4)
                  0.10    0.19    0.20 v input58/X (sky130_fd_sc_hd__clkbuf_4)
     4    0.05                           net58 (net)
                  0.10    0.01    0.20 v _258_/A (sky130_fd_sc_hd__xnor2_4)
                  0.09    0.20    0.40 v _258_/Y (sky130_fd_sc_hd__xnor2_4)
     3    0.02                           _011_ (net)
                  0.09    0.00    0.40 v _266_/A (sky130_fd_sc_hd__or3b_1)
                  0.07    0.41    0.81 v _266_/X (sky130_fd_sc_hd__or3b_1)
     1    0.00                           _018_ (net)
                  0.07    0.00    0.81 v _269_/A3 (sky130_fd_sc_hd__o31a_2)
                  0.11    0.39    1.20 v _269_/X (sky130_fd_sc_hd__o31a_2)
     3    0.03                           _021_ (net)
                  0.11    0.00    1.20 v _284_/A1 (sky130_fd_sc_hd__o21a_1)
                  0.09    0.27    1.47 v _284_/X (sky130_fd_sc_hd__o21a_1)
     3    0.01                           _034_ (net)
                  0.09    0.00    1.47 v _348_/A1 (sky130_fd_sc_hd__o41a_2)
                  0.10    0.58    2.05 v _348_/X (sky130_fd_sc_hd__o41a_2)
     2    0.02                           _090_ (net)
                  0.10    0.00    2.05 v _425_/A1 (sky130_fd_sc_hd__o311a_2)
                  0.10    0.50    2.54 v _425_/X (sky130_fd_sc_hd__o311a_2)
     2    0.02                           _159_ (net)
                  0.10    0.00    2.55 v _505_/B2 (sky130_fd_sc_hd__o2bb2a_1)
                  0.09    0.36    2.91 v _505_/X (sky130_fd_sc_hd__o2bb2a_1)
     1    0.01                           _231_ (net)
                  0.09    0.00    2.91 v _506_/B (sky130_fd_sc_hd__xor2_2)
                  0.20    0.22    3.13 ^ _506_/X (sky130_fd_sc_hd__xor2_2)
     1    0.01                           net90 (net)
                  0.20    0.00    3.13 ^ output90/A (sky130_fd_sc_hd__buf_2)
                  0.17    0.26    3.39 ^ output90/X (sky130_fd_sc_hd__buf_2)
     1    0.03                           sum[30] (net)
                  0.17    0.00    3.39 ^ sum[30] (out)
                                  3.39   data arrival time

                  0.00    5.50    5.50   clock clk (rise edge)
                          0.00    5.50   clock network delay (ideal)
                         -0.25    5.25   clock uncertainty
                          0.00    5.25   clock reconvergence pessimism
                          0.00    5.25   output external delay
                                  5.25   data required time
-----------------------------------------------------------------------------
                                  5.25   data required time
                                 -3.39   data arrival time
-----------------------------------------------------------------------------
                                  1.86   slack (MET)



======================= Fastest Corner ===================================

Startpoint: b[3] (input port clocked by clk)
Endpoint: sum[30] (output port clocked by clk)
Path Group: clk
Path Type: max
Corner: ff

Fanout     Cap    Slew   Delay    Time   Description
-----------------------------------------------------------------------------
                  0.00    0.00    0.00   clock clk (rise edge)
                          0.00    0.00   clock network delay (ideal)
                          0.00    0.00 v input external delay
                  0.00    0.00    0.00 v b[3] (in)
     1    0.00                           b[3] (net)
                  0.00    0.00    0.00 v input58/A (sky130_fd_sc_hd__clkbuf_4)
                  0.07    0.13    0.13 v input58/X (sky130_fd_sc_hd__clkbuf_4)
     4    0.05                           net58 (net)
                  0.07    0.01    0.14 v _258_/A (sky130_fd_sc_hd__xnor2_4)
                  0.06    0.14    0.27 v _258_/Y (sky130_fd_sc_hd__xnor2_4)
     3    0.02                           _011_ (net)
                  0.06    0.00    0.27 v _266_/A (sky130_fd_sc_hd__or3b_1)
                  0.05    0.24    0.51 v _266_/X (sky130_fd_sc_hd__or3b_1)
     1    0.00                           _018_ (net)
                  0.05    0.00    0.51 v _269_/A3 (sky130_fd_sc_hd__o31a_2)
                  0.08    0.24    0.75 v _269_/X (sky130_fd_sc_hd__o31a_2)
     3    0.03                           _021_ (net)
                  0.08    0.00    0.75 v _284_/A1 (sky130_fd_sc_hd__o21a_1)
                  0.06    0.17    0.92 v _284_/X (sky130_fd_sc_hd__o21a_1)
     3    0.01                           _034_ (net)
                  0.06    0.00    0.92 v _348_/A1 (sky130_fd_sc_hd__o41a_2)
                  0.07    0.35    1.27 v _348_/X (sky130_fd_sc_hd__o41a_2)
     2    0.02                           _090_ (net)
                  0.07    0.00    1.28 v _425_/A1 (sky130_fd_sc_hd__o311a_2)
                  0.07    0.31    1.58 v _425_/X (sky130_fd_sc_hd__o311a_2)
     2    0.02                           _159_ (net)
                  0.07    0.00    1.59 v _505_/B2 (sky130_fd_sc_hd__o2bb2a_1)
                  0.06    0.22    1.81 v _505_/X (sky130_fd_sc_hd__o2bb2a_1)
     1    0.01                           _231_ (net)
                  0.06    0.00    1.81 v _506_/B (sky130_fd_sc_hd__xor2_2)
                  0.15    0.16    1.97 ^ _506_/X (sky130_fd_sc_hd__xor2_2)
     1    0.01                           net90 (net)
                  0.15    0.00    1.97 ^ output90/A (sky130_fd_sc_hd__buf_2)
                  0.13    0.17    2.14 ^ output90/X (sky130_fd_sc_hd__buf_2)
     1    0.03                           sum[30] (net)
                  0.13    0.00    2.14 ^ sum[30] (out)
                                  2.14   data arrival time

                  0.00    5.50    5.50   clock clk (rise edge)
                          0.00    5.50   clock network delay (ideal)
                         -0.25    5.25   clock uncertainty
                          0.00    5.25   clock reconvergence pessimism
                          0.00    5.25   output external delay
                                  5.25   data required time
-----------------------------------------------------------------------------
                                  5.25   data required time
                                 -2.14   data arrival time
-----------------------------------------------------------------------------
                                  3.11   slack (MET)



===========================================================================
report_checks --slack_max -0.01
============================================================================

======================= Slowest Corner ===================================

Startpoint: b[3] (input port clocked by clk)
Endpoint: sum[30] (output port clocked by clk)
Path Group: clk
Path Type: max
Corner: ss

Fanout     Cap    Slew   Delay    Time   Description
-----------------------------------------------------------------------------
                  0.00    0.00    0.00   clock clk (rise edge)
                          0.00    0.00   clock network delay (ideal)
                          0.00    0.00 v input external delay
                  0.02    0.01    0.01 v b[3] (in)
     1    0.00                           b[3] (net)
                  0.02    0.00    0.01 v input58/A (sky130_fd_sc_hd__clkbuf_4)
                  0.18    0.35    0.36 v input58/X (sky130_fd_sc_hd__clkbuf_4)
     4    0.05                           net58 (net)
                  0.18    0.01    0.36 v _258_/A (sky130_fd_sc_hd__xnor2_4)
                  0.16    0.36    0.72 v _258_/Y (sky130_fd_sc_hd__xnor2_4)
     3    0.02                           _011_ (net)
                  0.16    0.00    0.72 v _266_/A (sky130_fd_sc_hd__or3b_1)
                  0.15    0.95    1.68 v _266_/X (sky130_fd_sc_hd__or3b_1)
     1    0.00                           _018_ (net)
                  0.15    0.00    1.68 v _269_/A3 (sky130_fd_sc_hd__o31a_2)
                  0.19    0.76    2.44 v _269_/X (sky130_fd_sc_hd__o31a_2)
     3    0.03                           _021_ (net)
                  0.19    0.00    2.44 v _284_/A1 (sky130_fd_sc_hd__o21a_1)
                  0.16    0.51    2.95 v _284_/X (sky130_fd_sc_hd__o21a_1)
     3    0.01                           _034_ (net)
                  0.16    0.00    2.95 v _348_/A1 (sky130_fd_sc_hd__o41a_2)
                  0.19    1.14    4.08 v _348_/X (sky130_fd_sc_hd__o41a_2)
     2    0.02                           _090_ (net)
                  0.19    0.00    4.09 v _425_/A1 (sky130_fd_sc_hd__o311a_2)
                  0.18    0.96    5.04 v _425_/X (sky130_fd_sc_hd__o311a_2)
     2    0.02                           _159_ (net)
                  0.18    0.00    5.05 v _505_/B2 (sky130_fd_sc_hd__o2bb2a_1)
                  0.18    0.78    5.83 v _505_/X (sky130_fd_sc_hd__o2bb2a_1)
     1    0.01                           _231_ (net)
                  0.18    0.00    5.83 v _506_/B (sky130_fd_sc_hd__xor2_2)
                  0.32    0.38    6.21 ^ _506_/X (sky130_fd_sc_hd__xor2_2)
     1    0.01                           net90 (net)
                  0.32    0.00    6.22 ^ output90/A (sky130_fd_sc_hd__buf_2)
                  0.27    0.47    6.69 ^ output90/X (sky130_fd_sc_hd__buf_2)
     1    0.03                           sum[30] (net)
                  0.27    0.00    6.69 ^ sum[30] (out)
                                  6.69   data arrival time

                  0.00    5.50    5.50   clock clk (rise edge)
                          0.00    5.50   clock network delay (ideal)
                         -0.25    5.25   clock uncertainty
                          0.00    5.25   clock reconvergence pessimism
                          0.00    5.25   output external delay
                                  5.25   data required time
-----------------------------------------------------------------------------
                                  5.25   data required time
                                 -6.69   data arrival time
-----------------------------------------------------------------------------
                                 -1.44   slack (VIOLATED)



======================= Typical Corner ===================================

No paths found.

======================= Fastest Corner ===================================

No paths found.
