
===========================================================================
report_checks -path_delay max (Setup)
============================================================================
Startpoint: a[8] (input port clocked by clk)
Endpoint: sum[15] (output port clocked by clk)
Path Group: clk
Path Type: max

Fanout     Cap    Slew   Delay    Time   Description
-----------------------------------------------------------------------------
                  0.00    0.00    0.00   clock clk (rise edge)
                          0.00    0.00   clock network delay (ideal)
                          0.00    0.00 v input external delay
                  0.03    0.02    0.02 v a[8] (in)
     3    0.01                           a[8] (net)
                  0.03    0.00    0.02 v _125_/B (sky130_fd_sc_hd__and2_2)
                  0.05    0.20    0.22 v _125_/X (sky130_fd_sc_hd__and2_2)
     3    0.01                           _077_ (net)
                  0.05    0.00    0.22 v _126_/B (sky130_fd_sc_hd__or2_2)
                  0.08    0.33    0.55 v _126_/X (sky130_fd_sc_hd__or2_2)
     2    0.01                           _078_ (net)
                  0.08    0.00    0.55 v _132_/B (sky130_fd_sc_hd__or2_2)
                  0.07    0.32    0.87 v _132_/X (sky130_fd_sc_hd__or2_2)
     2    0.01                           _002_ (net)
                  0.07    0.00    0.87 v _145_/B (sky130_fd_sc_hd__or3_2)
                  0.11    0.53    1.40 v _145_/X (sky130_fd_sc_hd__or3_2)
     3    0.01                           _013_ (net)
                  0.11    0.00    1.40 v _161_/C (sky130_fd_sc_hd__or4b_2)
                  0.14    0.72    2.12 v _161_/X (sky130_fd_sc_hd__or4b_2)
     3    0.01                           _027_ (net)
                  0.14    0.00    2.12 v _176_/A1 (sky130_fd_sc_hd__a31o_2)
                  0.07    0.29    2.41 v _176_/X (sky130_fd_sc_hd__a31o_2)
     2    0.02                           _040_ (net)
                  0.07    0.00    2.41 v _177_/B (sky130_fd_sc_hd__xor2_2)
                  0.57    0.49    2.90 ^ _177_/X (sky130_fd_sc_hd__xor2_2)
     1    0.03                           sum[15] (net)
                  0.57    0.00    2.91 ^ sum[15] (out)
                                  2.91   data arrival time

                  0.00    4.50    4.50   clock clk (rise edge)
                          0.00    4.50   clock network delay (ideal)
                         -0.25    4.25   clock uncertainty
                          0.00    4.25   clock reconvergence pessimism
                          0.00    4.25   output external delay
                                  4.25   data required time
-----------------------------------------------------------------------------
                                  4.25   data required time
                                 -2.91   data arrival time
-----------------------------------------------------------------------------
                                  1.34   slack (MET)


Startpoint: a[8] (input port clocked by clk)
Endpoint: sum[14] (output port clocked by clk)
Path Group: clk
Path Type: max

Fanout     Cap    Slew   Delay    Time   Description
-----------------------------------------------------------------------------
                  0.00    0.00    0.00   clock clk (rise edge)
                          0.00    0.00   clock network delay (ideal)
                          0.00    0.00 v input external delay
                  0.03    0.02    0.02 v a[8] (in)
     3    0.01                           a[8] (net)
                  0.03    0.00    0.02 v _125_/B (sky130_fd_sc_hd__and2_2)
                  0.05    0.20    0.22 v _125_/X (sky130_fd_sc_hd__and2_2)
     3    0.01                           _077_ (net)
                  0.05    0.00    0.22 v _126_/B (sky130_fd_sc_hd__or2_2)
                  0.08    0.33    0.55 v _126_/X (sky130_fd_sc_hd__or2_2)
     2    0.01                           _078_ (net)
                  0.08    0.00    0.55 v _132_/B (sky130_fd_sc_hd__or2_2)
                  0.07    0.32    0.87 v _132_/X (sky130_fd_sc_hd__or2_2)
     2    0.01                           _002_ (net)
                  0.07    0.00    0.87 v _145_/B (sky130_fd_sc_hd__or3_2)
                  0.11    0.53    1.40 v _145_/X (sky130_fd_sc_hd__or3_2)
     3    0.01                           _013_ (net)
                  0.11    0.00    1.40 v _161_/C (sky130_fd_sc_hd__or4b_2)
                  0.14    0.72    2.12 v _161_/X (sky130_fd_sc_hd__or4b_2)
     3    0.01                           _027_ (net)
                  0.14    0.00    2.12 v _169_/A2 (sky130_fd_sc_hd__a31o_2)
                  0.05    0.30    2.42 v _169_/X (sky130_fd_sc_hd__a31o_2)
     1    0.01                           _034_ (net)
                  0.05    0.00    2.42 v _170_/B (sky130_fd_sc_hd__xnor2_2)
                  0.46    0.40    2.83 ^ _170_/Y (sky130_fd_sc_hd__xnor2_2)
     1    0.03                           sum[14] (net)
                  0.46    0.00    2.83 ^ sum[14] (out)
                                  2.83   data arrival time

                  0.00    4.50    4.50   clock clk (rise edge)
                          0.00    4.50   clock network delay (ideal)
                         -0.25    4.25   clock uncertainty
                          0.00    4.25   clock reconvergence pessimism
                          0.00    4.25   output external delay
                                  4.25   data required time
-----------------------------------------------------------------------------
                                  4.25   data required time
                                 -2.83   data arrival time
-----------------------------------------------------------------------------
                                  1.42   slack (MET)


Startpoint: a[8] (input port clocked by clk)
Endpoint: cout (output port clocked by clk)
Path Group: clk
Path Type: max

Fanout     Cap    Slew   Delay    Time   Description
-----------------------------------------------------------------------------
                  0.00    0.00    0.00   clock clk (rise edge)
                          0.00    0.00   clock network delay (ideal)
                          0.00    0.00 v input external delay
                  0.03    0.02    0.02 v a[8] (in)
     3    0.01                           a[8] (net)
                  0.03    0.00    0.02 v _125_/B (sky130_fd_sc_hd__and2_2)
                  0.05    0.20    0.22 v _125_/X (sky130_fd_sc_hd__and2_2)
     3    0.01                           _077_ (net)
                  0.05    0.00    0.22 v _126_/B (sky130_fd_sc_hd__or2_2)
                  0.08    0.33    0.55 v _126_/X (sky130_fd_sc_hd__or2_2)
     2    0.01                           _078_ (net)
                  0.08    0.00    0.55 v _132_/B (sky130_fd_sc_hd__or2_2)
                  0.07    0.32    0.87 v _132_/X (sky130_fd_sc_hd__or2_2)
     2    0.01                           _002_ (net)
                  0.07    0.00    0.87 v _145_/B (sky130_fd_sc_hd__or3_2)
                  0.11    0.53    1.40 v _145_/X (sky130_fd_sc_hd__or3_2)
     3    0.01                           _013_ (net)
                  0.11    0.00    1.40 v _161_/C (sky130_fd_sc_hd__or4b_2)
                  0.14    0.72    2.12 v _161_/X (sky130_fd_sc_hd__or4b_2)
     3    0.01                           _027_ (net)
                  0.14    0.00    2.12 v _176_/A1 (sky130_fd_sc_hd__a31o_2)
                  0.07    0.29    2.41 v _176_/X (sky130_fd_sc_hd__a31o_2)
     2    0.02                           _040_ (net)
                  0.07    0.00    2.41 v _178_/A2 (sky130_fd_sc_hd__o21ai_2)
                  0.43    0.39    2.80 ^ _178_/Y (sky130_fd_sc_hd__o21ai_2)
     1    0.03                           cout (net)
                  0.43    0.00    2.80 ^ cout (out)
                                  2.80   data arrival time

                  0.00    4.50    4.50   clock clk (rise edge)
                          0.00    4.50   clock network delay (ideal)
                         -0.25    4.25   clock uncertainty
                          0.00    4.25   clock reconvergence pessimism
                          0.00    4.25   output external delay
                                  4.25   data required time
-----------------------------------------------------------------------------
                                  4.25   data required time
                                 -2.80   data arrival time
-----------------------------------------------------------------------------
                                  1.45   slack (MET)


Startpoint: a[8] (input port clocked by clk)
Endpoint: sum[13] (output port clocked by clk)
Path Group: clk
Path Type: max

Fanout     Cap    Slew   Delay    Time   Description
-----------------------------------------------------------------------------
                  0.00    0.00    0.00   clock clk (rise edge)
                          0.00    0.00   clock network delay (ideal)
                          0.00    0.00 v input external delay
                  0.03    0.02    0.02 v a[8] (in)
     3    0.01                           a[8] (net)
                  0.03    0.00    0.02 v _125_/B (sky130_fd_sc_hd__and2_2)
                  0.05    0.20    0.22 v _125_/X (sky130_fd_sc_hd__and2_2)
     3    0.01                           _077_ (net)
                  0.05    0.00    0.22 v _126_/B (sky130_fd_sc_hd__or2_2)
                  0.08    0.33    0.55 v _126_/X (sky130_fd_sc_hd__or2_2)
     2    0.01                           _078_ (net)
                  0.08    0.00    0.55 v _132_/B (sky130_fd_sc_hd__or2_2)
                  0.07    0.32    0.87 v _132_/X (sky130_fd_sc_hd__or2_2)
     2    0.01                           _002_ (net)
                  0.07    0.00    0.87 v _145_/B (sky130_fd_sc_hd__or3_2)
                  0.11    0.53    1.40 v _145_/X (sky130_fd_sc_hd__or3_2)
     3    0.01                           _013_ (net)
                  0.11    0.00    1.40 v _161_/C (sky130_fd_sc_hd__or4b_2)
                  0.14    0.72    2.12 v _161_/X (sky130_fd_sc_hd__or4b_2)
     3    0.01                           _027_ (net)
                  0.14    0.00    2.12 v _164_/A (sky130_fd_sc_hd__nand2_2)
                  0.07    0.11    2.24 ^ _164_/Y (sky130_fd_sc_hd__nand2_2)
     1    0.01                           _030_ (net)
                  0.07    0.00    2.24 ^ _165_/B (sky130_fd_sc_hd__xnor2_2)
                  0.53    0.24    2.48 ^ _165_/Y (sky130_fd_sc_hd__xnor2_2)
     1    0.03                           sum[13] (net)
                  0.53    0.00    2.48 ^ sum[13] (out)
                                  2.48   data arrival time

                  0.00    4.50    4.50   clock clk (rise edge)
                          0.00    4.50   clock network delay (ideal)
                         -0.25    4.25   clock uncertainty
                          0.00    4.25   clock reconvergence pessimism
                          0.00    4.25   output external delay
                                  4.25   data required time
-----------------------------------------------------------------------------
                                  4.25   data required time
                                 -2.48   data arrival time
-----------------------------------------------------------------------------
                                  1.77   slack (MET)


Startpoint: a[5] (input port clocked by clk)
Endpoint: sum[12] (output port clocked by clk)
Path Group: clk
Path Type: max

Fanout     Cap    Slew   Delay    Time   Description
-----------------------------------------------------------------------------
                  0.00    0.00    0.00   clock clk (rise edge)
                          0.00    0.00   clock network delay (ideal)
                          0.00    0.00 v input external delay
                  0.03    0.02    0.02 v a[5] (in)
     2    0.01                           a[5] (net)
                  0.03    0.00    0.02 v _105_/B (sky130_fd_sc_hd__and2_2)
                  0.06    0.22    0.25 v _105_/X (sky130_fd_sc_hd__and2_2)
     4    0.01                           _060_ (net)
                  0.06    0.00    0.25 v _118_/B (sky130_fd_sc_hd__or4bb_2)
                  0.11    0.65    0.90 v _118_/X (sky130_fd_sc_hd__or4bb_2)
     2    0.01                           _071_ (net)
                  0.11    0.00    0.90 v _120_/A2 (sky130_fd_sc_hd__o211a_2)
                  0.04    0.27    1.16 v _120_/X (sky130_fd_sc_hd__o211a_2)
     1    0.00                           _073_ (net)
                  0.04    0.00    1.16 v _121_/B1 (sky130_fd_sc_hd__o31a_2)
                  0.08    0.14    1.30 v _121_/X (sky130_fd_sc_hd__o31a_2)
     3    0.01                           _074_ (net)
                  0.08    0.00    1.31 v _122_/A (sky130_fd_sc_hd__buf_1)
                  0.12    0.19    1.49 v _122_/X (sky130_fd_sc_hd__buf_1)
     4    0.02                           _075_ (net)
                  0.12    0.00    1.50 v _156_/A1 (sky130_fd_sc_hd__o31a_2)
                  0.07    0.41    1.91 v _156_/X (sky130_fd_sc_hd__o31a_2)
     1    0.01                           _023_ (net)
                  0.07    0.00    1.91 v _157_/B (sky130_fd_sc_hd__xnor2_2)
                  0.48    0.42    2.33 ^ _157_/Y (sky130_fd_sc_hd__xnor2_2)
     1    0.03                           sum[12] (net)
                  0.48    0.00    2.33 ^ sum[12] (out)
                                  2.33   data arrival time

                  0.00    4.50    4.50   clock clk (rise edge)
                          0.00    4.50   clock network delay (ideal)
                         -0.25    4.25   clock uncertainty
                          0.00    4.25   clock reconvergence pessimism
                          0.00    4.25   output external delay
                                  4.25   data required time
-----------------------------------------------------------------------------
                                  4.25   data required time
                                 -2.33   data arrival time
-----------------------------------------------------------------------------
                                  1.92   slack (MET)


