
===========================================================================
report_checks -path_delay max (Setup)
============================================================================
Startpoint: a[0] (input port clocked by clk)
Endpoint: sum[2] (output port clocked by clk)
Path Group: clk
Path Type: max

Fanout     Cap    Slew   Delay    Time   Description
-----------------------------------------------------------------------------
                  0.00    0.00    0.00   clock clk (rise edge)
                          0.00    0.00   clock network delay (ideal)
                          0.00    0.00 v input external delay
                  0.01    0.01    0.01 v a[0] (in)
     1    0.00                           a[0] (net)
                  0.01    0.00    0.01 v input1/A (sky130_fd_sc_hd__clkbuf_1)
                  0.05    0.10    0.11 v input1/X (sky130_fd_sc_hd__clkbuf_1)
     2    0.01                           net1 (net)
                  0.05    0.00    0.11 v ppa_pre_1_0.U1.xor2/A (sky130_fd_sc_hd__xor2_1)
                  0.06    0.18    0.28 v ppa_pre_1_0.U1.xor2/X (sky130_fd_sc_hd__xor2_1)
     2    0.01                           ppa_grey_1_1.U1.A1 (net)
                  0.06    0.00    0.28 v ppa_grey_1_1.U1.ao21/A2 (sky130_fd_sc_hd__a21o_1)
                  0.05    0.20    0.48 v ppa_grey_1_1.U1.ao21/X (sky130_fd_sc_hd__a21o_1)
     2    0.01                           ppa_buffer_1_2.U2.A (net)
                  0.05    0.00    0.48 v ppa_buffer_1_2.U2.buffer/A (sky130_fd_sc_hd__clkbuf_2)
                  0.04    0.12    0.61 v ppa_buffer_1_2.U2.buffer/X (sky130_fd_sc_hd__clkbuf_2)
     2    0.01                           ppa_buffer_1_2.U2.Y (net)
                  0.04    0.00    0.61 v ppa_grey_2_3.U1.ao21/A1 (sky130_fd_sc_hd__a21o_1)
                  0.04    0.17    0.77 v ppa_grey_2_3.U1.ao21/X (sky130_fd_sc_hd__a21o_1)
     1    0.01                           ppa_grey_2_3.U1.Y (net)
                  0.04    0.00    0.77 v ppa_post_2_4.U1.xor2/B (sky130_fd_sc_hd__xor2_1)
                  0.11    0.13    0.90 ^ ppa_post_2_4.U1.xor2/X (sky130_fd_sc_hd__xor2_1)
     1    0.00                           ppa_post_2_4.U1.Y (net)
                  0.11    0.00    0.90 ^ _2_/A (sky130_fd_sc_hd__clkbuf_1)
                  0.08    0.13    1.03 ^ _2_/X (sky130_fd_sc_hd__clkbuf_1)
     1    0.01                           net13 (net)
                  0.08    0.00    1.03 ^ output13/A (sky130_fd_sc_hd__buf_6)
                  0.08    0.15    1.18 ^ output13/X (sky130_fd_sc_hd__buf_6)
     1    0.03                           sum[2] (net)
                  0.08    0.00    1.18 ^ sum[2] (out)
                                  1.18   data arrival time

                  0.00    0.50    0.50   clock clk (rise edge)
                          0.00    0.50   clock network delay (ideal)
                         -0.25    0.25   clock uncertainty
                          0.00    0.25   clock reconvergence pessimism
                          0.00    0.25   output external delay
                                  0.25   data required time
-----------------------------------------------------------------------------
                                  0.25   data required time
                                 -1.18   data arrival time
-----------------------------------------------------------------------------
                                 -0.93   slack (VIOLATED)


Startpoint: a[1] (input port clocked by clk)
Endpoint: sum[3] (output port clocked by clk)
Path Group: clk
Path Type: max

Fanout     Cap    Slew   Delay    Time   Description
-----------------------------------------------------------------------------
                  0.00    0.00    0.00   clock clk (rise edge)
                          0.00    0.00   clock network delay (ideal)
                          0.00    0.00 ^ input external delay
                  0.04    0.02    0.02 ^ a[1] (in)
     1    0.01                           a[1] (net)
                  0.04    0.00    0.02 ^ input2/A (sky130_fd_sc_hd__clkbuf_1)
                  0.17    0.17    0.20 ^ input2/X (sky130_fd_sc_hd__clkbuf_1)
     2    0.01                           net2 (net)
                  0.17    0.00    0.20 ^ ppa_pre_2_0.U1.xor2/A (sky130_fd_sc_hd__xor2_2)
                  0.18    0.21    0.40 ^ ppa_pre_2_0.U1.xor2/X (sky130_fd_sc_hd__xor2_2)
     3    0.01                           ppa_black_3_1.U1.B (net)
                  0.18    0.00    0.40 ^ ppa_black_3_1.U1.and2/B (sky130_fd_sc_hd__and2_1)
                  0.06    0.17    0.57 ^ ppa_black_3_1.U1.and2/X (sky130_fd_sc_hd__and2_1)
     1    0.00                           ppa_black_3_1.U1.Y (net)
                  0.06    0.00    0.57 ^ ppa_grey_3_2.U1.ao21/A2 (sky130_fd_sc_hd__a21o_1)
                  0.09    0.15    0.72 ^ ppa_grey_3_2.U1.ao21/X (sky130_fd_sc_hd__a21o_1)
     2    0.01                           ppa_grey_3_2.U1.Y (net)
                  0.09    0.00    0.72 ^ ppa_post_3_4.U1.xor2/B (sky130_fd_sc_hd__xor2_1)
                  0.13    0.16    0.88 ^ ppa_post_3_4.U1.xor2/X (sky130_fd_sc_hd__xor2_1)
     1    0.00                           ppa_post_3_4.U1.Y (net)
                  0.13    0.00    0.88 ^ _3_/A (sky130_fd_sc_hd__clkbuf_1)
                  0.06    0.12    1.00 ^ _3_/X (sky130_fd_sc_hd__clkbuf_1)
     1    0.00                           net14 (net)
                  0.06    0.00    1.00 ^ output14/A (sky130_fd_sc_hd__buf_4)
                  0.11    0.17    1.17 ^ output14/X (sky130_fd_sc_hd__buf_4)
     1    0.03                           sum[3] (net)
                  0.11    0.00    1.17 ^ sum[3] (out)
                                  1.17   data arrival time

                  0.00    0.50    0.50   clock clk (rise edge)
                          0.00    0.50   clock network delay (ideal)
                         -0.25    0.25   clock uncertainty
                          0.00    0.25   clock reconvergence pessimism
                          0.00    0.25   output external delay
                                  0.25   data required time
-----------------------------------------------------------------------------
                                  0.25   data required time
                                 -1.17   data arrival time
-----------------------------------------------------------------------------
                                 -0.92   slack (VIOLATED)


Startpoint: b[0] (input port clocked by clk)
Endpoint: sum[1] (output port clocked by clk)
Path Group: clk
Path Type: max

Fanout     Cap    Slew   Delay    Time   Description
-----------------------------------------------------------------------------
                  0.00    0.00    0.00   clock clk (rise edge)
                          0.00    0.00   clock network delay (ideal)
                          0.00    0.00 ^ input external delay
                  0.02    0.01    0.01 ^ b[0] (in)
     1    0.00                           b[0] (net)
                  0.02    0.00    0.01 ^ input5/A (sky130_fd_sc_hd__clkbuf_1)
                  0.10    0.12    0.13 ^ input5/X (sky130_fd_sc_hd__clkbuf_1)
     2    0.01                           net5 (net)
                  0.10    0.00    0.13 ^ ppa_pre_1_0.U1.xor2/B (sky130_fd_sc_hd__xor2_1)
                  0.16    0.19    0.32 ^ ppa_pre_1_0.U1.xor2/X (sky130_fd_sc_hd__xor2_1)
     2    0.01                           ppa_grey_1_1.U1.A1 (net)
                  0.16    0.00    0.32 ^ ppa_grey_1_1.U1.ao21/A2 (sky130_fd_sc_hd__a21o_1)
                  0.07    0.17    0.49 ^ ppa_grey_1_1.U1.ao21/X (sky130_fd_sc_hd__a21o_1)
     2    0.01                           ppa_buffer_1_2.U2.A (net)
                  0.07    0.00    0.49 ^ ppa_buffer_1_2.U2.buffer/A (sky130_fd_sc_hd__clkbuf_2)
                  0.05    0.13    0.62 ^ ppa_buffer_1_2.U2.buffer/X (sky130_fd_sc_hd__clkbuf_2)
     2    0.01                           ppa_buffer_1_2.U2.Y (net)
                  0.05    0.00    0.62 ^ ppa_post_1_4.U1.xor2/B (sky130_fd_sc_hd__xor2_1)
                  0.12    0.15    0.77 ^ ppa_post_1_4.U1.xor2/X (sky130_fd_sc_hd__xor2_1)
     1    0.00                           ppa_post_1_4.U1.Y (net)
                  0.12    0.00    0.77 ^ _1_/A (sky130_fd_sc_hd__clkbuf_1)
                  0.04    0.11    0.87 ^ _1_/X (sky130_fd_sc_hd__clkbuf_1)
     1    0.00                           net12 (net)
                  0.04    0.00    0.87 ^ output12/A (sky130_fd_sc_hd__buf_2)
                  0.17    0.21    1.08 ^ output12/X (sky130_fd_sc_hd__buf_2)
     1    0.03                           sum[1] (net)
                  0.17    0.00    1.08 ^ sum[1] (out)
                                  1.08   data arrival time

                  0.00    0.50    0.50   clock clk (rise edge)
                          0.00    0.50   clock network delay (ideal)
                         -0.25    0.25   clock uncertainty
                          0.00    0.25   clock reconvergence pessimism
                          0.00    0.25   output external delay
                                  0.25   data required time
-----------------------------------------------------------------------------
                                  0.25   data required time
                                 -1.08   data arrival time
-----------------------------------------------------------------------------
                                 -0.83   slack (VIOLATED)


Startpoint: a[1] (input port clocked by clk)
Endpoint: cout (output port clocked by clk)
Path Group: clk
Path Type: max

Fanout     Cap    Slew   Delay    Time   Description
-----------------------------------------------------------------------------
                  0.00    0.00    0.00   clock clk (rise edge)
                          0.00    0.00   clock network delay (ideal)
                          0.00    0.00 v input external delay
                  0.02    0.01    0.01 v a[1] (in)
     1    0.01                           a[1] (net)
                  0.02    0.00    0.01 v input2/A (sky130_fd_sc_hd__clkbuf_1)
                  0.08    0.13    0.14 v input2/X (sky130_fd_sc_hd__clkbuf_1)
     2    0.01                           net2 (net)
                  0.08    0.00    0.14 v ppa_pre_2_0.U1.xor2/A (sky130_fd_sc_hd__xor2_2)
                  0.07    0.21    0.34 v ppa_pre_2_0.U1.xor2/X (sky130_fd_sc_hd__xor2_2)
     3    0.01                           ppa_black_3_1.U1.B (net)
                  0.07    0.00    0.34 v ppa_black_3_1.U1.and2/B (sky130_fd_sc_hd__and2_1)
                  0.04    0.18    0.52 v ppa_black_3_1.U1.and2/X (sky130_fd_sc_hd__and2_1)
     1    0.00                           ppa_black_3_1.U1.Y (net)
                  0.04    0.00    0.52 v ppa_grey_3_2.U1.ao21/A2 (sky130_fd_sc_hd__a21o_1)
                  0.06    0.21    0.73 v ppa_grey_3_2.U1.ao21/X (sky130_fd_sc_hd__a21o_1)
     2    0.01                           ppa_grey_3_2.U1.Y (net)
                  0.06    0.00    0.73 v ppa_grey_cout.U1.ao21/A1 (sky130_fd_sc_hd__a21o_1)
                  0.03    0.16    0.89 v ppa_grey_cout.U1.ao21/X (sky130_fd_sc_hd__a21o_1)
     1    0.00                           net10 (net)
                  0.03    0.00    0.89 v output10/A (sky130_fd_sc_hd__buf_2)
                  0.09    0.19    1.08 v output10/X (sky130_fd_sc_hd__buf_2)
     1    0.03                           cout (net)
                  0.09    0.00    1.08 v cout (out)
                                  1.08   data arrival time

                  0.00    0.50    0.50   clock clk (rise edge)
                          0.00    0.50   clock network delay (ideal)
                         -0.25    0.25   clock uncertainty
                          0.00    0.25   clock reconvergence pessimism
                          0.00    0.25   output external delay
                                  0.25   data required time
-----------------------------------------------------------------------------
                                  0.25   data required time
                                 -1.08   data arrival time
-----------------------------------------------------------------------------
                                 -0.83   slack (VIOLATED)


Startpoint: b[0] (input port clocked by clk)
Endpoint: sum[0] (output port clocked by clk)
Path Group: clk
Path Type: max

Fanout     Cap    Slew   Delay    Time   Description
-----------------------------------------------------------------------------
                  0.00    0.00    0.00   clock clk (rise edge)
                          0.00    0.00   clock network delay (ideal)
                          0.00    0.00 ^ input external delay
                  0.02    0.01    0.01 ^ b[0] (in)
     1    0.00                           b[0] (net)
                  0.02    0.00    0.01 ^ input5/A (sky130_fd_sc_hd__clkbuf_1)
                  0.10    0.12    0.13 ^ input5/X (sky130_fd_sc_hd__clkbuf_1)
     2    0.01                           net5 (net)
                  0.10    0.00    0.13 ^ ppa_pre_1_0.U1.xor2/B (sky130_fd_sc_hd__xor2_1)
                  0.16    0.19    0.32 ^ ppa_pre_1_0.U1.xor2/X (sky130_fd_sc_hd__xor2_1)
     2    0.01                           ppa_grey_1_1.U1.A1 (net)
                  0.16    0.00    0.32 ^ rebuffer1/A (sky130_fd_sc_hd__dlygate4sd1_1)
                  0.07    0.25    0.57 ^ rebuffer1/X (sky130_fd_sc_hd__dlygate4sd1_1)
     1    0.01                           net15 (net)
                  0.07    0.00    0.57 ^ ppa_post_0_4.U1.xor2/A (sky130_fd_sc_hd__xor2_1)
                  0.11    0.14    0.71 ^ ppa_post_0_4.U1.xor2/X (sky130_fd_sc_hd__xor2_1)
     1    0.00                           ppa_post_0_4.U1.Y (net)
                  0.11    0.00    0.71 ^ _0_/A (sky130_fd_sc_hd__clkbuf_1)
                  0.06    0.12    0.83 ^ _0_/X (sky130_fd_sc_hd__clkbuf_1)
     1    0.00                           net11 (net)
                  0.06    0.00    0.83 ^ output11/A (sky130_fd_sc_hd__buf_2)
                  0.17    0.22    1.05 ^ output11/X (sky130_fd_sc_hd__buf_2)
     1    0.03                           sum[0] (net)
                  0.17    0.00    1.05 ^ sum[0] (out)
                                  1.05   data arrival time

                  0.00    0.50    0.50   clock clk (rise edge)
                          0.00    0.50   clock network delay (ideal)
                         -0.25    0.25   clock uncertainty
                          0.00    0.25   clock reconvergence pessimism
                          0.00    0.25   output external delay
                                  0.25   data required time
-----------------------------------------------------------------------------
                                  0.25   data required time
                                 -1.05   data arrival time
-----------------------------------------------------------------------------
                                 -0.80   slack (VIOLATED)


