
===========================================================================
report_checks -path_delay max (Setup)
============================================================================
Startpoint: b[0] (input port clocked by clk)
Endpoint: sum[7] (output port clocked by clk)
Path Group: clk
Path Type: max

Fanout     Cap    Slew   Delay    Time   Description
-----------------------------------------------------------------------------
                  0.00    0.00    0.00   clock clk (rise edge)
                          0.00    0.00   clock network delay (ideal)
                          0.00    0.00 ^ input external delay
                  0.07    0.05    0.05 ^ b[0] (in)
     2    0.01                           b[0] (net)
                  0.07    0.00    0.05 ^ _39_/A (sky130_fd_sc_hd__or2_2)
                  0.05    0.13    0.18 ^ _39_/X (sky130_fd_sc_hd__or2_2)
     2    0.01                           _05_ (net)
                  0.05    0.00    0.18 ^ _41_/A2 (sky130_fd_sc_hd__a21bo_2)
                  0.06    0.15    0.32 ^ _41_/X (sky130_fd_sc_hd__a21bo_2)
     2    0.01                           _07_ (net)
                  0.06    0.00    0.32 ^ _42_/B (sky130_fd_sc_hd__and2_2)
                  0.11    0.21    0.53 ^ _42_/X (sky130_fd_sc_hd__and2_2)
     4    0.02                           _08_ (net)
                  0.11    0.00    0.53 ^ _47_/B1 (sky130_fd_sc_hd__o221ai_2)
                  0.11    0.15    0.68 v _47_/Y (sky130_fd_sc_hd__o221ai_2)
     3    0.01                           _13_ (net)
                  0.11    0.00    0.68 v _59_/A2 (sky130_fd_sc_hd__a311o_2)
                  0.07    0.43    1.11 v _59_/X (sky130_fd_sc_hd__a311o_2)
     2    0.01                           _23_ (net)
                  0.07    0.00    1.11 v _65_/A2 (sky130_fd_sc_hd__a31o_2)
                  0.06    0.29    1.39 v _65_/X (sky130_fd_sc_hd__a31o_2)
     2    0.01                           _28_ (net)
                  0.06    0.00    1.40 v _66_/B (sky130_fd_sc_hd__xnor2_2)
                  0.52    0.45    1.84 ^ _66_/Y (sky130_fd_sc_hd__xnor2_2)
     1    0.03                           sum[7] (net)
                  0.52    0.00    1.84 ^ sum[7] (out)
                                  1.84   data arrival time

                  0.00    3.50    3.50   clock clk (rise edge)
                          0.00    3.50   clock network delay (ideal)
                         -0.25    3.25   clock uncertainty
                          0.00    3.25   clock reconvergence pessimism
                          0.00    3.25   output external delay
                                  3.25   data required time
-----------------------------------------------------------------------------
                                  3.25   data required time
                                 -1.84   data arrival time
-----------------------------------------------------------------------------
                                  1.41   slack (MET)


Startpoint: b[0] (input port clocked by clk)
Endpoint: sum[6] (output port clocked by clk)
Path Group: clk
Path Type: max

Fanout     Cap    Slew   Delay    Time   Description
-----------------------------------------------------------------------------
                  0.00    0.00    0.00   clock clk (rise edge)
                          0.00    0.00   clock network delay (ideal)
                          0.00    0.00 v input external delay
                  0.03    0.02    0.02 v b[0] (in)
     2    0.01                           b[0] (net)
                  0.03    0.00    0.02 v _39_/A (sky130_fd_sc_hd__or2_2)
                  0.07    0.32    0.34 v _39_/X (sky130_fd_sc_hd__or2_2)
     2    0.01                           _05_ (net)
                  0.07    0.00    0.34 v _41_/A2 (sky130_fd_sc_hd__a21bo_2)
                  0.05    0.24    0.58 v _41_/X (sky130_fd_sc_hd__a21bo_2)
     2    0.01                           _07_ (net)
                  0.05    0.00    0.58 v _42_/B (sky130_fd_sc_hd__and2_2)
                  0.07    0.24    0.82 v _42_/X (sky130_fd_sc_hd__and2_2)
     4    0.02                           _08_ (net)
                  0.07    0.00    0.82 v _47_/B1 (sky130_fd_sc_hd__o221ai_2)
                  0.25    0.25    1.07 ^ _47_/Y (sky130_fd_sc_hd__o221ai_2)
     3    0.01                           _13_ (net)
                  0.25    0.00    1.07 ^ _59_/A2 (sky130_fd_sc_hd__a311o_2)
                  0.07    0.25    1.33 ^ _59_/X (sky130_fd_sc_hd__a311o_2)
     2    0.01                           _23_ (net)
                  0.07    0.00    1.33 ^ _60_/B (sky130_fd_sc_hd__nand2_2)
                  0.05    0.07    1.40 v _60_/Y (sky130_fd_sc_hd__nand2_2)
     1    0.01                           _24_ (net)
                  0.05    0.00    1.40 v _61_/B (sky130_fd_sc_hd__xnor2_2)
                  0.50    0.43    1.83 ^ _61_/Y (sky130_fd_sc_hd__xnor2_2)
     1    0.03                           sum[6] (net)
                  0.50    0.00    1.83 ^ sum[6] (out)
                                  1.83   data arrival time

                  0.00    3.50    3.50   clock clk (rise edge)
                          0.00    3.50   clock network delay (ideal)
                         -0.25    3.25   clock uncertainty
                          0.00    3.25   clock reconvergence pessimism
                          0.00    3.25   output external delay
                                  3.25   data required time
-----------------------------------------------------------------------------
                                  3.25   data required time
                                 -1.83   data arrival time
-----------------------------------------------------------------------------
                                  1.42   slack (MET)


Startpoint: b[0] (input port clocked by clk)
Endpoint: cout (output port clocked by clk)
Path Group: clk
Path Type: max

Fanout     Cap    Slew   Delay    Time   Description
-----------------------------------------------------------------------------
                  0.00    0.00    0.00   clock clk (rise edge)
                          0.00    0.00   clock network delay (ideal)
                          0.00    0.00 ^ input external delay
                  0.07    0.05    0.05 ^ b[0] (in)
     2    0.01                           b[0] (net)
                  0.07    0.00    0.05 ^ _39_/A (sky130_fd_sc_hd__or2_2)
                  0.05    0.13    0.18 ^ _39_/X (sky130_fd_sc_hd__or2_2)
     2    0.01                           _05_ (net)
                  0.05    0.00    0.18 ^ _41_/A2 (sky130_fd_sc_hd__a21bo_2)
                  0.06    0.15    0.32 ^ _41_/X (sky130_fd_sc_hd__a21bo_2)
     2    0.01                           _07_ (net)
                  0.06    0.00    0.32 ^ _42_/B (sky130_fd_sc_hd__and2_2)
                  0.11    0.21    0.53 ^ _42_/X (sky130_fd_sc_hd__and2_2)
     4    0.02                           _08_ (net)
                  0.11    0.00    0.53 ^ _47_/B1 (sky130_fd_sc_hd__o221ai_2)
                  0.11    0.15    0.68 v _47_/Y (sky130_fd_sc_hd__o221ai_2)
     3    0.01                           _13_ (net)
                  0.11    0.00    0.68 v _59_/A2 (sky130_fd_sc_hd__a311o_2)
                  0.07    0.43    1.11 v _59_/X (sky130_fd_sc_hd__a311o_2)
     2    0.01                           _23_ (net)
                  0.07    0.00    1.11 v _65_/A2 (sky130_fd_sc_hd__a31o_2)
                  0.06    0.29    1.39 v _65_/X (sky130_fd_sc_hd__a31o_2)
     2    0.01                           _28_ (net)
                  0.06    0.00    1.39 v _67_/A2 (sky130_fd_sc_hd__o21ai_2)
                  0.45    0.40    1.79 ^ _67_/Y (sky130_fd_sc_hd__o21ai_2)
     1    0.03                           cout (net)
                  0.45    0.00    1.80 ^ cout (out)
                                  1.80   data arrival time

                  0.00    3.50    3.50   clock clk (rise edge)
                          0.00    3.50   clock network delay (ideal)
                         -0.25    3.25   clock uncertainty
                          0.00    3.25   clock reconvergence pessimism
                          0.00    3.25   output external delay
                                  3.25   data required time
-----------------------------------------------------------------------------
                                  3.25   data required time
                                 -1.80   data arrival time
-----------------------------------------------------------------------------
                                  1.45   slack (MET)


Startpoint: b[0] (input port clocked by clk)
Endpoint: sum[4] (output port clocked by clk)
Path Group: clk
Path Type: max

Fanout     Cap    Slew   Delay    Time   Description
-----------------------------------------------------------------------------
                  0.00    0.00    0.00   clock clk (rise edge)
                          0.00    0.00   clock network delay (ideal)
                          0.00    0.00 v input external delay
                  0.03    0.02    0.02 v b[0] (in)
     2    0.01                           b[0] (net)
                  0.03    0.00    0.02 v _39_/A (sky130_fd_sc_hd__or2_2)
                  0.07    0.32    0.34 v _39_/X (sky130_fd_sc_hd__or2_2)
     2    0.01                           _05_ (net)
                  0.07    0.00    0.34 v _41_/A2 (sky130_fd_sc_hd__a21bo_2)
                  0.05    0.24    0.58 v _41_/X (sky130_fd_sc_hd__a21bo_2)
     2    0.01                           _07_ (net)
                  0.05    0.00    0.58 v _42_/B (sky130_fd_sc_hd__and2_2)
                  0.07    0.24    0.82 v _42_/X (sky130_fd_sc_hd__and2_2)
     4    0.02                           _08_ (net)
                  0.07    0.00    0.82 v _47_/B1 (sky130_fd_sc_hd__o221ai_2)
                  0.25    0.25    1.07 ^ _47_/Y (sky130_fd_sc_hd__o221ai_2)
     3    0.01                           _13_ (net)
                  0.25    0.00    1.07 ^ _48_/B (sky130_fd_sc_hd__nand2_2)
                  0.07    0.11    1.18 v _48_/Y (sky130_fd_sc_hd__nand2_2)
     1    0.01                           _14_ (net)
                  0.07    0.00    1.18 v _49_/B (sky130_fd_sc_hd__xnor2_2)
                  0.48    0.42    1.60 ^ _49_/Y (sky130_fd_sc_hd__xnor2_2)
     1    0.03                           sum[4] (net)
                  0.48    0.00    1.60 ^ sum[4] (out)
                                  1.60   data arrival time

                  0.00    3.50    3.50   clock clk (rise edge)
                          0.00    3.50   clock network delay (ideal)
                         -0.25    3.25   clock uncertainty
                          0.00    3.25   clock reconvergence pessimism
                          0.00    3.25   output external delay
                                  3.25   data required time
-----------------------------------------------------------------------------
                                  3.25   data required time
                                 -1.60   data arrival time
-----------------------------------------------------------------------------
                                  1.65   slack (MET)


Startpoint: b[0] (input port clocked by clk)
Endpoint: sum[5] (output port clocked by clk)
Path Group: clk
Path Type: max

Fanout     Cap    Slew   Delay    Time   Description
-----------------------------------------------------------------------------
                  0.00    0.00    0.00   clock clk (rise edge)
                          0.00    0.00   clock network delay (ideal)
                          0.00    0.00 v input external delay
                  0.03    0.02    0.02 v b[0] (in)
     2    0.01                           b[0] (net)
                  0.03    0.00    0.02 v _39_/A (sky130_fd_sc_hd__or2_2)
                  0.07    0.32    0.34 v _39_/X (sky130_fd_sc_hd__or2_2)
     2    0.01                           _05_ (net)
                  0.07    0.00    0.34 v _41_/A2 (sky130_fd_sc_hd__a21bo_2)
                  0.05    0.24    0.58 v _41_/X (sky130_fd_sc_hd__a21bo_2)
     2    0.01                           _07_ (net)
                  0.05    0.00    0.58 v _42_/B (sky130_fd_sc_hd__and2_2)
                  0.07    0.24    0.82 v _42_/X (sky130_fd_sc_hd__and2_2)
     4    0.02                           _08_ (net)
                  0.07    0.00    0.82 v _47_/B1 (sky130_fd_sc_hd__o221ai_2)
                  0.25    0.25    1.07 ^ _47_/Y (sky130_fd_sc_hd__o221ai_2)
     3    0.01                           _13_ (net)
                  0.25    0.00    1.07 ^ _53_/A2 (sky130_fd_sc_hd__a31o_2)
                  0.07    0.24    1.31 ^ _53_/X (sky130_fd_sc_hd__a31o_2)
     1    0.01                           _18_ (net)
                  0.07    0.00    1.31 ^ _54_/B (sky130_fd_sc_hd__xnor2_2)
                  0.49    0.23    1.54 ^ _54_/Y (sky130_fd_sc_hd__xnor2_2)
     1    0.03                           sum[5] (net)
                  0.49    0.00    1.54 ^ sum[5] (out)
                                  1.54   data arrival time

                  0.00    3.50    3.50   clock clk (rise edge)
                          0.00    3.50   clock network delay (ideal)
                         -0.25    3.25   clock uncertainty
                          0.00    3.25   clock reconvergence pessimism
                          0.00    3.25   output external delay
                                  3.25   data required time
-----------------------------------------------------------------------------
                                  3.25   data required time
                                 -1.54   data arrival time
-----------------------------------------------------------------------------
                                  1.71   slack (MET)


